
Allocating common symbols
Common symbol       size              file

netbufpool          0x4               binaries/net.o
readylist           0x2               binaries/ready.o
rfltab              0x5a0             binaries/rflinit.o
netportseed         0x8               binaries/net.o
sleepq              0x2               binaries/clkinit.o
nnames              0x4               binaries/naminit.o
udptab              0x168             binaries/udp.o
minheap             0x4               binaries/meminit.o
marks               0x50              binaries/mark.o
currpid             0x4               binaries/initialize.o
Lf_data             0x20c             binaries/lfsinit.o
porttab             0x2d0             binaries/ptinit.o
girmask             0x2               binaries/evec.o
ttytab              0x110             binaries/ttyinit.o
active_lock_list    0x50              binaries/active_lock.o
proctab             0x1900            binaries/initialize.o
prcount             0x4               binaries/initialize.o
lfltab              0xf00             binaries/lflinit.o
pi_lock_list        0x50              binaries/active_lock.o
rdstab              0x8c              binaries/rdsinit.o
ethertab            0x130             binaries/ethinit.o
NetData             0xb0              binaries/net.o
nmarks              0x4               binaries/mark.o
initsp              0x4               binaries/i386.o
Defer               0x8               binaries/resched.o
semtab              0x4b0             binaries/initialize.o
maxheap             0x4               binaries/meminit.o
preempt             0x4               binaries/clkinit.o
buftab              0xf0              binaries/bufinit.o
Rf_data             0x18              binaries/rfsinit.o
mkmutex             0x4               binaries/mark.o
clktime             0x4               binaries/clkinit.o
arpcache            0x140             binaries/arp.o
icmptab             0x230             binaries/icmp.o
nbpools             0x4               binaries/bufinit.o
queuetab            0xac0             binaries/queue.o
ptnextid            0x4               binaries/ptinit.o
Ram                 0x19000           binaries/raminit.o
ipoqueue            0x2c              binaries/ip.o
memlist             0x8               binaries/initialize.o
nametab             0x19a0            binaries/naminit.o
ptfree              0x4               binaries/ptinit.o

Memory Configuration

Name             Origin             Length             Attributes
*default*        0x0000000000000000 0xffffffffffffffff

Linker script and memory map

                0x0000000000100000                physbase = 0x100000
                0x0000000000100000                . = physbase
                0x0000000000100000                . = ALIGN (0x1000)

.text           0x0000000000100000    0x1b000
                0x0000000000100000                text = ABSOLUTE (.)
 *(.text .text.*)
 .text          0x0000000000100000      0x165 binaries/start.o
                0x0000000000100020                entry
                0x000000000010003d                start
                0x00000000001000a5                inb
                0x00000000001000ad                inw
                0x00000000001000b6                inl
                0x00000000001000be                outb
                0x00000000001000c8                outw
                0x00000000001000d3                outl
                0x00000000001000dd                _rtcin
                0x00000000001000e8                ___udivsi3
                0x00000000001000f3                ___divsi3
                0x00000000001000ff                sbzero
                0x000000000010010f                bcopy
                0x0000000000100123                insw
                0x0000000000100139                outsw
                0x000000000010014f                lidt
                0x0000000000100157                jumptocode
                0x000000000010015e                jumptobootcode
 .text          0x0000000000100165      0x49d binaries/active_lock.o
                0x0000000000100165                detect_deadlock
                0x00000000001001e3                print_deadlock
                0x0000000000100374                al_initlock
                0x00000000001003cc                al_lock
                0x0000000000100447                al_unlock
                0x00000000001004c7                al_set_park
                0x00000000001004d3                al_park
                0x000000000010056c                al_unpark
                0x00000000001005ae                al_trylock
 .text          0x0000000000100602      0x3e3 binaries/ascdate.o
                0x0000000000100602                ascdate
 .text          0x00000000001009e5       0x14 binaries/bufinit.o
                0x00000000001009e5                bufinit
 .text          0x00000000001009f9       0x7f binaries/chprio.o
                0x00000000001009f9                chprio
 .text          0x0000000000100a78       0xdb binaries/clkhandler.o
                0x0000000000100a78                clkhandler
 .text          0x0000000000100b53       0x88 binaries/clkinit.o
                0x0000000000100b53                clkinit
 .text          0x0000000000100bdb       0x75 binaries/close.o
                0x0000000000100bdb                close
 .text          0x0000000000100c50        0x0 binaries/conf.o
 .text          0x0000000000100c50       0x7b binaries/control.o
                0x0000000000100c50                control
 .text          0x0000000000100ccb      0x2b5 binaries/create.o
                0x0000000000100ccb                create
 .text          0x0000000000100f80      0x347 binaries/evec.o
                0x0000000000100f80                initevec
                0x0000000000100fd7                set_evec
                0x0000000000101079                trap
 .text          0x00000000001012c7       0x19 binaries/exit.o
                0x00000000001012c7                exit
 .text          0x00000000001012e0       0x8c binaries/freebuf.o
                0x00000000001012e0                freebuf
 .text          0x000000000010136c      0x172 binaries/freemem.o
                0x000000000010136c                freemem
 .text          0x00000000001014de       0x8a binaries/getbuf.o
                0x00000000001014de                getbuf
 .text          0x0000000000101568       0x75 binaries/getc.o
                0x0000000000101568                getc
 .text          0x00000000001015dd       0x74 binaries/getdev.o
                0x00000000001015dd                getdev
 .text          0x0000000000101651       0xd0 binaries/getitem.o
                0x0000000000101651                getfirst
                0x0000000000101696                getlast
                0x00000000001016dd                getitem
 .text          0x0000000000101721      0x10a binaries/getmem.o
                0x0000000000101721                getmem
 .text          0x000000000010182b        0xa binaries/getpid.o
                0x000000000010182b                getpid
 .text          0x0000000000101835       0x67 binaries/getprio.o
                0x0000000000101835                getprio
 .text          0x000000000010189c       0xfb binaries/getstk.o
                0x000000000010189c                getstk
 .text          0x0000000000101997       0x16 binaries/getticks.o
                0x0000000000101997                getticks
 .text          0x00000000001019ad       0x3a binaries/gettime.o
                0x00000000001019ad                gettime
 .text          0x00000000001019e7      0x1d2 binaries/getutime.o
                0x00000000001019e7                getutime
 .text          0x0000000000101bb9      0x3c5 binaries/i386.o
                0x0000000000101bb9                setsegs
                0x0000000000101ccb                init8259
                0x0000000000101d7d                pseg
                0x0000000000101f25                setirmask
 .text          0x0000000000101f7e       0x75 binaries/init.o
                0x0000000000101f7e                init
 .text          0x0000000000101ff3      0x3fe binaries/initialize.o
                0x0000000000101ff3                nulluser
                0x0000000000102398                stop
                0x00000000001023c3                delay
 .text          0x00000000001023f1       0xd3 binaries/insert.o
                0x00000000001023f1                insert
 .text          0x00000000001024c4      0x105 binaries/insertd.o
                0x00000000001024c4                insertd
 .text          0x00000000001025c9        0xa binaries/ioerr.o
                0x00000000001025c9                ioerr
 .text          0x00000000001025d3        0xa binaries/ionull.o
                0x00000000001025d3                ionull
 .text          0x00000000001025dd      0x19b binaries/kill.o
                0x00000000001025dd                kill
 .text          0x0000000000102778      0x14e binaries/kprintf.o
                0x0000000000102778                kputc
                0x000000000010280b                kgetc
                0x000000000010289c                kprintf
 .text          0x00000000001028c6      0x1ad binaries/lock.o
                0x00000000001028c6                initlock
                0x0000000000102912                lock
                0x000000000010297a                unlock
                0x00000000001029e9                set_park
                0x00000000001029f5                park
                0x0000000000102a56                unpark
 .text          0x0000000000102a73      0x44e binaries/main.o
                0x0000000000102a73                sync_printf
                0x0000000000102b23                do_something_1
                0x0000000000102ba0                do_something_2
                0x0000000000102c0d                do_something_3
                0x0000000000102c7a                do_something_4
                0x0000000000102ce7                do_something_5
                0x0000000000102d54                main
 .text          0x0000000000102ec1       0xb5 binaries/mark.o
                0x0000000000102ec1                markinit
                0x0000000000102ee5                mark
 .text          0x0000000000102f76       0xcc binaries/meminit.o
                0x0000000000102f76                meminit
 .text          0x0000000000103042      0x174 binaries/mkbufpool.o
                0x0000000000103042                mkbufpool
 .text          0x00000000001031b6       0x94 binaries/newqueue.o
                0x00000000001031b6                newqueue
 .text          0x000000000010324a       0x7b binaries/open.o
                0x000000000010324a                open
 .text          0x00000000001032c5       0x20 binaries/panic.o
                0x00000000001032c5                panic
 .text          0x00000000001032e5      0x489 binaries/pci.o
                0x00000000001032e5                pci_init
                0x00000000001035a2                find_pci_device
                0x00000000001035f0                pci_bios_read_config_byte
                0x000000000010362f                pci_bios_read_config_word
                0x0000000000103671                pci_bios_read_config_dword
                0x00000000001036b0                pci_bios_write_config_byte
                0x00000000001036f1                pci_bios_write_config_word
                0x0000000000103733                pci_bios_write_config_dword
 .text          0x000000000010376e      0x467 binaries/pi_lock.o
                0x000000000010376e                priority_inheritance
                0x0000000000103804                recalculate_highest_priority
                0x0000000000103891                restore_priority
                0x00000000001038e0                pi_initlock
                0x000000000010394a                pi_lock
                0x00000000001039f5                pi_unlock
                0x0000000000103a80                pi_set_park
                0x0000000000103a8c                pi_park
                0x0000000000103b4b                pi_unpark
 .text          0x0000000000103bd5       0xf1 binaries/ptclear.o
                0x0000000000103bd5                _ptclear
 .text          0x0000000000103cc6       0x9d binaries/ptcount.o
                0x0000000000103cc6                ptcount
 .text          0x0000000000103d63      0x116 binaries/ptcreate.o
                0x0000000000103d63                ptcreate
 .text          0x0000000000103e79       0x7f binaries/ptdelete.o
                0x0000000000103e79                ptdelete
 .text          0x0000000000103ef8       0xbf binaries/ptinit.o
                0x0000000000103ef8                ptinit
 .text          0x0000000000103fb7      0x11b binaries/ptrecv.o
                0x0000000000103fb7                ptrecv
 .text          0x00000000001040d2       0x77 binaries/ptreset.o
                0x00000000001040d2                ptreset
 .text          0x0000000000104149      0x13d binaries/ptsend.o
                0x0000000000104149                ptsend
 .text          0x0000000000104286       0x80 binaries/putc.o
                0x0000000000104286                putc
 .text          0x0000000000104306      0x106 binaries/queue.o
                0x0000000000104306                enqueue
                0x000000000010439f                dequeue
 .text          0x000000000010440c       0x7b binaries/read.o
                0x000000000010440c                read
 .text          0x0000000000104487       0x6a binaries/ready.o
                0x0000000000104487                ready
 .text          0x00000000001044f1       0x58 binaries/receive.o
                0x00000000001044f1                receive
 .text          0x0000000000104549       0x54 binaries/recvclr.o
                0x0000000000104549                recvclr
 .text          0x000000000010459d       0xb3 binaries/recvtime.o
                0x000000000010459d                recvtime
 .text          0x0000000000104650      0x160 binaries/resched.o
                0x0000000000104650                resched
                0x000000000010473b                resched_cntl
 .text          0x00000000001047b0       0x9c binaries/resume.o
                0x00000000001047b0                resume
 .text          0x000000000010484c       0x79 binaries/seek.o
                0x000000000010484c                seek
 .text          0x00000000001048c5       0x70 binaries/semcount.o
                0x00000000001048c5                semcount
 .text          0x0000000000104935       0xd6 binaries/semcreate.o
                0x0000000000104935                semcreate
 .text          0x0000000000104a0b       0xcd binaries/semdelete.o
                0x0000000000104a0b                semdelete
 .text          0x0000000000104ad8       0xcb binaries/semreset.o
                0x0000000000104ad8                semreset
 .text          0x0000000000104ba3       0xec binaries/send.o
                0x0000000000104ba3                send
 .text          0x0000000000104c8f       0xa8 binaries/signal.o
                0x0000000000104c8f                signal
 .text          0x0000000000104d37       0xd6 binaries/signaln.o
                0x0000000000104d37                signaln
 .text          0x0000000000104e0d       0xdf binaries/sleep.o
                0x0000000000104e0d                sleep
                0x0000000000104e5b                sleepms
 .text          0x0000000000104eec       0x65 binaries/spinlock.o
                0x0000000000104eec                sl_initlock
                0x0000000000104f1b                sl_lock
                0x0000000000104f3e                sl_unlock
 .text          0x0000000000104f51      0x17d binaries/stacktrace.o
                0x0000000000104f51                stacktrace
 .text          0x00000000001050ce       0xd2 binaries/suspend.o
                0x00000000001050ce                suspend
 .text          0x00000000001051a0       0xd4 binaries/unsleep.o
                0x00000000001051a0                unsleep
 .text          0x0000000000105274       0x19 binaries/userret.o
                0x0000000000105274                userret
 .text          0x000000000010528d       0xd3 binaries/wait.o
                0x000000000010528d                wait
 .text          0x0000000000105360       0x72 binaries/wakeup.o
                0x0000000000105360                wakeup
 .text          0x00000000001053d2       0x7b binaries/write.o
                0x00000000001053d2                write
 .text          0x000000000010544d       0x1d binaries/xdone.o
                0x000000000010544d                xdone
 .text          0x000000000010546a       0x28 binaries/yield.o
                0x000000000010546a                yield
 .text          0x0000000000105492       0x11 binaries/abs.o
                0x0000000000105492                abs
 .text          0x00000000001054a3       0x8f binaries/atoi.o
                0x00000000001054a3                atoi
 .text          0x0000000000105532       0x8f binaries/atol.o
                0x0000000000105532                atol
 .text          0x00000000001055c1       0x31 binaries/bzero.o
                0x00000000001055c1                bzero
 .text          0x00000000001055f2        0x0 binaries/ctype_.o
 .text          0x00000000001055f2      0x8ed binaries/doprnt.o
                0x00000000001055f2                _doprnt
 .text          0x0000000000105edf      0x65c binaries/doscan.o
                0x0000000000105edf                _doscan
 .text          0x000000000010653b      0x711 binaries/fdoprnt.o
                0x000000000010653b                _fdoprnt
 .text          0x0000000000106c4c       0x29 binaries/fgetc.o
                0x0000000000106c4c                fgetc
 .text          0x0000000000106c75       0x75 binaries/fgets.o
                0x0000000000106c75                fgets
 .text          0x0000000000106cea       0x2a binaries/fprintf.o
                0x0000000000106cea                fprintf
 .text          0x0000000000106d14       0x2c binaries/fputc.o
                0x0000000000106d14                fputc
 .text          0x0000000000106d40       0x43 binaries/fputs.o
                0x0000000000106d40                fputs
 .text          0x0000000000106d83       0x8a binaries/fscanf.o
                0x0000000000106d83                fscanf
 .text          0x0000000000106e0d       0x29 binaries/getchar.o
                0x0000000000106e0d                getchar
 .text          0x0000000000106e36       0x11 binaries/labs.o
                0x0000000000106e36                labs
 .text          0x0000000000106e47        0x0 binaries/memchr.o
 .text          0x0000000000106e47       0x51 binaries/memcmp.o
                0x0000000000106e47                memcmp
 .text          0x0000000000106e98       0x3f binaries/memcpy.o
                0x0000000000106e98                memcpy
 .text          0x0000000000106ed7       0x30 binaries/memset.o
                0x0000000000106ed7                memset
 .text          0x0000000000106f07       0x3f binaries/printf.o
                0x0000000000106f07                printf
 .text          0x0000000000106f46       0x2c binaries/putchar.o
                0x0000000000106f46                putchar
 .text          0x0000000000106f72      0x27e binaries/qsort.o
                0x0000000000106f72                qsort
 .text          0x00000000001071f0       0x63 binaries/rand.o
                0x00000000001071f0                rand
                0x0000000000107208                rand_r
                0x0000000000107246                srand
 .text          0x0000000000107253       0x66 binaries/sprintf.o
                0x0000000000107253                sprintf
 .text          0x00000000001072b9       0x70 binaries/sscanf.o
                0x00000000001072b9                sscanf
 .text          0x0000000000107329       0x3c binaries/strchr.o
                0x0000000000107329                strchr
 .text          0x0000000000107365       0x45 binaries/strcmp.o
                0x0000000000107365                strcmp
 .text          0x00000000001073aa       0x27 binaries/strcpy.o
                0x00000000001073aa                strcpy
 .text          0x00000000001073d1       0x26 binaries/strlen.o
                0x00000000001073d1                strlen
 .text          0x00000000001073f7       0x56 binaries/strncat.o
                0x00000000001073f7                strncat
 .text          0x000000000010744d       0x5f binaries/strncmp.o
                0x000000000010744d                strncmp
 .text          0x00000000001074ac       0x4f binaries/strncpy.o
                0x00000000001074ac                strncpy
 .text          0x00000000001074fb       0x2e binaries/strnlen.o
                0x00000000001074fb                strnlen
 .text          0x0000000000107529       0x45 binaries/strrchr.o
                0x0000000000107529                strrchr
 .text          0x000000000010756e       0x6d binaries/strstr.o
                0x000000000010756e                strstr
 .text          0x00000000001075db       0xe4 binaries/ttycontrol.o
                0x00000000001075db                ttycontrol
 .text          0x00000000001076bf       0x97 binaries/ttygetc.o
                0x00000000001076bf                ttygetc
 .text          0x0000000000107756      0x6ee binaries/ttyhandle_in.o
                0x0000000000107756                ttyhandle_in
 .text          0x0000000000107e44      0x1ae binaries/ttyhandle_out.o
                0x0000000000107e44                ttyhandle_out
 .text          0x0000000000107ff2       0xce binaries/ttyhandler.o
                0x0000000000107ff2                ttyhandler
 .text          0x00000000001080c0      0x22f binaries/ttyinit.o
                0x00000000001080c0                ttyinit
 .text          0x00000000001082ef       0x1b binaries/ttykickout.o
                0x00000000001082ef                ttykickout
 .text          0x000000000010830a       0xb7 binaries/ttyputc.o
                0x000000000010830a                ttyputc
 .text          0x00000000001083c1      0x11b binaries/ttyread.o
                0x00000000001083c1                ttyread
 .text          0x00000000001084dc       0x4f binaries/ttywrite.o
                0x00000000001084dc                ttywrite
 .text          0x000000000010852b      0x14b binaries/mount.o
                0x000000000010852b                mount
                0x0000000000108640                namlen
 .text          0x0000000000108676      0x1ea binaries/naminit.o
                0x0000000000108676                naminit
 .text          0x0000000000108860      0x211 binaries/nammap.o
                0x0000000000108860                nammap
                0x00000000001088eb                namrepl
                0x0000000000108a21                namcpy
 .text          0x0000000000108a71       0x4e binaries/namopen.o
                0x0000000000108a71                namopen
 .text          0x0000000000108abf      0xec3 binaries/82545EMInit.o
                0x0000000000108b1d                _82545EMInit
                0x00000000001097ee                _82545EM_read_phy_reg
                0x00000000001098b4                _82545EM_write_phy_reg
 .text          0x0000000000109982      0x241 binaries/ethcontrol.o
                0x00000000001099e0                ethcontrol
                0x0000000000109b56                ethIrqDisable
                0x0000000000109b8b                ethIrqEnable
 .text          0x0000000000109bc3      0x252 binaries/ethhandler.o
                0x0000000000109d33                ethhandler
 .text          0x0000000000109e15      0x126 binaries/ethinit.o
                0x0000000000109e15                ethinit
 .text          0x0000000000109f3b      0x1f4 binaries/ethread.o
                0x0000000000109f99                ethread
 .text          0x000000000010a12f      0x19f binaries/ethwrite.o
                0x000000000010a18d                ethwrite
 .text          0x000000000010a2ce       0x9e binaries/rdsbufalloc.o
                0x000000000010a2ce                rdsbufalloc
 .text          0x000000000010a36c       0xcc binaries/rdsclose.o
                0x000000000010a36c                rdsclose
 .text          0x000000000010a438      0x2e8 binaries/rdscomm.o
                0x000000000010a438                rdscomm
 .text          0x000000000010a720      0x233 binaries/rdscontrol.o
                0x000000000010a720                rdscontrol
 .text          0x000000000010a953      0x1f3 binaries/rdsinit.o
                0x000000000010a953                rdsinit
 .text          0x000000000010ab46      0x19b binaries/rdsopen.o
                0x000000000010ab46                rdsopen
 .text          0x000000000010ace1      0x461 binaries/rdsprocess.o
                0x000000000010ace1                rdsprocess
 .text          0x000000000010b142      0x259 binaries/rdsread.o
                0x000000000010b142                rdsread
 .text          0x000000000010b39b      0x1fe binaries/rdswrite.o
                0x000000000010b39b                rdswrite
 .text          0x000000000010b599        0xa binaries/ramclose.o
                0x000000000010b599                ramclose
 .text          0x000000000010b5a3       0x3e binaries/raminit.o
                0x000000000010b5a3                raminit
 .text          0x000000000010b5e1        0xa binaries/ramopen.o
                0x000000000010b5e1                ramopen
 .text          0x000000000010b5eb       0x32 binaries/ramread.o
                0x000000000010b5eb                ramread
 .text          0x000000000010b61d       0x32 binaries/ramwrite.o
                0x000000000010b61d                ramwrite
 .text          0x000000000010b64f       0x98 binaries/lfdballoc.o
                0x000000000010b64f                lfdballoc
 .text          0x000000000010b6e7       0x58 binaries/lfdbfree.o
                0x000000000010b6e7                lfdbfree
 .text          0x000000000010b73f       0xb6 binaries/lfflush.o
                0x000000000010b73f                lfflush
 .text          0x000000000010b7f5       0xd8 binaries/lfgetmode.o
                0x000000000010b7f5                lfgetmode
 .text          0x000000000010b8cd       0x68 binaries/lfiballoc.o
                0x000000000010b8cd                lfiballoc
 .text          0x000000000010b935       0x3b binaries/lfibclear.o
                0x000000000010b935                lfibclear
 .text          0x000000000010b970       0xad binaries/lfibget.o
                0x000000000010b970                lfibget
 .text          0x000000000010ba1d       0xdc binaries/lfibput.o
                0x000000000010ba1d                lfibput
 .text          0x000000000010baf9       0xa2 binaries/lflclose.o
                0x000000000010baf9                lflclose
 .text          0x000000000010bb9b       0xd0 binaries/lflcontrol.o
                0x000000000010bb9b                lflcontrol
 .text          0x000000000010bc6b       0xf2 binaries/lflgetc.o
                0x000000000010bc6b                lflgetc
 .text          0x000000000010bd5d       0xf1 binaries/lflinit.o
                0x000000000010bd5d                lflinit
 .text          0x000000000010be4e      0x122 binaries/lflputc.o
                0x000000000010be4e                lflputc
 .text          0x000000000010bf70       0x70 binaries/lflread.o
                0x000000000010bf70                lflread
 .text          0x000000000010bfe0       0xac binaries/lflseek.o
                0x000000000010bfe0                lflseek
 .text          0x000000000010c08c       0x55 binaries/lflwrite.o
                0x000000000010c08c                lflwrite
 .text          0x000000000010c0e1       0x62 binaries/lfscheck.o
                0x000000000010c0e1                lfscheck
 .text          0x000000000010c143      0x175 binaries/lfsckfmt.o
                0x000000000010c143                lfsckfmt
 .text          0x000000000010c2b8      0x1ad binaries/lfscreate.o
                0x000000000010c2b8                lfscreate
 .text          0x000000000010c465      0x278 binaries/lfsetup.o
                0x000000000010c465                lfsetup
 .text          0x000000000010c6dd       0x51 binaries/lfsinit.o
                0x000000000010c6dd                lfsinit
 .text          0x000000000010c72e      0x3c0 binaries/lfsopen.o
                0x000000000010c72e                lfsopen
 .text          0x000000000010caee      0x15e binaries/lftruncate.o
                0x000000000010caee                lftruncate
 .text          0x000000000010cc4c       0x71 binaries/rflclose.o
                0x000000000010cc4c                rflclose
 .text          0x000000000010ccbd       0x32 binaries/rflgetc.o
                0x000000000010ccbd                rflgetc
 .text          0x000000000010ccef       0x76 binaries/rflinit.o
                0x000000000010ccef                rflinit
 .text          0x000000000010cd65       0x33 binaries/rflputc.o
                0x000000000010cd65                rflputc
 .text          0x000000000010cd98      0x360 binaries/rflread.o
                0x000000000010cd98                rflread
 .text          0x000000000010d0f8       0x74 binaries/rflseek.o
                0x000000000010d0f8                rflseek
 .text          0x000000000010d16c      0x34d binaries/rflwrite.o
                0x000000000010d16c                rflwrite
 .text          0x000000000010d4b9      0x1e2 binaries/rfscomm.o
                0x000000000010d4b9                rfscomm
 .text          0x000000000010d69b      0x26d binaries/rfscontrol.o
                0x000000000010d69b                rfscontrol
 .text          0x000000000010d908       0xd8 binaries/rfsgetmode.o
                0x000000000010d908                rfsgetmode
 .text          0x000000000010d9e0       0x86 binaries/rfsinit.o
                0x000000000010d9e0                rfsinit
 .text          0x000000000010da66      0x111 binaries/rfsndmsg.o
                0x000000000010da66                rfsndmsg
 .text          0x000000000010db77      0x2aa binaries/rfsopen.o
                0x000000000010db77                rfsopen
 .text          0x000000000010de21      0x836 binaries/arp.o
                0x000000000010de21                arp_init
                0x000000000010de53                arp_resolve
                0x000000000010e107                arp_in
                0x000000000010e3bf                arp_alloc
                0x000000000010e47f                arp_ntoh
                0x000000000010e56b                arp_hton
 .text          0x000000000010e657      0x8e3 binaries/dhcp.o
                0x000000000010e657                dhcp_get_opt_val
                0x000000000010e6b0                dhcp_bld_bootp_msg
                0x000000000010e7bd                dhcp_bld_disc
                0x000000000010e8a6                dhcp_bld_req
                0x000000000010ea18                getlocalip
 .text          0x000000000010ef3a      0x59f binaries/dns.o
                0x000000000010ef3a                dnslookup
 .text          0x000000000010f4d9       0xe8 binaries/dot2ip.o
                0x000000000010f4d9                dot2ip
 .text          0x000000000010f5c1      0x4c4 binaries/hexdump.o
                0x000000000010f5c1                hexdump
                0x000000000010f768                hexadump
 .text          0x000000000010fa85      0x8af binaries/icmp.o
                0x000000000010fa85                icmp_init
                0x000000000010fabc                icmp_in
                0x000000000010fc92                icmp_register
                0x000000000010fd8d                icmp_recv
                0x000000000010ff19                icmp_send
                0x000000000010ffa1                icmp_mkpkt
                0x00000000001100bb                icmp_release
                0x00000000001101b9                icmp_cksum
                0x000000000011024c                icmp_hton
                0x00000000001102c0                icmp_ntoh
 .text          0x0000000000110334      0x8a5 binaries/ip.o
                0x0000000000110334                ip_in
                0x00000000001104b8                ip_send
                0x0000000000110613                ip_local
                0x000000000011065f                ip_out
                0x0000000000110798                ipcksum
                0x000000000011081e                ip_ntoh
                0x000000000011090a                ip_hton
                0x00000000001109f6                ipout
                0x0000000000110b25                ip_enqueue
 .text          0x0000000000110bd9      0x2cd binaries/net.o
                0x0000000000110bd9                net_init
                0x0000000000110d01                netin
                0x0000000000110dbe                eth_hton
                0x0000000000110de8                eth_ntoh
                0x0000000000110e12                getport
 .text          0x0000000000110ea6     0x147f binaries/pdump.o
                0x0000000000110ea6                pdump
                0x0000000000111c63                pdumph
 .text          0x0000000000112325      0x613 binaries/tftp.o
                0x0000000000112325                tftp_send1
                0x000000000011249d                tftpget
                0x00000000001124cf                tftpget_mb
 .text          0x0000000000112938      0xb82 binaries/udp.o
                0x0000000000112938                udp_init
                0x000000000011296d                udp_in
                0x0000000000112aaf                udp_register
                0x0000000000112bec                udp_recv
                0x0000000000112d88                udp_recvaddr
                0x0000000000112f3c                udp_send
                0x0000000000113124                udp_sendto
                0x00000000001132d5                udp_release
                0x00000000001133d0                udp_ntoh
                0x0000000000113445                udp_hton
 .text          0x00000000001134ba      0x131 binaries/addargs.o
                0x00000000001134ba                addargs
 .text          0x00000000001135eb      0x2c9 binaries/lexan.o
                0x00000000001135eb                lexan
 .text          0x00000000001138b4      0x653 binaries/shell.o
                0x00000000001138b4                shell
 .text          0x0000000000113f07       0x69 binaries/xsh_argecho.o
                0x0000000000113f07                xsh_argecho
 .text          0x0000000000113f70      0x275 binaries/xsh_arp.o
                0x0000000000113f70                xsh_arp
 .text          0x00000000001141e5      0x23f binaries/xsh_cat.o
                0x00000000001141e5                xsh_cat
 .text          0x0000000000114424       0x56 binaries/xsh_clear.o
                0x0000000000114424                xsh_clear
 .text          0x000000000011447a      0x2cf binaries/xsh_date.o
                0x000000000011447a                xsh_date
 .text          0x0000000000114749       0xa6 binaries/xsh_devdump.o
                0x0000000000114749                xsh_devdump
 .text          0x00000000001147ef       0x72 binaries/xsh_echo.o
                0x00000000001147ef                xsh_echo
 .text          0x0000000000114861        0xa binaries/xsh_exit.o
                0x0000000000114861                xsh_exit
 .text          0x000000000011486b      0x379 binaries/xsh_help.o
                0x000000000011486b                xsh_help
 .text          0x0000000000114be4      0x221 binaries/xsh_kill.o
                0x0000000000114be4                xsh_kill
 .text          0x0000000000114e05      0x515 binaries/xsh_memdump.o
                0x0000000000114e05                xsh_memdump
 .text          0x000000000011531a      0x286 binaries/xsh_memstat.o
                0x000000000011531a                xsh_memstat
 .text          0x00000000001155a0      0x4ed binaries/xsh_netinfo.o
                0x00000000001155a0                xsh_netinfo
 .text          0x0000000000115a8d      0x447 binaries/xsh_ping.o
                0x0000000000115a8d                xsh_ping
 .text          0x0000000000115ed4      0x27e binaries/xsh_ps.o
                0x0000000000115ed4                xsh_ps
 .text          0x0000000000116152      0x1fd binaries/xsh_sleep.o
                0x0000000000116152                xsh_sleep
 .text          0x000000000011634f      0x26a binaries/xsh_udpdump.o
                0x000000000011634f                xsh_udpdump
 .text          0x00000000001165b9      0x46f binaries/xsh_udpecho.o
                0x00000000001165b9                xsh_udpecho
 .text          0x0000000000116a28      0x27c binaries/xsh_udpserver.o
                0x0000000000116a28                xsh_udpeserver
 .text          0x0000000000116ca4      0x1e3 binaries/xsh_uptime.o
                0x0000000000116ca4                xsh_uptime
 .text          0x0000000000116e87        0xe binaries/clkdisp.o
                0x0000000000116e87                clkdisp
 .text          0x0000000000116e95       0x19 binaries/ctxsw.o
                0x0000000000116e95                ctxsw
 .text          0x0000000000116eae      0x36b binaries/intr.o
                0x0000000000116eae                disable
                0x0000000000116eb7                restore
                0x0000000000116ec5                enable
                0x0000000000116ec7                pause
                0x0000000000116ece                halt
                0x0000000000116ed4                spurious_irq7
                0x0000000000116ed9                spurious_irq15
                0x0000000000116ee8                _Xint0
                0x0000000000116ef3                _Xint1
                0x0000000000116efe                _Xint2
                0x0000000000116f09                _Xint3
                0x0000000000116f14                _Xint4
                0x0000000000116f1f                _Xint5
                0x0000000000116f2a                _Xint6
                0x0000000000116f35                _Xint7
                0x0000000000116f40                _Xint8
                0x0000000000116f4b                _Xint9
                0x0000000000116f56                _Xint10
                0x0000000000116f61                _Xint11
                0x0000000000116f6f                _Xint12
                0x0000000000116f7d                _Xint13
                0x0000000000116f8b                _Xint14
                0x0000000000116f99                _Xint15
                0x0000000000116fa7                _Xint16
                0x0000000000116fb5                _Xint17
                0x0000000000116fc3                _Xint18
                0x0000000000116fd1                _Xint19
                0x0000000000116fdf                _Xint20
                0x0000000000116fed                _Xint21
                0x0000000000116ffb                _Xint22
                0x0000000000117009                _Xint23
                0x0000000000117017                _Xint24
                0x0000000000117025                _Xint25
                0x0000000000117033                _Xint26
                0x0000000000117041                _Xint27
                0x000000000011704f                _Xint28
                0x000000000011705d                _Xint29
                0x000000000011706b                _Xint30
                0x0000000000117079                _Xint31
                0x0000000000117087                _Xint32
                0x0000000000117095                _Xint33
                0x00000000001170a3                _Xint34
                0x00000000001170b1                _Xint35
                0x00000000001170bf                _Xint36
                0x00000000001170cd                _Xint37
                0x00000000001170db                _Xint38
                0x00000000001170e9                _Xint39
                0x00000000001170f7                _Xint40
                0x0000000000117105                _Xint41
                0x0000000000117113                _Xint42
                0x0000000000117121                _Xint43
                0x000000000011712f                _Xint44
                0x000000000011713d                _Xint45
                0x000000000011714b                _Xint46
                0x0000000000117159                defevec
 .text          0x0000000000117219        0xe binaries/testandset.o
                0x0000000000117219                test_and_set
 .text          0x0000000000117227        0xf binaries/ttydispatch.o
                0x0000000000117227                ttydispatch
 .text          0x0000000000117236       0x13 binaries/ethdispatch.o
                0x0000000000117236                ethdispatch
 *(.rodata .rodata.*)
 .rodata        0x0000000000117249       0x17 binaries/active_lock.o
 .rodata        0x0000000000117260       0x8e binaries/ascdate.o
 .rodata        0x00000000001172ee       0xae binaries/conf.o
 .rodata        0x000000000011739c      0x22f binaries/evec.o
 *fill*         0x00000000001175cb        0x1 
 .rodata        0x00000000001175cc       0x61 binaries/getutime.o
 *fill*         0x000000000011762d        0x3 
 .rodata        0x0000000000117630       0x90 binaries/i386.o
 .rodata        0x00000000001176c0      0x180 binaries/initialize.o
 .rodata        0x0000000000117840       0x2c binaries/kill.o
 .rodata        0x000000000011786c       0x6e binaries/main.o
 .rodata        0x00000000001178da        0xf binaries/panic.o
 *fill*         0x00000000001178e9        0x3 
 .rodata        0x00000000001178ec      0x1ec binaries/pci.o
 .rodata        0x0000000000117ad8       0x1d binaries/ptinit.o
 *fill*         0x0000000000117af5        0x3 
 .rodata        0x0000000000117af8       0x25 binaries/ptsend.o
 .rodata        0x0000000000117b1d       0x1c binaries/send.o
 *fill*         0x0000000000117b39        0x3 
 .rodata        0x0000000000117b3c       0xb7 binaries/stacktrace.o
 *fill*         0x0000000000117bf3        0x1 
 .rodata        0x0000000000117bf4       0x27 binaries/xdone.o
 *fill*         0x0000000000117c1b        0x5 
 .rodata        0x0000000000117c20       0x81 binaries/ctype_.o
                0x0000000000117c20                _ctype_
 *fill*         0x0000000000117ca1        0x3 
 .rodata        0x0000000000117ca4       0xee binaries/doprnt.o
 *fill*         0x0000000000117d92        0x2 
 .rodata        0x0000000000117d94       0x98 binaries/doscan.o
 .rodata        0x0000000000117e2c       0xae binaries/fdoprnt.o
 *fill*         0x0000000000117eda        0x2 
 .rodata        0x0000000000117edc       0x20 binaries/ttycontrol.o
 .rodata        0x0000000000117efc       0x34 binaries/ttyhandler.o
 .rodata        0x0000000000117f30       0x80 binaries/naminit.o
 .rodata        0x0000000000117fb0       0x2e binaries/82545EMInit.o
 *fill*         0x0000000000117fde        0x2 
 .rodata        0x0000000000117fe0       0x78 binaries/ethinit.o
 .rodata        0x0000000000118058       0x18 binaries/ethread.o
 .rodata        0x0000000000118070       0x2c binaries/rdsbufalloc.o
 .rodata        0x000000000011809c       0x76 binaries/rdscomm.o
 *fill*         0x0000000000118112        0x2 
 .rodata        0x0000000000118114       0x48 binaries/rdscontrol.o
 .rodata        0x000000000011815c       0x96 binaries/rdsinit.o
 *fill*         0x00000000001181f2        0x2 
 .rodata        0x00000000001181f4       0x22 binaries/rdsopen.o
 *fill*         0x0000000000118216        0x2 
 .rodata        0x0000000000118218       0x4d binaries/rdsprocess.o
 .rodata        0x0000000000118265        0x9 binaries/raminit.o
 *fill*         0x000000000011826e        0x2 
 .rodata        0x0000000000118270       0x37 binaries/lfdballoc.o
 .rodata        0x00000000001182a7       0x14 binaries/lfiballoc.o
 *fill*         0x00000000001182bb        0x1 
 .rodata        0x00000000001182bc       0x23 binaries/lflcontrol.o
 *fill*         0x00000000001182df        0x1 
 .rodata        0x00000000001182e0      0x11b binaries/lfsckfmt.o
 *fill*         0x00000000001183fb        0x1 
 .rodata        0x00000000001183fc       0x2a binaries/lfsopen.o
 *fill*         0x0000000000118426        0x2 
 .rodata        0x0000000000118428       0x21 binaries/rflread.o
 *fill*         0x0000000000118449        0x3 
 .rodata        0x000000000011844c       0x21 binaries/rflwrite.o
 *fill*         0x000000000011846d        0x3 
 .rodata        0x0000000000118470       0x75 binaries/rfscomm.o
 *fill*         0x00000000001184e5        0x3 
 .rodata        0x00000000001184e8       0x3c binaries/rfscontrol.o
 .rodata        0x0000000000118524       0x63 binaries/rfsinit.o
 *fill*         0x0000000000118587        0x1 
 .rodata        0x0000000000118588       0x2a binaries/rfsndmsg.o
 *fill*         0x00000000001185b2        0x2 
 .rodata        0x00000000001185b4       0x22 binaries/rfsopen.o
 *fill*         0x00000000001185d6        0x2 
 .rodata        0x00000000001185d8       0x3a binaries/arp.o
 *fill*         0x0000000000118612        0x2 
 .rodata        0x0000000000118614       0xcf binaries/dhcp.o
 .rodata        0x00000000001186e3       0x1a binaries/dns.o
 *fill*         0x00000000001186fd        0x3 
 .rodata        0x0000000000118700       0xc9 binaries/hexdump.o
 *fill*         0x00000000001187c9        0x3 
 .rodata        0x00000000001187cc       0x29 binaries/icmp.o
 *fill*         0x00000000001187f5        0x3 
 .rodata        0x00000000001187f8       0x6e binaries/ip.o
 *fill*         0x0000000000118866        0x2 
 .rodata        0x0000000000118868       0x4f binaries/net.o
 *fill*         0x00000000001188b7        0x1 
 .rodata        0x00000000001188b8      0x26f binaries/pdump.o
 *fill*         0x0000000000118b27        0x1 
 .rodata        0x0000000000118b28      0x154 binaries/tftp.o
 *fill*         0x0000000000118c7c        0x4 
 .rodata        0x0000000000118c80      0x3c1 binaries/shell.o
                0x0000000000118d00                cmdtab
 .rodata        0x0000000000119041       0x28 binaries/xsh_argecho.o
 *fill*         0x0000000000119069        0x3 
 .rodata        0x000000000011906c      0x123 binaries/xsh_arp.o
 *fill*         0x000000000011918f        0x1 
 .rodata        0x0000000000119190       0xc9 binaries/xsh_cat.o
 .rodata        0x0000000000119259       0x19 binaries/xsh_clear.o
 *fill*         0x0000000000119272        0x2 
 .rodata        0x0000000000119274      0x1c3 binaries/xsh_date.o
 .rodata        0x0000000000119437       0x5d binaries/xsh_devdump.o
 .rodata        0x0000000000119494        0x9 binaries/xsh_echo.o
 *fill*         0x000000000011949d        0x3 
 .rodata        0x00000000001194a0      0x169 binaries/xsh_help.o
 *fill*         0x0000000000119609        0x3 
 .rodata        0x000000000011960c      0x12e binaries/xsh_kill.o
 *fill*         0x000000000011973a        0x2 
 .rodata        0x000000000011973c      0x266 binaries/xsh_memdump.o
 *fill*         0x00000000001199a2        0x2 
 .rodata        0x00000000001199a4      0x225 binaries/xsh_memstat.o
 *fill*         0x0000000000119bc9        0x3 
 .rodata        0x0000000000119bcc      0x1b0 binaries/xsh_netinfo.o
 .rodata        0x0000000000119d7c      0x1a1 binaries/xsh_ping.o
 *fill*         0x0000000000119f1d        0x3 
 .rodata        0x0000000000119f20      0x1e0 binaries/xsh_ps.o
 .rodata        0x000000000011a100       0xeb binaries/xsh_sleep.o
 *fill*         0x000000000011a1eb        0x1 
 .rodata        0x000000000011a1ec      0x1b8 binaries/xsh_udpdump.o
 .rodata        0x000000000011a3a4      0x215 binaries/xsh_udpecho.o
 *fill*         0x000000000011a5b9        0x3 
 .rodata        0x000000000011a5bc      0x12b binaries/xsh_udpserver.o
 *fill*         0x000000000011a6e7        0x1 
 .rodata        0x000000000011a6e8      0x105 binaries/xsh_uptime.o
                0x000000000011a7ed                etext = ABSOLUTE (.)
                0x000000000011b000                . = ALIGN (0x1000)
 *fill*         0x000000000011a7ed      0x813 

.eh_frame       0x000000000011b000     0x305c
 .eh_frame      0x000000000011b000      0x138 binaries/active_lock.o
 .eh_frame      0x000000000011b138       0x20 binaries/ascdate.o
                                         0x38 (size before relaxing)
 .eh_frame      0x000000000011b158       0x20 binaries/bufinit.o
                                         0x38 (size before relaxing)
 .eh_frame      0x000000000011b178       0x20 binaries/chprio.o
                                         0x38 (size before relaxing)
 .eh_frame      0x000000000011b198       0x20 binaries/clkhandler.o
                                         0x38 (size before relaxing)
 .eh_frame      0x000000000011b1b8       0x20 binaries/clkinit.o
                                         0x38 (size before relaxing)
 .eh_frame      0x000000000011b1d8       0x20 binaries/close.o
                                         0x38 (size before relaxing)
 .eh_frame      0x000000000011b1f8       0x20 binaries/control.o
                                         0x38 (size before relaxing)
 .eh_frame      0x000000000011b218       0x40 binaries/create.o
                                         0x58 (size before relaxing)
 .eh_frame      0x000000000011b258       0x60 binaries/evec.o
                                         0x78 (size before relaxing)
 .eh_frame      0x000000000011b2b8       0x20 binaries/exit.o
                                         0x38 (size before relaxing)
 .eh_frame      0x000000000011b2d8       0x20 binaries/freebuf.o
                                         0x38 (size before relaxing)
 .eh_frame      0x000000000011b2f8       0x20 binaries/freemem.o
                                         0x38 (size before relaxing)
 .eh_frame      0x000000000011b318       0x20 binaries/getbuf.o
                                         0x38 (size before relaxing)
 .eh_frame      0x000000000011b338       0x20 binaries/getc.o
                                         0x38 (size before relaxing)
 .eh_frame      0x000000000011b358       0x20 binaries/getdev.o
                                         0x38 (size before relaxing)
 .eh_frame      0x000000000011b378       0x60 binaries/getitem.o
                                         0x78 (size before relaxing)
 .eh_frame      0x000000000011b3d8       0x20 binaries/getmem.o
                                         0x38 (size before relaxing)
 .eh_frame      0x000000000011b3f8       0x20 binaries/getpid.o
                                         0x38 (size before relaxing)
 .eh_frame      0x000000000011b418       0x20 binaries/getprio.o
                                         0x38 (size before relaxing)
 .eh_frame      0x000000000011b438       0x20 binaries/getstk.o
                                         0x38 (size before relaxing)
 .eh_frame      0x000000000011b458       0x20 binaries/getticks.o
                                         0x38 (size before relaxing)
 .eh_frame      0x000000000011b478       0x20 binaries/gettime.o
                                         0x38 (size before relaxing)
 .eh_frame      0x000000000011b498       0x20 binaries/getutime.o
                                         0x38 (size before relaxing)
 .eh_frame      0x000000000011b4b8       0x8c binaries/i386.o
                                         0xa4 (size before relaxing)
 .eh_frame      0x000000000011b544       0x20 binaries/init.o
                                         0x38 (size before relaxing)
 .eh_frame      0x000000000011b564       0xa0 binaries/initialize.o
                                         0xb8 (size before relaxing)
 .eh_frame      0x000000000011b604       0x20 binaries/insert.o
                                         0x38 (size before relaxing)
 .eh_frame      0x000000000011b624       0x20 binaries/insertd.o
                                         0x38 (size before relaxing)
 .eh_frame      0x000000000011b644       0x20 binaries/ioerr.o
                                         0x38 (size before relaxing)
 .eh_frame      0x000000000011b664       0x20 binaries/ionull.o
                                         0x38 (size before relaxing)
 .eh_frame      0x000000000011b684       0x20 binaries/kill.o
                                         0x38 (size before relaxing)
 .eh_frame      0x000000000011b6a4       0x60 binaries/kprintf.o
                                         0x78 (size before relaxing)
 .eh_frame      0x000000000011b704       0xc0 binaries/lock.o
                                         0xd8 (size before relaxing)
 .eh_frame      0x000000000011b7c4       0xfc binaries/main.o
                                        0x114 (size before relaxing)
 .eh_frame      0x000000000011b8c0       0x40 binaries/mark.o
                                         0x58 (size before relaxing)
 .eh_frame      0x000000000011b900       0x20 binaries/meminit.o
                                         0x38 (size before relaxing)
 .eh_frame      0x000000000011b920       0x20 binaries/mkbufpool.o
                                         0x38 (size before relaxing)
 .eh_frame      0x000000000011b940       0x20 binaries/newqueue.o
                                         0x38 (size before relaxing)
 .eh_frame      0x000000000011b960       0x20 binaries/open.o
                                         0x38 (size before relaxing)
 .eh_frame      0x000000000011b980       0x1c binaries/panic.o
                                         0x34 (size before relaxing)
 .eh_frame      0x000000000011b99c      0x1c8 binaries/pci.o
                                        0x1e0 (size before relaxing)
 .eh_frame      0x000000000011bb64      0x120 binaries/pi_lock.o
                                        0x138 (size before relaxing)
 .eh_frame      0x000000000011bc84       0x20 binaries/ptclear.o
                                         0x38 (size before relaxing)
 .eh_frame      0x000000000011bca4       0x20 binaries/ptcount.o
                                         0x38 (size before relaxing)
 .eh_frame      0x000000000011bcc4       0x20 binaries/ptcreate.o
                                         0x38 (size before relaxing)
 .eh_frame      0x000000000011bce4       0x20 binaries/ptdelete.o
                                         0x38 (size before relaxing)
 .eh_frame      0x000000000011bd04       0x20 binaries/ptinit.o
                                         0x38 (size before relaxing)
 .eh_frame      0x000000000011bd24       0x20 binaries/ptrecv.o
                                         0x38 (size before relaxing)
 .eh_frame      0x000000000011bd44       0x20 binaries/ptreset.o
                                         0x38 (size before relaxing)
 .eh_frame      0x000000000011bd64       0x20 binaries/ptsend.o
                                         0x38 (size before relaxing)
 .eh_frame      0x000000000011bd84       0x20 binaries/putc.o
                                         0x38 (size before relaxing)
 .eh_frame      0x000000000011bda4       0x40 binaries/queue.o
                                         0x58 (size before relaxing)
 .eh_frame      0x000000000011bde4       0x20 binaries/read.o
                                         0x38 (size before relaxing)
 .eh_frame      0x000000000011be04       0x24 binaries/ready.o
                                         0x3c (size before relaxing)
 .eh_frame      0x000000000011be28       0x20 binaries/receive.o
                                         0x38 (size before relaxing)
 .eh_frame      0x000000000011be48       0x20 binaries/recvclr.o
                                         0x38 (size before relaxing)
 .eh_frame      0x000000000011be68       0x20 binaries/recvtime.o
                                         0x38 (size before relaxing)
 .eh_frame      0x000000000011be88       0x40 binaries/resched.o
                                         0x58 (size before relaxing)
 .eh_frame      0x000000000011bec8       0x20 binaries/resume.o
                                         0x38 (size before relaxing)
 .eh_frame      0x000000000011bee8       0x20 binaries/seek.o
                                         0x38 (size before relaxing)
 .eh_frame      0x000000000011bf08       0x20 binaries/semcount.o
                                         0x38 (size before relaxing)
 .eh_frame      0x000000000011bf28       0x40 binaries/semcreate.o
                                         0x58 (size before relaxing)
 .eh_frame      0x000000000011bf68       0x20 binaries/semdelete.o
                                         0x38 (size before relaxing)
 .eh_frame      0x000000000011bf88       0x20 binaries/semreset.o
                                         0x38 (size before relaxing)
 .eh_frame      0x000000000011bfa8       0x20 binaries/send.o
                                         0x38 (size before relaxing)
 .eh_frame      0x000000000011bfc8       0x20 binaries/signal.o
                                         0x38 (size before relaxing)
 .eh_frame      0x000000000011bfe8       0x20 binaries/signaln.o
                                         0x38 (size before relaxing)
 .eh_frame      0x000000000011c008       0x40 binaries/sleep.o
                                         0x58 (size before relaxing)
 .eh_frame      0x000000000011c048       0x60 binaries/spinlock.o
                                         0x78 (size before relaxing)
 .eh_frame      0x000000000011c0a8       0x20 binaries/stacktrace.o
                                         0x38 (size before relaxing)
 .eh_frame      0x000000000011c0c8       0x20 binaries/suspend.o
                                         0x38 (size before relaxing)
 .eh_frame      0x000000000011c0e8       0x20 binaries/unsleep.o
                                         0x38 (size before relaxing)
 .eh_frame      0x000000000011c108       0x20 binaries/userret.o
                                         0x38 (size before relaxing)
 .eh_frame      0x000000000011c128       0x20 binaries/wait.o
                                         0x38 (size before relaxing)
 .eh_frame      0x000000000011c148       0x20 binaries/wakeup.o
                                         0x38 (size before relaxing)
 .eh_frame      0x000000000011c168       0x20 binaries/write.o
                                         0x38 (size before relaxing)
 .eh_frame      0x000000000011c188       0x20 binaries/xdone.o
                                         0x38 (size before relaxing)
 .eh_frame      0x000000000011c1a8       0x20 binaries/yield.o
                                         0x38 (size before relaxing)
 .eh_frame      0x000000000011c1c8       0x20 binaries/abs.o
                                         0x38 (size before relaxing)
 .eh_frame      0x000000000011c1e8       0x20 binaries/atoi.o
                                         0x38 (size before relaxing)
 .eh_frame      0x000000000011c208       0x20 binaries/atol.o
                                         0x38 (size before relaxing)
 .eh_frame      0x000000000011c228       0x20 binaries/bzero.o
                                         0x38 (size before relaxing)
 .eh_frame      0x000000000011c248       0xe0 binaries/doprnt.o
                                         0xf8 (size before relaxing)
 .eh_frame      0x000000000011c328       0xb0 binaries/doscan.o
                                         0xc8 (size before relaxing)
 .eh_frame      0x000000000011c3d8       0xc0 binaries/fdoprnt.o
                                         0xd8 (size before relaxing)
 .eh_frame      0x000000000011c498       0x20 binaries/fgetc.o
                                         0x38 (size before relaxing)
 .eh_frame      0x000000000011c4b8       0x20 binaries/fgets.o
                                         0x38 (size before relaxing)
 .eh_frame      0x000000000011c4d8       0x20 binaries/fprintf.o
                                         0x38 (size before relaxing)
 .eh_frame      0x000000000011c4f8       0x20 binaries/fputc.o
                                         0x38 (size before relaxing)
 .eh_frame      0x000000000011c518       0x20 binaries/fputs.o
                                         0x38 (size before relaxing)
 .eh_frame      0x000000000011c538       0x60 binaries/fscanf.o
                                         0x78 (size before relaxing)
 .eh_frame      0x000000000011c598       0x20 binaries/getchar.o
                                         0x38 (size before relaxing)
 .eh_frame      0x000000000011c5b8       0x20 binaries/labs.o
                                         0x38 (size before relaxing)
 .eh_frame      0x000000000011c5d8       0x20 binaries/memcmp.o
                                         0x38 (size before relaxing)
 .eh_frame      0x000000000011c5f8       0x24 binaries/memcpy.o
                                         0x3c (size before relaxing)
 .eh_frame      0x000000000011c61c       0x24 binaries/memset.o
                                         0x3c (size before relaxing)
 .eh_frame      0x000000000011c640       0x20 binaries/printf.o
                                         0x38 (size before relaxing)
 .eh_frame      0x000000000011c660       0x20 binaries/putchar.o
                                         0x38 (size before relaxing)
 .eh_frame      0x000000000011c680       0xa8 binaries/qsort.o
                                         0xc0 (size before relaxing)
 .eh_frame      0x000000000011c728       0x60 binaries/rand.o
                                         0x78 (size before relaxing)
 .eh_frame      0x000000000011c788       0x40 binaries/sprintf.o
                                         0x58 (size before relaxing)
 .eh_frame      0x000000000011c7c8       0x60 binaries/sscanf.o
                                         0x78 (size before relaxing)
 .eh_frame      0x000000000011c828       0x20 binaries/strchr.o
                                         0x38 (size before relaxing)
 .eh_frame      0x000000000011c848       0x20 binaries/strcmp.o
                                         0x38 (size before relaxing)
 .eh_frame      0x000000000011c868       0x20 binaries/strcpy.o
                                         0x38 (size before relaxing)
 .eh_frame      0x000000000011c888       0x20 binaries/strlen.o
                                         0x38 (size before relaxing)
 .eh_frame      0x000000000011c8a8       0x20 binaries/strncat.o
                                         0x38 (size before relaxing)
 .eh_frame      0x000000000011c8c8       0x20 binaries/strncmp.o
                                         0x38 (size before relaxing)
 .eh_frame      0x000000000011c8e8       0x28 binaries/strncpy.o
                                         0x40 (size before relaxing)
 .eh_frame      0x000000000011c910       0x20 binaries/strnlen.o
                                         0x38 (size before relaxing)
 .eh_frame      0x000000000011c930       0x20 binaries/strrchr.o
                                         0x38 (size before relaxing)
 .eh_frame      0x000000000011c950       0x20 binaries/strstr.o
                                         0x38 (size before relaxing)
 .eh_frame      0x000000000011c970       0x20 binaries/ttycontrol.o
                                         0x38 (size before relaxing)
 .eh_frame      0x000000000011c990       0x20 binaries/ttygetc.o
                                         0x38 (size before relaxing)
 .eh_frame      0x000000000011c9b0       0x80 binaries/ttyhandle_in.o
                                         0x98 (size before relaxing)
 .eh_frame      0x000000000011ca30       0x20 binaries/ttyhandle_out.o
                                         0x38 (size before relaxing)
 .eh_frame      0x000000000011ca50       0x20 binaries/ttyhandler.o
                                         0x38 (size before relaxing)
 .eh_frame      0x000000000011ca70       0x20 binaries/ttyinit.o
                                         0x38 (size before relaxing)
 .eh_frame      0x000000000011ca90       0x20 binaries/ttykickout.o
                                         0x38 (size before relaxing)
 .eh_frame      0x000000000011cab0       0x20 binaries/ttyputc.o
                                         0x38 (size before relaxing)
 .eh_frame      0x000000000011cad0       0x24 binaries/ttyread.o
                                         0x3c (size before relaxing)
 .eh_frame      0x000000000011caf4       0x20 binaries/ttywrite.o
                                         0x38 (size before relaxing)
 .eh_frame      0x000000000011cb14       0x40 binaries/mount.o
                                         0x58 (size before relaxing)
 .eh_frame      0x000000000011cb54       0x20 binaries/naminit.o
                                         0x38 (size before relaxing)
 .eh_frame      0x000000000011cb74       0x60 binaries/nammap.o
                                         0x78 (size before relaxing)
 .eh_frame      0x000000000011cbd4       0x20 binaries/namopen.o
                                         0x38 (size before relaxing)
 .eh_frame      0x000000000011cbf4      0x150 binaries/82545EMInit.o
                                        0x168 (size before relaxing)
 .eh_frame      0x000000000011cd44       0xa0 binaries/ethcontrol.o
                                         0xb8 (size before relaxing)
 .eh_frame      0x000000000011cde4       0x80 binaries/ethhandler.o
                                         0x98 (size before relaxing)
 .eh_frame      0x000000000011ce64       0x20 binaries/ethinit.o
                                         0x38 (size before relaxing)
 .eh_frame      0x000000000011ce84       0x60 binaries/ethread.o
                                         0x78 (size before relaxing)
 .eh_frame      0x000000000011cee4       0x60 binaries/ethwrite.o
                                         0x78 (size before relaxing)
 .eh_frame      0x000000000011cf44       0x20 binaries/rdsbufalloc.o
                                         0x38 (size before relaxing)
 .eh_frame      0x000000000011cf64       0x20 binaries/rdsclose.o
                                         0x38 (size before relaxing)
 .eh_frame      0x000000000011cf84       0x20 binaries/rdscomm.o
                                         0x38 (size before relaxing)
 .eh_frame      0x000000000011cfa4       0x20 binaries/rdscontrol.o
                                         0x38 (size before relaxing)
 .eh_frame      0x000000000011cfc4       0x20 binaries/rdsinit.o
                                         0x38 (size before relaxing)
 .eh_frame      0x000000000011cfe4       0x20 binaries/rdsopen.o
                                         0x38 (size before relaxing)
 .eh_frame      0x000000000011d004       0x1c binaries/rdsprocess.o
                                         0x34 (size before relaxing)
 .eh_frame      0x000000000011d020       0x20 binaries/rdsread.o
                                         0x38 (size before relaxing)
 .eh_frame      0x000000000011d040       0x20 binaries/rdswrite.o
                                         0x38 (size before relaxing)
 .eh_frame      0x000000000011d060       0x20 binaries/ramclose.o
                                         0x38 (size before relaxing)
 .eh_frame      0x000000000011d080       0x20 binaries/raminit.o
                                         0x38 (size before relaxing)
 .eh_frame      0x000000000011d0a0       0x20 binaries/ramopen.o
                                         0x38 (size before relaxing)
 .eh_frame      0x000000000011d0c0       0x20 binaries/ramread.o
                                         0x38 (size before relaxing)
 .eh_frame      0x000000000011d0e0       0x20 binaries/ramwrite.o
                                         0x38 (size before relaxing)
 .eh_frame      0x000000000011d100       0x20 binaries/lfdballoc.o
                                         0x38 (size before relaxing)
 .eh_frame      0x000000000011d120       0x20 binaries/lfdbfree.o
                                         0x38 (size before relaxing)
 .eh_frame      0x000000000011d140       0x20 binaries/lfflush.o
                                         0x38 (size before relaxing)
 .eh_frame      0x000000000011d160       0x20 binaries/lfgetmode.o
                                         0x38 (size before relaxing)
 .eh_frame      0x000000000011d180       0x20 binaries/lfiballoc.o
                                         0x38 (size before relaxing)
 .eh_frame      0x000000000011d1a0       0x20 binaries/lfibclear.o
                                         0x38 (size before relaxing)
 .eh_frame      0x000000000011d1c0       0x20 binaries/lfibget.o
                                         0x38 (size before relaxing)
 .eh_frame      0x000000000011d1e0       0x20 binaries/lfibput.o
                                         0x38 (size before relaxing)
 .eh_frame      0x000000000011d200       0x20 binaries/lflclose.o
                                         0x38 (size before relaxing)
 .eh_frame      0x000000000011d220       0x20 binaries/lflcontrol.o
                                         0x38 (size before relaxing)
 .eh_frame      0x000000000011d240       0x20 binaries/lflgetc.o
                                         0x38 (size before relaxing)
 .eh_frame      0x000000000011d260       0x20 binaries/lflinit.o
                                         0x38 (size before relaxing)
 .eh_frame      0x000000000011d280       0x20 binaries/lflputc.o
                                         0x38 (size before relaxing)
 .eh_frame      0x000000000011d2a0       0x20 binaries/lflread.o
                                         0x38 (size before relaxing)
 .eh_frame      0x000000000011d2c0       0x20 binaries/lflseek.o
                                         0x38 (size before relaxing)
 .eh_frame      0x000000000011d2e0       0x20 binaries/lflwrite.o
                                         0x38 (size before relaxing)
 .eh_frame      0x000000000011d300       0x20 binaries/lfscheck.o
                                         0x38 (size before relaxing)
 .eh_frame      0x000000000011d320       0x20 binaries/lfsckfmt.o
                                         0x38 (size before relaxing)
 .eh_frame      0x000000000011d340       0x20 binaries/lfscreate.o
                                         0x38 (size before relaxing)
 .eh_frame      0x000000000011d360       0x20 binaries/lfsetup.o
                                         0x38 (size before relaxing)
 .eh_frame      0x000000000011d380       0x20 binaries/lfsinit.o
                                         0x38 (size before relaxing)
 .eh_frame      0x000000000011d3a0       0x20 binaries/lfsopen.o
                                         0x38 (size before relaxing)
 .eh_frame      0x000000000011d3c0       0x20 binaries/lftruncate.o
                                         0x38 (size before relaxing)
 .eh_frame      0x000000000011d3e0       0x20 binaries/rflclose.o
                                         0x38 (size before relaxing)
 .eh_frame      0x000000000011d400       0x20 binaries/rflgetc.o
                                         0x38 (size before relaxing)
 .eh_frame      0x000000000011d420       0x20 binaries/rflinit.o
                                         0x38 (size before relaxing)
 .eh_frame      0x000000000011d440       0x20 binaries/rflputc.o
                                         0x38 (size before relaxing)
 .eh_frame      0x000000000011d460       0x20 binaries/rflread.o
                                         0x38 (size before relaxing)
 .eh_frame      0x000000000011d480       0x20 binaries/rflseek.o
                                         0x38 (size before relaxing)
 .eh_frame      0x000000000011d4a0       0x20 binaries/rflwrite.o
                                         0x38 (size before relaxing)
 .eh_frame      0x000000000011d4c0       0x20 binaries/rfscomm.o
                                         0x38 (size before relaxing)
 .eh_frame      0x000000000011d4e0       0x20 binaries/rfscontrol.o
                                         0x38 (size before relaxing)
 .eh_frame      0x000000000011d500       0x20 binaries/rfsgetmode.o
                                         0x38 (size before relaxing)
 .eh_frame      0x000000000011d520       0x20 binaries/rfsinit.o
                                         0x38 (size before relaxing)
 .eh_frame      0x000000000011d540       0x20 binaries/rfsndmsg.o
                                         0x38 (size before relaxing)
 .eh_frame      0x000000000011d560       0x20 binaries/rfsopen.o
                                         0x38 (size before relaxing)
 .eh_frame      0x000000000011d580       0xc0 binaries/arp.o
                                         0xd8 (size before relaxing)
 .eh_frame      0x000000000011d640       0xa0 binaries/dhcp.o
                                         0xb8 (size before relaxing)
 .eh_frame      0x000000000011d6e0       0x80 binaries/dns.o
                                         0x98 (size before relaxing)
 .eh_frame      0x000000000011d760       0x20 binaries/dot2ip.o
                                         0x38 (size before relaxing)
 .eh_frame      0x000000000011d780       0x40 binaries/hexdump.o
                                         0x58 (size before relaxing)
 .eh_frame      0x000000000011d7c0      0x14c binaries/icmp.o
                                        0x164 (size before relaxing)
 .eh_frame      0x000000000011d90c      0x11c binaries/ip.o
                                        0x134 (size before relaxing)
 .eh_frame      0x000000000011da28       0xa0 binaries/net.o
                                         0xb8 (size before relaxing)
 .eh_frame      0x000000000011dac8       0x60 binaries/pdump.o
                                         0x78 (size before relaxing)
 .eh_frame      0x000000000011db28       0x60 binaries/tftp.o
                                         0x78 (size before relaxing)
 .eh_frame      0x000000000011db88      0x140 binaries/udp.o
                                        0x158 (size before relaxing)
 .eh_frame      0x000000000011dcc8       0x20 binaries/addargs.o
                                         0x38 (size before relaxing)
 .eh_frame      0x000000000011dce8       0x20 binaries/lexan.o
                                         0x38 (size before relaxing)
 .eh_frame      0x000000000011dd08       0x20 binaries/shell.o
                                         0x38 (size before relaxing)
 .eh_frame      0x000000000011dd28       0x20 binaries/xsh_argecho.o
                                         0x38 (size before relaxing)
 .eh_frame      0x000000000011dd48       0x40 binaries/xsh_arp.o
                                         0x58 (size before relaxing)
 .eh_frame      0x000000000011dd88       0x20 binaries/xsh_cat.o
                                         0x38 (size before relaxing)
 .eh_frame      0x000000000011dda8       0x20 binaries/xsh_clear.o
                                         0x38 (size before relaxing)
 .eh_frame      0x000000000011ddc8       0x20 binaries/xsh_date.o
                                         0x38 (size before relaxing)
 .eh_frame      0x000000000011dde8       0x20 binaries/xsh_devdump.o
                                         0x38 (size before relaxing)
 .eh_frame      0x000000000011de08       0x20 binaries/xsh_echo.o
                                         0x38 (size before relaxing)
 .eh_frame      0x000000000011de28       0x20 binaries/xsh_exit.o
                                         0x38 (size before relaxing)
 .eh_frame      0x000000000011de48       0x20 binaries/xsh_help.o
                                         0x38 (size before relaxing)
 .eh_frame      0x000000000011de68       0x20 binaries/xsh_kill.o
                                         0x38 (size before relaxing)
 .eh_frame      0x000000000011de88       0x40 binaries/xsh_memdump.o
                                         0x58 (size before relaxing)
 .eh_frame      0x000000000011dec8       0x60 binaries/xsh_memstat.o
                                         0x78 (size before relaxing)
 .eh_frame      0x000000000011df28       0x30 binaries/xsh_netinfo.o
                                         0x48 (size before relaxing)
 .eh_frame      0x000000000011df58       0x24 binaries/xsh_ping.o
                                         0x3c (size before relaxing)
 .eh_frame      0x000000000011df7c       0x30 binaries/xsh_ps.o
                                         0x48 (size before relaxing)
 .eh_frame      0x000000000011dfac       0x20 binaries/xsh_sleep.o
                                         0x38 (size before relaxing)
 .eh_frame      0x000000000011dfcc       0x20 binaries/xsh_udpdump.o
                                         0x38 (size before relaxing)
 .eh_frame      0x000000000011dfec       0x30 binaries/xsh_udpecho.o
                                         0x48 (size before relaxing)
 .eh_frame      0x000000000011e01c       0x20 binaries/xsh_udpserver.o
                                         0x38 (size before relaxing)
 .eh_frame      0x000000000011e03c       0x20 binaries/xsh_uptime.o
                                         0x38 (size before relaxing)

.iplt           0x000000000011e060        0x0
 .iplt          0x000000000011e060        0x0 binaries/start.o

.rel.dyn        0x000000000011e05c        0x0
 .rel.iplt      0x000000000011e05c        0x0 binaries/start.o
 .rel.text      0x000000000011e05c        0x0 binaries/start.o
 .rel.data      0x000000000011e05c        0x0 binaries/start.o
 .rel.rodata    0x000000000011e05c        0x0 binaries/start.o

.data           0x000000000011e060      0xfa0
                0x000000000011e060                data = ABSOLUTE (.)
 *(.data .data.*)
 .data          0x000000000011e060      0x460 binaries/start.o
                0x000000000011e060                gdt
                0x000000000011e0a0                gdtr
                0x000000000011e0a6                idt
                0x000000000011e4a6                idtr
                0x000000000011e4ac                cpudelay
                0x000000000011e4b0                _bootdev
                0x000000000011e4b4                _cyloffset
 .data          0x000000000011e4c0        0x0 binaries/active_lock.o
 .data          0x000000000011e4c0       0x88 binaries/ascdate.o
                0x000000000011e4c0                Date
 .data          0x000000000011e548        0x0 binaries/bufinit.o
 .data          0x000000000011e548        0x0 binaries/chprio.o
 .data          0x000000000011e548        0x4 binaries/clkhandler.o
 .data          0x000000000011e54c        0x0 binaries/clkinit.o
 .data          0x000000000011e54c        0x0 binaries/close.o
 *fill*         0x000000000011e54c       0x14 
 .data          0x000000000011e560      0x5a0 binaries/conf.o
                0x000000000011e560                devtab
 .data          0x000000000011eb00        0x0 binaries/control.o
 .data          0x000000000011eb00        0x4 binaries/create.o
 *fill*         0x000000000011eb04       0x1c 
 .data          0x000000000011eb20       0x40 binaries/evec.o
                0x000000000011eb20                inames
 .data          0x000000000011eb60        0x0 binaries/exit.o
 .data          0x000000000011eb60        0x0 binaries/freebuf.o
 .data          0x000000000011eb60        0x0 binaries/freemem.o
 .data          0x000000000011eb60        0x0 binaries/getbuf.o
 .data          0x000000000011eb60        0x0 binaries/getc.o
 .data          0x000000000011eb60        0x0 binaries/getdev.o
 .data          0x000000000011eb60        0x0 binaries/getitem.o
 .data          0x000000000011eb60        0x0 binaries/getmem.o
[...]
 .comment       0x000000000000001d       0x1e binaries/icmp.o
 .comment       0x000000000000001d       0x1e binaries/ip.o
 .comment       0x000000000000001d       0x1e binaries/net.o
 .comment       0x000000000000001d       0x1e binaries/pdump.o
 .comment       0x000000000000001d       0x1e binaries/tftp.o
 .comment       0x000000000000001d       0x1e binaries/udp.o
 .comment       0x000000000000001d       0x1e binaries/addargs.o
 .comment       0x000000000000001d       0x1e binaries/lexan.o
 .comment       0x000000000000001d       0x1e binaries/shell.o
 .comment       0x000000000000001d       0x1e binaries/xsh_argecho.o
 .comment       0x000000000000001d       0x1e binaries/xsh_arp.o
 .comment       0x000000000000001d       0x1e binaries/xsh_cat.o
 .comment       0x000000000000001d       0x1e binaries/xsh_clear.o
 .comment       0x000000000000001d       0x1e binaries/xsh_date.o
 .comment       0x000000000000001d       0x1e binaries/xsh_devdump.o
 .comment       0x000000000000001d       0x1e binaries/xsh_echo.o
 .comment       0x000000000000001d       0x1e binaries/xsh_exit.o
 .comment       0x000000000000001d       0x1e binaries/xsh_help.o
 .comment       0x000000000000001d       0x1e binaries/xsh_kill.o
 .comment       0x000000000000001d       0x1e binaries/xsh_memdump.o
 .comment       0x000000000000001d       0x1e binaries/xsh_memstat.o
 .comment       0x000000000000001d       0x1e binaries/xsh_netinfo.o
 .comment       0x000000000000001d       0x1e binaries/xsh_ping.o
 .comment       0x000000000000001d       0x1e binaries/xsh_ps.o
 .comment       0x000000000000001d       0x1e binaries/xsh_sleep.o
 .comment       0x000000000000001d       0x1e binaries/xsh_udpdump.o
 .comment       0x000000000000001d       0x1e binaries/xsh_udpecho.o
 .comment       0x000000000000001d       0x1e binaries/xsh_udpserver.o
 .comment       0x000000000000001d       0x1e binaries/xsh_uptime.o

.note.GNU-stack
                0x0000000000000000        0x0
 .note.GNU-stack
                0x0000000000000000        0x0 binaries/active_lock.o
 .note.GNU-stack
                0x0000000000000000        0x0 binaries/ascdate.o
 .note.GNU-stack
                0x0000000000000000        0x0 binaries/bufinit.o
 .note.GNU-stack
                0x0000000000000000        0x0 binaries/chprio.o
 .note.GNU-stack
                0x0000000000000000        0x0 binaries/clkhandler.o
 .note.GNU-stack
                0x0000000000000000        0x0 binaries/clkinit.o
 .note.GNU-stack
                0x0000000000000000        0x0 binaries/close.o
 .note.GNU-stack
                0x0000000000000000        0x0 binaries/conf.o
 .note.GNU-stack
                0x0000000000000000        0x0 binaries/control.o
 .note.GNU-stack
                0x0000000000000000        0x0 binaries/create.o
 .note.GNU-stack
                0x0000000000000000        0x0 binaries/evec.o
 .note.GNU-stack
                0x0000000000000000        0x0 binaries/exit.o
 .note.GNU-stack
                0x0000000000000000        0x0 binaries/freebuf.o
 .note.GNU-stack
                0x0000000000000000        0x0 binaries/freemem.o
 .note.GNU-stack
                0x0000000000000000        0x0 binaries/getbuf.o
 .note.GNU-stack
                0x0000000000000000        0x0 binaries/getc.o
 .note.GNU-stack
                0x0000000000000000        0x0 binaries/getdev.o
 .note.GNU-stack
                0x0000000000000000        0x0 binaries/getitem.o
 .note.GNU-stack
                0x0000000000000000        0x0 binaries/getmem.o
 .note.GNU-stack
                0x0000000000000000        0x0 binaries/getpid.o
 .note.GNU-stack
                0x0000000000000000        0x0 binaries/getprio.o
 .note.GNU-stack
                0x0000000000000000        0x0 binaries/getstk.o
 .note.GNU-stack
                0x0000000000000000        0x0 binaries/getticks.o
 .note.GNU-stack
                0x0000000000000000        0x0 binaries/gettime.o
 .note.GNU-stack
                0x0000000000000000        0x0 binaries/getutime.o
 .note.GNU-stack
                0x0000000000000000        0x0 binaries/i386.o
 .note.GNU-stack
                0x0000000000000000        0x0 binaries/init.o
 .note.GNU-stack
                0x0000000000000000        0x0 binaries/initialize.o
 .note.GNU-stack
                0x0000000000000000        0x0 binaries/insert.o
 .note.GNU-stack
                0x0000000000000000        0x0 binaries/insertd.o
 .note.GNU-stack
                0x0000000000000000        0x0 binaries/ioerr.o
 .note.GNU-stack
                0x0000000000000000        0x0 binaries/ionull.o
 .note.GNU-stack
                0x0000000000000000        0x0 binaries/kill.o
 .note.GNU-stack
                0x0000000000000000        0x0 binaries/kprintf.o
 .note.GNU-stack
                0x0000000000000000        0x0 binaries/lock.o
 .note.GNU-stack
                0x0000000000000000        0x0 binaries/main.o
 .note.GNU-stack
                0x0000000000000000        0x0 binaries/mark.o
 .note.GNU-stack
                0x0000000000000000        0x0 binaries/meminit.o
 .note.GNU-stack
                0x0000000000000000        0x0 binaries/mkbufpool.o
 .note.GNU-stack
                0x0000000000000000        0x0 binaries/newqueue.o
 .note.GNU-stack
                0x0000000000000000        0x0 binaries/open.o
 .note.GNU-stack
                0x0000000000000000        0x0 binaries/panic.o
 .note.GNU-stack
                0x0000000000000000        0x0 binaries/pci.o
 .note.GNU-stack
                0x0000000000000000        0x0 binaries/pi_lock.o
 .note.GNU-stack
                0x0000000000000000        0x0 binaries/ptclear.o
 .note.GNU-stack
                0x0000000000000000        0x0 binaries/ptcount.o
 .note.GNU-stack
                0x0000000000000000        0x0 binaries/ptcreate.o
 .note.GNU-stack
                0x0000000000000000        0x0 binaries/ptdelete.o
 .note.GNU-stack
                0x0000000000000000        0x0 binaries/ptinit.o
 .note.GNU-stack
                0x0000000000000000        0x0 binaries/ptrecv.o
 .note.GNU-stack
                0x0000000000000000        0x0 binaries/ptreset.o
 .note.GNU-stack
                0x0000000000000000        0x0 binaries/ptsend.o
 .note.GNU-stack
                0x0000000000000000        0x0 binaries/putc.o
 .note.GNU-stack
                0x0000000000000000        0x0 binaries/queue.o
 .note.GNU-stack
                0x0000000000000000        0x0 binaries/read.o
 .note.GNU-stack
                0x0000000000000000        0x0 binaries/ready.o
 .note.GNU-stack
                0x0000000000000000        0x0 binaries/receive.o
 .note.GNU-stack
                0x0000000000000000        0x0 binaries/recvclr.o
 .note.GNU-stack
                0x0000000000000000        0x0 binaries/recvtime.o
 .note.GNU-stack
                0x0000000000000000        0x0 binaries/resched.o
 .note.GNU-stack
                0x0000000000000000        0x0 binaries/resume.o
 .note.GNU-stack
                0x0000000000000000        0x0 binaries/seek.o
 .note.GNU-stack
                0x0000000000000000        0x0 binaries/semcount.o
 .note.GNU-stack
                0x0000000000000000        0x0 binaries/semcreate.o
 .note.GNU-stack
                0x0000000000000000        0x0 binaries/semdelete.o
 .note.GNU-stack
                0x0000000000000000        0x0 binaries/semreset.o
 .note.GNU-stack
                0x0000000000000000        0x0 binaries/send.o
 .note.GNU-stack
                0x0000000000000000        0x0 binaries/signal.o
 .note.GNU-stack
                0x0000000000000000        0x0 binaries/signaln.o
 .note.GNU-stack
                0x0000000000000000        0x0 binaries/sleep.o
 .note.GNU-stack
                0x0000000000000000        0x0 binaries/spinlock.o
 .note.GNU-stack
                0x0000000000000000        0x0 binaries/stacktrace.o
 .note.GNU-stack
                0x0000000000000000        0x0 binaries/suspend.o
 .note.GNU-stack
                0x0000000000000000        0x0 binaries/unsleep.o
 .note.GNU-stack
                0x0000000000000000        0x0 binaries/userret.o
 .note.GNU-stack
                0x0000000000000000        0x0 binaries/wait.o
 .note.GNU-stack
                0x0000000000000000        0x0 binaries/wakeup.o
 .note.GNU-stack
                0x0000000000000000        0x0 binaries/write.o
 .note.GNU-stack
                0x0000000000000000        0x0 binaries/xdone.o
 .note.GNU-stack
                0x0000000000000000        0x0 binaries/yield.o
 .note.GNU-stack
                0x0000000000000000        0x0 binaries/abs.o
 .note.GNU-stack
                0x0000000000000000        0x0 binaries/atoi.o
 .note.GNU-stack
                0x0000000000000000        0x0 binaries/atol.o
 .note.GNU-stack
                0x0000000000000000        0x0 binaries/bzero.o
 .note.GNU-stack
                0x0000000000000000        0x0 binaries/ctype_.o
 .note.GNU-stack
                0x0000000000000000        0x0 binaries/doprnt.o
 .note.GNU-stack
                0x0000000000000000        0x0 binaries/doscan.o
 .note.GNU-stack
                0x0000000000000000        0x0 binaries/fdoprnt.o
 .note.GNU-stack
                0x0000000000000000        0x0 binaries/fgetc.o
 .note.GNU-stack
                0x0000000000000000        0x0 binaries/fgets.o
 .note.GNU-stack
                0x0000000000000000        0x0 binaries/fprintf.o
 .note.GNU-stack
                0x0000000000000000        0x0 binaries/fputc.o
 .note.GNU-stack
                0x0000000000000000        0x0 binaries/fputs.o
 .note.GNU-stack
                0x0000000000000000        0x0 binaries/fscanf.o
 .note.GNU-stack
                0x0000000000000000        0x0 binaries/getchar.o
 .note.GNU-stack
                0x0000000000000000        0x0 binaries/labs.o
 .note.GNU-stack
                0x0000000000000000        0x0 binaries/memchr.o
 .note.GNU-stack
                0x0000000000000000        0x0 binaries/memcmp.o
 .note.GNU-stack
                0x0000000000000000        0x0 binaries/memcpy.o
 .note.GNU-stack
                0x0000000000000000        0x0 binaries/memset.o
 .note.GNU-stack
                0x0000000000000000        0x0 binaries/printf.o
 .note.GNU-stack
                0x0000000000000000        0x0 binaries/putchar.o
 .note.GNU-stack
                0x0000000000000000        0x0 binaries/qsort.o
 .note.GNU-stack
                0x0000000000000000        0x0 binaries/rand.o
 .note.GNU-stack
                0x0000000000000000        0x0 binaries/sprintf.o
 .note.GNU-stack
                0x0000000000000000        0x0 binaries/sscanf.o
 .note.GNU-stack
                0x0000000000000000        0x0 binaries/strchr.o
 .note.GNU-stack
                0x0000000000000000        0x0 binaries/strcmp.o
 .note.GNU-stack
                0x0000000000000000        0x0 binaries/strcpy.o
 .note.GNU-stack
                0x0000000000000000        0x0 binaries/strlen.o
 .note.GNU-stack
                0x0000000000000000        0x0 binaries/strncat.o
 .note.GNU-stack
                0x0000000000000000        0x0 binaries/strncmp.o
 .note.GNU-stack
                0x0000000000000000        0x0 binaries/strncpy.o
 .note.GNU-stack
                0x0000000000000000        0x0 binaries/strnlen.o
 .note.GNU-stack
                0x0000000000000000        0x0 binaries/strrchr.o
 .note.GNU-stack
                0x0000000000000000        0x0 binaries/strstr.o
 .note.GNU-stack
                0x0000000000000000        0x0 binaries/ttycontrol.o
 .note.GNU-stack
                0x0000000000000000        0x0 binaries/ttygetc.o
 .note.GNU-stack
                0x0000000000000000        0x0 binaries/ttyhandle_in.o
 .note.GNU-stack
                0x0000000000000000        0x0 binaries/ttyhandle_out.o
 .note.GNU-stack
                0x0000000000000000        0x0 binaries/ttyhandler.o
 .note.GNU-stack
                0x0000000000000000        0x0 binaries/ttyinit.o
 .note.GNU-stack
                0x0000000000000000        0x0 binaries/ttykickout.o
 .note.GNU-stack
                0x0000000000000000        0x0 binaries/ttyputc.o
 .note.GNU-stack
                0x0000000000000000        0x0 binaries/ttyread.o
 .note.GNU-stack
                0x0000000000000000        0x0 binaries/ttywrite.o
 .note.GNU-stack
                0x0000000000000000        0x0 binaries/mount.o
 .note.GNU-stack
                0x0000000000000000        0x0 binaries/naminit.o
 .note.GNU-stack
                0x0000000000000000        0x0 binaries/nammap.o
 .note.GNU-stack
                0x0000000000000000        0x0 binaries/namopen.o
 .note.GNU-stack
                0x0000000000000000        0x0 binaries/82545EMInit.o
 .note.GNU-stack
                0x0000000000000000        0x0 binaries/ethcontrol.o
 .note.GNU-stack
                0x0000000000000000        0x0 binaries/ethhandler.o
 .note.GNU-stack
                0x0000000000000000        0x0 binaries/ethinit.o
 .note.GNU-stack
                0x0000000000000000        0x0 binaries/ethread.o
 .note.GNU-stack
                0x0000000000000000        0x0 binaries/ethwrite.o
 .note.GNU-stack
                0x0000000000000000        0x0 binaries/rdsbufalloc.o
 .note.GNU-stack
                0x0000000000000000        0x0 binaries/rdsclose.o
 .note.GNU-stack
                0x0000000000000000        0x0 binaries/rdscomm.o
 .note.GNU-stack
                0x0000000000000000        0x0 binaries/rdscontrol.o
 .note.GNU-stack
                0x0000000000000000        0x0 binaries/rdsinit.o
 .note.GNU-stack
                0x0000000000000000        0x0 binaries/rdsopen.o
 .note.GNU-stack
                0x0000000000000000        0x0 binaries/rdsprocess.o
 .note.GNU-stack
                0x0000000000000000        0x0 binaries/rdsread.o
 .note.GNU-stack
                0x0000000000000000        0x0 binaries/rdswrite.o
 .note.GNU-stack
                0x0000000000000000        0x0 binaries/ramclose.o
 .note.GNU-stack
                0x0000000000000000        0x0 binaries/raminit.o
 .note.GNU-stack
                0x0000000000000000        0x0 binaries/ramopen.o
 .note.GNU-stack
                0x0000000000000000        0x0 binaries/ramread.o
 .note.GNU-stack
                0x0000000000000000        0x0 binaries/ramwrite.o
 .note.GNU-stack
                0x0000000000000000        0x0 binaries/lfdballoc.o
 .note.GNU-stack
                0x0000000000000000        0x0 binaries/lfdbfree.o
 .note.GNU-stack
                0x0000000000000000        0x0 binaries/lfflush.o
 .note.GNU-stack
                0x0000000000000000        0x0 binaries/lfgetmode.o
 .note.GNU-stack
                0x0000000000000000        0x0 binaries/lfiballoc.o
 .note.GNU-stack
                0x0000000000000000        0x0 binaries/lfibclear.o
 .note.GNU-stack
                0x0000000000000000        0x0 binaries/lfibget.o
 .note.GNU-stack
                0x0000000000000000        0x0 binaries/lfibput.o
 .note.GNU-stack
                0x0000000000000000        0x0 binaries/lflclose.o
 .note.GNU-stack
                0x0000000000000000        0x0 binaries/lflcontrol.o
 .note.GNU-stack
                0x0000000000000000        0x0 binaries/lflgetc.o
 .note.GNU-stack
                0x0000000000000000        0x0 binaries/lflinit.o
 .note.GNU-stack
                0x0000000000000000        0x0 binaries/lflputc.o
 .note.GNU-stack
                0x0000000000000000        0x0 binaries/lflread.o
 .note.GNU-stack
                0x0000000000000000        0x0 binaries/lflseek.o
 .note.GNU-stack
                0x0000000000000000        0x0 binaries/lflwrite.o
 .note.GNU-stack
                0x0000000000000000        0x0 binaries/lfscheck.o
 .note.GNU-stack
                0x0000000000000000        0x0 binaries/lfsckfmt.o
 .note.GNU-stack
                0x0000000000000000        0x0 binaries/lfscreate.o
 .note.GNU-stack
                0x0000000000000000        0x0 binaries/lfsetup.o
 .note.GNU-stack
                0x0000000000000000        0x0 binaries/lfsinit.o
 .note.GNU-stack
                0x0000000000000000        0x0 binaries/lfsopen.o
 .note.GNU-stack
                0x0000000000000000        0x0 binaries/lftruncate.o
 .note.GNU-stack
                0x0000000000000000        0x0 binaries/rflclose.o
 .note.GNU-stack
                0x0000000000000000        0x0 binaries/rflgetc.o
 .note.GNU-stack
                0x0000000000000000        0x0 binaries/rflinit.o
 .note.GNU-stack
                0x0000000000000000        0x0 binaries/rflputc.o
 .note.GNU-stack
                0x0000000000000000        0x0 binaries/rflread.o
 .note.GNU-stack
                0x0000000000000000        0x0 binaries/rflseek.o
 .note.GNU-stack
                0x0000000000000000        0x0 binaries/rflwrite.o
 .note.GNU-stack
                0x0000000000000000        0x0 binaries/rfscomm.o
 .note.GNU-stack
                0x0000000000000000        0x0 binaries/rfscontrol.o
 .note.GNU-stack
                0x0000000000000000        0x0 binaries/rfsgetmode.o
 .note.GNU-stack
                0x0000000000000000        0x0 binaries/rfsinit.o
 .note.GNU-stack
                0x0000000000000000        0x0 binaries/rfsndmsg.o
 .note.GNU-stack
                0x0000000000000000        0x0 binaries/rfsopen.o
 .note.GNU-stack
                0x0000000000000000        0x0 binaries/arp.o
 .note.GNU-stack
                0x0000000000000000        0x0 binaries/dhcp.o
 .note.GNU-stack
                0x0000000000000000        0x0 binaries/dns.o
 .note.GNU-stack
                0x0000000000000000        0x0 binaries/dot2ip.o
 .note.GNU-stack
                0x0000000000000000        0x0 binaries/hexdump.o
 .note.GNU-stack
                0x0000000000000000        0x0 binaries/icmp.o
 .note.GNU-stack
                0x0000000000000000        0x0 binaries/ip.o
 .note.GNU-stack
                0x0000000000000000        0x0 binaries/net.o
 .note.GNU-stack
                0x0000000000000000        0x0 binaries/pdump.o
 .note.GNU-stack
                0x0000000000000000        0x0 binaries/tftp.o
 .note.GNU-stack
                0x0000000000000000        0x0 binaries/udp.o
 .note.GNU-stack
                0x0000000000000000        0x0 binaries/addargs.o
 .note.GNU-stack
                0x0000000000000000        0x0 binaries/lexan.o
 .note.GNU-stack
                0x0000000000000000        0x0 binaries/shell.o
 .note.GNU-stack
                0x0000000000000000        0x0 binaries/xsh_argecho.o
 .note.GNU-stack
                0x0000000000000000        0x0 binaries/xsh_arp.o
 .note.GNU-stack
                0x0000000000000000        0x0 binaries/xsh_cat.o
 .note.GNU-stack
                0x0000000000000000        0x0 binaries/xsh_clear.o
 .note.GNU-stack
                0x0000000000000000        0x0 binaries/xsh_date.o
 .note.GNU-stack
                0x0000000000000000        0x0 binaries/xsh_devdump.o
 .note.GNU-stack
                0x0000000000000000        0x0 binaries/xsh_echo.o
 .note.GNU-stack
                0x0000000000000000        0x0 binaries/xsh_exit.o
 .note.GNU-stack
                0x0000000000000000        0x0 binaries/xsh_help.o
 .note.GNU-stack
                0x0000000000000000        0x0 binaries/xsh_kill.o
 .note.GNU-stack
                0x0000000000000000        0x0 binaries/xsh_memdump.o
 .note.GNU-stack
                0x0000000000000000        0x0 binaries/xsh_memstat.o
 .note.GNU-stack
                0x0000000000000000        0x0 binaries/xsh_netinfo.o
 .note.GNU-stack
                0x0000000000000000        0x0 binaries/xsh_ping.o
 .note.GNU-stack
                0x0000000000000000        0x0 binaries/xsh_ps.o
 .note.GNU-stack
                0x0000000000000000        0x0 binaries/xsh_sleep.o
 .note.GNU-stack
                0x0000000000000000        0x0 binaries/xsh_udpdump.o
 .note.GNU-stack
                0x0000000000000000        0x0 binaries/xsh_udpecho.o
 .note.GNU-stack
                0x0000000000000000        0x0 binaries/xsh_udpserver.o
 .note.GNU-stack
                0x0000000000000000        0x0 binaries/xsh_uptime.o
