
Allocating common symbols
Common symbol       size              file

netbufpool          0x4               binaries/net.o
readylist           0x2               binaries/ready.o
rfltab              0x5a0             binaries/rflinit.o
netportseed         0x8               binaries/net.o
sleepq              0x2               binaries/clkinit.o
nnames              0x4               binaries/naminit.o
udptab              0x168             binaries/udp.o
minheap             0x4               binaries/meminit.o
marks               0x50              binaries/mark.o
currpid             0x4               binaries/initialize.o
Lf_data             0x20c             binaries/lfsinit.o
porttab             0x2d0             binaries/ptinit.o
girmask             0x2               binaries/evec.o
ttytab              0x110             binaries/ttyinit.o
proctab             0x1f40            binaries/initialize.o
prcount             0x4               binaries/initialize.o
userprocesslist     0x2               binaries/mlfq.o
lfltab              0xf00             binaries/lflinit.o
rdstab              0x8c              binaries/rdsinit.o
ethertab            0x130             binaries/ethinit.o
NetData             0xb0              binaries/net.o
nmarks              0x4               binaries/mark.o
initsp              0x4               binaries/i386.o
high                0x2               binaries/mlfq.o
Defer               0x8               binaries/resched.o
semtab              0x4b0             binaries/initialize.o
maxheap             0x4               binaries/meminit.o
preempt             0x4               binaries/clkinit.o
priority_boost_timer
                    0x4               binaries/clkinit.o
buftab              0xf0              binaries/bufinit.o
Rf_data             0x18              binaries/rfsinit.o
low                 0x2               binaries/mlfq.o
mkmutex             0x4               binaries/mark.o
ctr1000             0x4               binaries/clkinit.o
asyn_event_flag     0x1               binaries/ascdate.o
clktime             0x4               binaries/clkinit.o
arpcache            0x140             binaries/arp.o
icmptab             0x230             binaries/icmp.o
nbpools             0x4               binaries/bufinit.o
med                 0x2               binaries/mlfq.o
queuetab            0x9b0             binaries/queue.o
ptnextid            0x4               binaries/ptinit.o
Ram                 0x19000           binaries/raminit.o
ipoqueue            0x2c              binaries/ip.o
memlist             0x8               binaries/initialize.o
nametab             0x19a0            binaries/naminit.o
ptfree              0x4               binaries/ptinit.o

Memory Configuration

Name             Origin             Length             Attributes
*default*        0x0000000000000000 0xffffffffffffffff

Linker script and memory map

                0x0000000000100000                physbase = 0x100000
                0x0000000000100000                . = physbase
                0x0000000000100000                . = ALIGN (0x1000)

.text           0x0000000000100000    0x1c000
                0x0000000000100000                text = ABSOLUTE (.)
 *(.text .text.*)
 .text          0x0000000000100000      0x165 binaries/start.o
                0x0000000000100020                entry
                0x000000000010003d                start
                0x00000000001000a5                inb
                0x00000000001000ad                inw
                0x00000000001000b6                inl
                0x00000000001000be                outb
                0x00000000001000c8                outw
                0x00000000001000d3                outl
                0x00000000001000dd                _rtcin
                0x00000000001000e8                ___udivsi3
                0x00000000001000f3                ___divsi3
                0x00000000001000ff                sbzero
                0x000000000010010f                bcopy
                0x0000000000100123                insw
                0x0000000000100139                outsw
                0x000000000010014f                lidt
                0x0000000000100157                jumptocode
                0x000000000010015e                jumptobootcode
 .text          0x0000000000100165      0x3e3 binaries/ascdate.o
                0x0000000000100165                ascdate
 .text          0x0000000000100548       0x14 binaries/bufinit.o
                0x0000000000100548                bufinit
 .text          0x000000000010055c       0x8d binaries/chprio.o
                0x000000000010055c                chprio
 .text          0x00000000001005e9      0x12f binaries/clkhandler.o
                0x00000000001005e9                clkhandler
 .text          0x0000000000100718       0x92 binaries/clkinit.o
                0x0000000000100718                clkinit
 .text          0x00000000001007aa       0x75 binaries/close.o
                0x00000000001007aa                close
 .text          0x000000000010081f        0x0 binaries/conf.o
 .text          0x000000000010081f       0x7b binaries/control.o
                0x000000000010081f                control
 .text          0x000000000010089a      0x618 binaries/create.o
                0x000000000010089a                create
                0x0000000000100b92                burst_execution
                0x0000000000100c37                create_user_process
 .text          0x0000000000100eb2      0x357 binaries/evec.o
                0x0000000000100eb2                initevec
                0x0000000000100f09                set_evec
                0x0000000000100fab                trap
 .text          0x0000000000101209       0x19 binaries/exit.o
                0x0000000000101209                exit
 .text          0x0000000000101222       0x8c binaries/freebuf.o
                0x0000000000101222                freebuf
 .text          0x00000000001012ae      0x172 binaries/freemem.o
                0x00000000001012ae                freemem
 .text          0x0000000000101420       0x8a binaries/getbuf.o
                0x0000000000101420                getbuf
 .text          0x00000000001014aa       0x75 binaries/getc.o
                0x00000000001014aa                getc
 .text          0x000000000010151f       0x74 binaries/getdev.o
                0x000000000010151f                getdev
 .text          0x0000000000101593       0xd0 binaries/getitem.o
                0x0000000000101593                getfirst
                0x00000000001015d8                getlast
                0x000000000010161f                getitem
 .text          0x0000000000101663      0x10a binaries/getmem.o
                0x0000000000101663                getmem
 .text          0x000000000010176d        0xa binaries/getpid.o
                0x000000000010176d                getpid
 .text          0x0000000000101777       0x75 binaries/getprio.o
                0x0000000000101777                getprio
 .text          0x00000000001017ec       0xfb binaries/getstk.o
                0x00000000001017ec                getstk
 .text          0x00000000001018e7       0x16 binaries/getticks.o
                0x00000000001018e7                getticks
 .text          0x00000000001018fd       0x3a binaries/gettime.o
                0x00000000001018fd                gettime
 .text          0x0000000000101937      0x1e2 binaries/getutime.o
                0x0000000000101937                getutime
 .text          0x0000000000101b19      0x3c5 binaries/i386.o
                0x0000000000101b19                setsegs
                0x0000000000101c2b                init8259
                0x0000000000101cdd                pseg
                0x0000000000101e85                setirmask
 .text          0x0000000000101ede       0x75 binaries/init.o
                0x0000000000101ede                init
 .text          0x0000000000101f53      0x3e6 binaries/initialize.o
                0x0000000000101f53                nulluser
                0x00000000001022e0                stop
                0x000000000010230b                delay
 .text          0x0000000000102339       0xda binaries/insert.o
                0x0000000000102339                insert
 .text          0x0000000000102413      0x10c binaries/insertd.o
                0x0000000000102413                insertd
 .text          0x000000000010251f        0xa binaries/ioerr.o
                0x000000000010251f                ioerr
 .text          0x0000000000102529        0xa binaries/ionull.o
                0x0000000000102529                ionull
 .text          0x0000000000102533      0x1d6 binaries/kill.o
                0x0000000000102533                kill
 .text          0x0000000000102709      0x14e binaries/kprintf.o
                0x0000000000102709                kputc
                0x000000000010279c                kgetc
                0x000000000010282d                kprintf
 .text          0x0000000000102857     0x1034 binaries/main.o
                0x0000000000102857                timed_execution
                0x000000000010287d                main
 .text          0x000000000010388b       0xb5 binaries/mark.o
                0x000000000010388b                markinit
                0x00000000001038af                mark
 .text          0x0000000000103940       0xcc binaries/meminit.o
                0x0000000000103940                meminit
 .text          0x0000000000103a0c      0x174 binaries/mkbufpool.o
                0x0000000000103a0c                mkbufpool
 .text          0x0000000000103b80      0x23e binaries/mlfq.o
                0x0000000000103b80                insert_to_user
                0x0000000000103c03                get_time_slice
                0x0000000000103c57                priority_boost
                0x0000000000103d50                reset_allotment
 .text          0x0000000000103dbe       0x94 binaries/newqueue.o
                0x0000000000103dbe                newqueue
 .text          0x0000000000103e52       0x7b binaries/open.o
                0x0000000000103e52                open
 .text          0x0000000000103ecd       0x20 binaries/panic.o
                0x0000000000103ecd                panic
 .text          0x0000000000103eed      0x489 binaries/pci.o
                0x0000000000103eed                pci_init
                0x00000000001041aa                find_pci_device
                0x00000000001041f8                pci_bios_read_config_byte
                0x0000000000104237                pci_bios_read_config_word
                0x0000000000104279                pci_bios_read_config_dword
                0x00000000001042b8                pci_bios_write_config_byte
                0x00000000001042f9                pci_bios_write_config_word
                0x000000000010433b                pci_bios_write_config_dword
 .text          0x0000000000104376       0xb3 binaries/print_ready_list.o
                0x0000000000104376                dummy
                0x000000000010438e                print_ready_list
 .text          0x0000000000104429       0xf1 binaries/ptclear.o
                0x0000000000104429                _ptclear
 .text          0x000000000010451a       0x9d binaries/ptcount.o
                0x000000000010451a                ptcount
 .text          0x00000000001045b7      0x116 binaries/ptcreate.o
                0x00000000001045b7                ptcreate
 .text          0x00000000001046cd       0x7f binaries/ptdelete.o
                0x00000000001046cd                ptdelete
 .text          0x000000000010474c       0xbf binaries/ptinit.o
                0x000000000010474c                ptinit
 .text          0x000000000010480b      0x11b binaries/ptrecv.o
                0x000000000010480b                ptrecv
 .text          0x0000000000104926       0x77 binaries/ptreset.o
                0x0000000000104926                ptreset
 .text          0x000000000010499d      0x13d binaries/ptsend.o
                0x000000000010499d                ptsend
 .text          0x0000000000104ada       0x80 binaries/putc.o
                0x0000000000104ada                putc
 .text          0x0000000000104b5a      0x10d binaries/queue.o
                0x0000000000104b5a                enqueue
                0x0000000000104bfa                dequeue
 .text          0x0000000000104c67       0x7b binaries/read.o
                0x0000000000104c67                read
 .text          0x0000000000104ce2       0x8f binaries/ready.o
                0x0000000000104ce2                ready
 .text          0x0000000000104d71       0x60 binaries/receive.o
                0x0000000000104d71                receive
 .text          0x0000000000104dd1       0x5c binaries/recvclr.o
                0x0000000000104dd1                recvclr
 .text          0x0000000000104e2d       0xbb binaries/recvtime.o
                0x0000000000104e2d                recvtime
 .text          0x0000000000104ee8      0x351 binaries/resched.o
                0x0000000000104ee8                resched
                0x00000000001051c4                resched_cntl
 .text          0x0000000000105239       0xaa binaries/resume.o
                0x0000000000105239                resume
 .text          0x00000000001052e3       0x79 binaries/seek.o
                0x00000000001052e3                seek
 .text          0x000000000010535c       0x70 binaries/semcount.o
                0x000000000010535c                semcount
 .text          0x00000000001053cc       0xd6 binaries/semcreate.o
                0x00000000001053cc                semcreate
 .text          0x00000000001054a2       0xcd binaries/semdelete.o
                0x00000000001054a2                semdelete
 .text          0x000000000010556f       0xcb binaries/semreset.o
                0x000000000010556f                semreset
 .text          0x000000000010563a       0xe6 binaries/send.o
                0x000000000010563a                send
 .text          0x0000000000105720       0xa8 binaries/signal.o
                0x0000000000105720                signal
 .text          0x00000000001057c8       0xd6 binaries/signaln.o
                0x00000000001057c8                signaln
 .text          0x000000000010589e       0xea binaries/sleep.o
                0x000000000010589e                sleep
                0x00000000001058ec                sleepms
 .text          0x0000000000105988      0x18b binaries/stacktrace.o
                0x0000000000105988                stacktrace
 .text          0x0000000000105b13       0xe0 binaries/suspend.o
                0x0000000000105b13                suspend
 .text          0x0000000000105bf3       0xe2 binaries/unsleep.o
                0x0000000000105bf3                unsleep
 .text          0x0000000000105cd5       0x19 binaries/userret.o
                0x0000000000105cd5                userret
 .text          0x0000000000105cee       0xdb binaries/wait.o
                0x0000000000105cee                wait
 .text          0x0000000000105dc9       0x72 binaries/wakeup.o
                0x0000000000105dc9                wakeup
 .text          0x0000000000105e3b       0x7b binaries/write.o
                0x0000000000105e3b                write
 .text          0x0000000000105eb6       0x1d binaries/xdone.o
                0x0000000000105eb6                xdone
 .text          0x0000000000105ed3       0x28 binaries/yield.o
                0x0000000000105ed3                yield
 .text          0x0000000000105efb       0x11 binaries/abs.o
                0x0000000000105efb                abs
 .text          0x0000000000105f0c       0x8f binaries/atoi.o
                0x0000000000105f0c                atoi
 .text          0x0000000000105f9b       0x8f binaries/atol.o
                0x0000000000105f9b                atol
 .text          0x000000000010602a       0x31 binaries/bzero.o
                0x000000000010602a                bzero
 .text          0x000000000010605b        0x0 binaries/ctype_.o
 .text          0x000000000010605b      0x8ed binaries/doprnt.o
                0x000000000010605b                _doprnt
 .text          0x0000000000106948      0x65c binaries/doscan.o
                0x0000000000106948                _doscan
 .text          0x0000000000106fa4      0x711 binaries/fdoprnt.o
                0x0000000000106fa4                _fdoprnt
 .text          0x00000000001076b5       0x29 binaries/fgetc.o
                0x00000000001076b5                fgetc
 .text          0x00000000001076de       0x75 binaries/fgets.o
                0x00000000001076de                fgets
 .text          0x0000000000107753       0x2a binaries/fprintf.o
                0x0000000000107753                fprintf
 .text          0x000000000010777d       0x2c binaries/fputc.o
                0x000000000010777d                fputc
 .text          0x00000000001077a9       0x43 binaries/fputs.o
                0x00000000001077a9                fputs
 .text          0x00000000001077ec       0x8a binaries/fscanf.o
                0x00000000001077ec                fscanf
 .text          0x0000000000107876       0x31 binaries/getchar.o
                0x0000000000107876                getchar
 .text          0x00000000001078a7       0x11 binaries/labs.o
                0x00000000001078a7                labs
 .text          0x00000000001078b8        0x0 binaries/memchr.o
 .text          0x00000000001078b8       0x51 binaries/memcmp.o
                0x00000000001078b8                memcmp
 .text          0x0000000000107909       0x3f binaries/memcpy.o
                0x0000000000107909                memcpy
 .text          0x0000000000107948       0x30 binaries/memset.o
                0x0000000000107948                memset
 .text          0x0000000000107978       0x47 binaries/printf.o
                0x0000000000107978                printf
 .text          0x00000000001079bf       0x34 binaries/putchar.o
                0x00000000001079bf                putchar
 .text          0x00000000001079f3      0x27e binaries/qsort.o
                0x00000000001079f3                qsort
 .text          0x0000000000107c71       0x63 binaries/rand.o
                0x0000000000107c71                rand
                0x0000000000107c89                rand_r
                0x0000000000107cc7                srand
 .text          0x0000000000107cd4       0x66 binaries/sprintf.o
                0x0000000000107cd4                sprintf
 .text          0x0000000000107d3a       0x70 binaries/sscanf.o
                0x0000000000107d3a                sscanf
 .text          0x0000000000107daa       0x3c binaries/strchr.o
                0x0000000000107daa                strchr
 .text          0x0000000000107de6       0x45 binaries/strcmp.o
                0x0000000000107de6                strcmp
 .text          0x0000000000107e2b       0x27 binaries/strcpy.o
                0x0000000000107e2b                strcpy
 .text          0x0000000000107e52       0x26 binaries/strlen.o
                0x0000000000107e52                strlen
 .text          0x0000000000107e78       0x56 binaries/strncat.o
                0x0000000000107e78                strncat
 .text          0x0000000000107ece       0x5f binaries/strncmp.o
                0x0000000000107ece                strncmp
 .text          0x0000000000107f2d       0x4f binaries/strncpy.o
                0x0000000000107f2d                strncpy
 .text          0x0000000000107f7c       0x2e binaries/strnlen.o
                0x0000000000107f7c                strnlen
 .text          0x0000000000107faa       0x45 binaries/strrchr.o
                0x0000000000107faa                strrchr
 .text          0x0000000000107fef       0x6d binaries/strstr.o
                0x0000000000107fef                strstr
 .text          0x000000000010805c       0xe4 binaries/ttycontrol.o
                0x000000000010805c                ttycontrol
 .text          0x0000000000108140       0x97 binaries/ttygetc.o
                0x0000000000108140                ttygetc
 .text          0x00000000001081d7      0x6ee binaries/ttyhandle_in.o
                0x00000000001081d7                ttyhandle_in
 .text          0x00000000001088c5      0x1ae binaries/ttyhandle_out.o
                0x00000000001088c5                ttyhandle_out
 .text          0x0000000000108a73       0xce binaries/ttyhandler.o
                0x0000000000108a73                ttyhandler
 .text          0x0000000000108b41      0x22f binaries/ttyinit.o
                0x0000000000108b41                ttyinit
 .text          0x0000000000108d70       0x1b binaries/ttykickout.o
                0x0000000000108d70                ttykickout
 .text          0x0000000000108d8b       0xb7 binaries/ttyputc.o
                0x0000000000108d8b                ttyputc
 .text          0x0000000000108e42      0x11b binaries/ttyread.o
                0x0000000000108e42                ttyread
 .text          0x0000000000108f5d       0x4f binaries/ttywrite.o
                0x0000000000108f5d                ttywrite
 .text          0x0000000000108fac      0x14b binaries/mount.o
                0x0000000000108fac                mount
                0x00000000001090c1                namlen
 .text          0x00000000001090f7      0x1ea binaries/naminit.o
                0x00000000001090f7                naminit
 .text          0x00000000001092e1      0x211 binaries/nammap.o
                0x00000000001092e1                nammap
                0x000000000010936c                namrepl
                0x00000000001094a2                namcpy
 .text          0x00000000001094f2       0x4e binaries/namopen.o
                0x00000000001094f2                namopen
 .text          0x0000000000109540      0xec3 binaries/82545EMInit.o
                0x000000000010959e                _82545EMInit
                0x000000000010a26f                _82545EM_read_phy_reg
                0x000000000010a335                _82545EM_write_phy_reg
 .text          0x000000000010a403      0x241 binaries/ethcontrol.o
                0x000000000010a461                ethcontrol
                0x000000000010a5d7                ethIrqDisable
                0x000000000010a60c                ethIrqEnable
 .text          0x000000000010a644      0x252 binaries/ethhandler.o
                0x000000000010a7b4                ethhandler
 .text          0x000000000010a896      0x126 binaries/ethinit.o
                0x000000000010a896                ethinit
 .text          0x000000000010a9bc      0x1f4 binaries/ethread.o
                0x000000000010aa1a                ethread
 .text          0x000000000010abb0      0x19f binaries/ethwrite.o
                0x000000000010ac0e                ethwrite
 .text          0x000000000010ad4f       0x9e binaries/rdsbufalloc.o
                0x000000000010ad4f                rdsbufalloc
 .text          0x000000000010aded       0xcc binaries/rdsclose.o
                0x000000000010aded                rdsclose
 .text          0x000000000010aeb9      0x2e8 binaries/rdscomm.o
                0x000000000010aeb9                rdscomm
 .text          0x000000000010b1a1      0x233 binaries/rdscontrol.o
                0x000000000010b1a1                rdscontrol
 .text          0x000000000010b3d4      0x1f3 binaries/rdsinit.o
                0x000000000010b3d4                rdsinit
 .text          0x000000000010b5c7      0x19b binaries/rdsopen.o
                0x000000000010b5c7                rdsopen
 .text          0x000000000010b762      0x461 binaries/rdsprocess.o
                0x000000000010b762                rdsprocess
 .text          0x000000000010bbc3      0x259 binaries/rdsread.o
                0x000000000010bbc3                rdsread
 .text          0x000000000010be1c      0x1fe binaries/rdswrite.o
                0x000000000010be1c                rdswrite
 .text          0x000000000010c01a        0xa binaries/ramclose.o
                0x000000000010c01a                ramclose
 .text          0x000000000010c024       0x3e binaries/raminit.o
                0x000000000010c024                raminit
 .text          0x000000000010c062        0xa binaries/ramopen.o
                0x000000000010c062                ramopen
 .text          0x000000000010c06c       0x32 binaries/ramread.o
                0x000000000010c06c                ramread
 .text          0x000000000010c09e       0x32 binaries/ramwrite.o
                0x000000000010c09e                ramwrite
 .text          0x000000000010c0d0       0x98 binaries/lfdballoc.o
                0x000000000010c0d0                lfdballoc
 .text          0x000000000010c168       0x58 binaries/lfdbfree.o
                0x000000000010c168                lfdbfree
 .text          0x000000000010c1c0       0xb6 binaries/lfflush.o
                0x000000000010c1c0                lfflush
 .text          0x000000000010c276       0xd8 binaries/lfgetmode.o
                0x000000000010c276                lfgetmode
 .text          0x000000000010c34e       0x68 binaries/lfiballoc.o
                0x000000000010c34e                lfiballoc
 .text          0x000000000010c3b6       0x3b binaries/lfibclear.o
                0x000000000010c3b6                lfibclear
 .text          0x000000000010c3f1       0xad binaries/lfibget.o
                0x000000000010c3f1                lfibget
 .text          0x000000000010c49e       0xdc binaries/lfibput.o
                0x000000000010c49e                lfibput
 .text          0x000000000010c57a       0xa2 binaries/lflclose.o
                0x000000000010c57a                lflclose
 .text          0x000000000010c61c       0xd0 binaries/lflcontrol.o
                0x000000000010c61c                lflcontrol
 .text          0x000000000010c6ec       0xf2 binaries/lflgetc.o
                0x000000000010c6ec                lflgetc
 .text          0x000000000010c7de       0xf1 binaries/lflinit.o
                0x000000000010c7de                lflinit
 .text          0x000000000010c8cf      0x122 binaries/lflputc.o
                0x000000000010c8cf                lflputc
 .text          0x000000000010c9f1       0x70 binaries/lflread.o
                0x000000000010c9f1                lflread
 .text          0x000000000010ca61       0xac binaries/lflseek.o
                0x000000000010ca61                lflseek
 .text          0x000000000010cb0d       0x55 binaries/lflwrite.o
                0x000000000010cb0d                lflwrite
 .text          0x000000000010cb62       0x62 binaries/lfscheck.o
                0x000000000010cb62                lfscheck
 .text          0x000000000010cbc4      0x175 binaries/lfsckfmt.o
                0x000000000010cbc4                lfsckfmt
 .text          0x000000000010cd39      0x1ad binaries/lfscreate.o
                0x000000000010cd39                lfscreate
 .text          0x000000000010cee6      0x278 binaries/lfsetup.o
                0x000000000010cee6                lfsetup
 .text          0x000000000010d15e       0x51 binaries/lfsinit.o
                0x000000000010d15e                lfsinit
 .text          0x000000000010d1af      0x3c0 binaries/lfsopen.o
                0x000000000010d1af                lfsopen
 .text          0x000000000010d56f      0x15e binaries/lftruncate.o
                0x000000000010d56f                lftruncate
 .text          0x000000000010d6cd       0x71 binaries/rflclose.o
                0x000000000010d6cd                rflclose
 .text          0x000000000010d73e       0x32 binaries/rflgetc.o
                0x000000000010d73e                rflgetc
 .text          0x000000000010d770       0x76 binaries/rflinit.o
                0x000000000010d770                rflinit
 .text          0x000000000010d7e6       0x33 binaries/rflputc.o
                0x000000000010d7e6                rflputc
 .text          0x000000000010d819      0x360 binaries/rflread.o
                0x000000000010d819                rflread
 .text          0x000000000010db79       0x74 binaries/rflseek.o
                0x000000000010db79                rflseek
 .text          0x000000000010dbed      0x34d binaries/rflwrite.o
                0x000000000010dbed                rflwrite
 .text          0x000000000010df3a      0x1e2 binaries/rfscomm.o
                0x000000000010df3a                rfscomm
 .text          0x000000000010e11c      0x26d binaries/rfscontrol.o
                0x000000000010e11c                rfscontrol
 .text          0x000000000010e389       0xd8 binaries/rfsgetmode.o
                0x000000000010e389                rfsgetmode
 .text          0x000000000010e461       0x86 binaries/rfsinit.o
                0x000000000010e461                rfsinit
 .text          0x000000000010e4e7      0x111 binaries/rfsndmsg.o
                0x000000000010e4e7                rfsndmsg
 .text          0x000000000010e5f8      0x2aa binaries/rfsopen.o
                0x000000000010e5f8                rfsopen
 .text          0x000000000010e8a2      0x836 binaries/arp.o
                0x000000000010e8a2                arp_init
                0x000000000010e8d4                arp_resolve
                0x000000000010eb88                arp_in
                0x000000000010ee40                arp_alloc
                0x000000000010ef00                arp_ntoh
                0x000000000010efec                arp_hton
 .text          0x000000000010f0d8      0x8e3 binaries/dhcp.o
                0x000000000010f0d8                dhcp_get_opt_val
                0x000000000010f131                dhcp_bld_bootp_msg
                0x000000000010f23e                dhcp_bld_disc
                0x000000000010f327                dhcp_bld_req
                0x000000000010f499                getlocalip
 .text          0x000000000010f9bb      0x59f binaries/dns.o
                0x000000000010f9bb                dnslookup
 .text          0x000000000010ff5a       0xe8 binaries/dot2ip.o
                0x000000000010ff5a                dot2ip
 .text          0x0000000000110042      0x4c4 binaries/hexdump.o
                0x0000000000110042                hexdump
                0x00000000001101e9                hexadump
 .text          0x0000000000110506      0x8af binaries/icmp.o
                0x0000000000110506                icmp_init
                0x000000000011053d                icmp_in
                0x0000000000110713                icmp_register
                0x000000000011080e                icmp_recv
                0x000000000011099a                icmp_send
                0x0000000000110a22                icmp_mkpkt
                0x0000000000110b3c                icmp_release
                0x0000000000110c3a                icmp_cksum
                0x0000000000110ccd                icmp_hton
                0x0000000000110d41                icmp_ntoh
 .text          0x0000000000110db5      0x8a5 binaries/ip.o
                0x0000000000110db5                ip_in
                0x0000000000110f39                ip_send
                0x0000000000111094                ip_local
                0x00000000001110e0                ip_out
                0x0000000000111219                ipcksum
                0x000000000011129f                ip_ntoh
                0x000000000011138b                ip_hton
                0x0000000000111477                ipout
                0x00000000001115a6                ip_enqueue
 .text          0x000000000011165a      0x2cd binaries/net.o
                0x000000000011165a                net_init
                0x0000000000111782                netin
                0x000000000011183f                eth_hton
                0x0000000000111869                eth_ntoh
                0x0000000000111893                getport
 .text          0x0000000000111927     0x147f binaries/pdump.o
                0x0000000000111927                pdump
                0x00000000001126e4                pdumph
 .text          0x0000000000112da6      0x613 binaries/tftp.o
                0x0000000000112da6                tftp_send1
                0x0000000000112f1e                tftpget
                0x0000000000112f50                tftpget_mb
 .text          0x00000000001133b9      0xb82 binaries/udp.o
                0x00000000001133b9                udp_init
                0x00000000001133ee                udp_in
                0x0000000000113530                udp_register
                0x000000000011366d                udp_recv
                0x0000000000113809                udp_recvaddr
                0x00000000001139bd                udp_send
                0x0000000000113ba5                udp_sendto
                0x0000000000113d56                udp_release
                0x0000000000113e51                udp_ntoh
                0x0000000000113ec6                udp_hton
 .text          0x0000000000113f3b      0x138 binaries/addargs.o
                0x0000000000113f3b                addargs
 .text          0x0000000000114073      0x2c9 binaries/lexan.o
                0x0000000000114073                lexan
 .text          0x000000000011433c      0x663 binaries/shell.o
                0x000000000011433c                shell
 .text          0x000000000011499f       0x69 binaries/xsh_argecho.o
                0x000000000011499f                xsh_argecho
 .text          0x0000000000114a08      0x275 binaries/xsh_arp.o
                0x0000000000114a08                xsh_arp
 .text          0x0000000000114c7d      0x26f binaries/xsh_cat.o
                0x0000000000114c7d                xsh_cat
 .text          0x0000000000114eec       0x5e binaries/xsh_clear.o
                0x0000000000114eec                xsh_clear
 .text          0x0000000000114f4a      0x2f7 binaries/xsh_date.o
                0x0000000000114f4a                xsh_date
 .text          0x0000000000115241       0xae binaries/xsh_devdump.o
                0x0000000000115241                xsh_devdump
 .text          0x00000000001152ef       0x72 binaries/xsh_echo.o
                0x00000000001152ef                xsh_echo
 .text          0x0000000000115361        0xa binaries/xsh_exit.o
                0x0000000000115361                xsh_exit
 .text          0x000000000011536b      0x389 binaries/xsh_help.o
                0x000000000011536b                xsh_help
 .text          0x00000000001156f4      0x249 binaries/xsh_kill.o
                0x00000000001156f4                xsh_kill
 .text          0x000000000011593d      0x545 binaries/xsh_memdump.o
                0x000000000011593d                xsh_memdump
 .text          0x0000000000115e82      0x2a7 binaries/xsh_memstat.o
                0x0000000000115e82                xsh_memstat
 .text          0x0000000000116129      0x50d binaries/xsh_netinfo.o
                0x0000000000116129                xsh_netinfo
 .text          0x0000000000116636      0x48f binaries/xsh_ping.o
                0x0000000000116636                xsh_ping
 .text          0x0000000000116ac5      0x239 binaries/xsh_ps.o
                0x0000000000116ac5                xsh_ps
 .text          0x0000000000116cfe      0x225 binaries/xsh_sleep.o
                0x0000000000116cfe                xsh_sleep
 .text          0x0000000000116f23      0x27a binaries/xsh_udpdump.o
                0x0000000000116f23                xsh_udpdump
 .text          0x000000000011719d      0x4bf binaries/xsh_udpecho.o
                0x000000000011719d                xsh_udpecho
 .text          0x000000000011765c      0x2b0 binaries/xsh_udpserver.o
                0x000000000011765c                xsh_udpeserver
 .text          0x000000000011790c      0x1f3 binaries/xsh_uptime.o
                0x000000000011790c                xsh_uptime
 .text          0x0000000000117aff        0xe binaries/clkdisp.o
                0x0000000000117aff                clkdisp
 .text          0x0000000000117b0d       0x19 binaries/ctxsw.o
                0x0000000000117b0d                ctxsw
 .text          0x0000000000117b26      0x36b binaries/intr.o
                0x0000000000117b26                disable
                0x0000000000117b2f                restore
                0x0000000000117b3d                enable
                0x0000000000117b3f                pause
                0x0000000000117b46                halt
                0x0000000000117b4c                spurious_irq7
                0x0000000000117b51                spurious_irq15
                0x0000000000117b60                _Xint0
                0x0000000000117b6b                _Xint1
                0x0000000000117b76                _Xint2
                0x0000000000117b81                _Xint3
                0x0000000000117b8c                _Xint4
                0x0000000000117b97                _Xint5
                0x0000000000117ba2                _Xint6
                0x0000000000117bad                _Xint7
                0x0000000000117bb8                _Xint8
                0x0000000000117bc3                _Xint9
                0x0000000000117bce                _Xint10
                0x0000000000117bd9                _Xint11
                0x0000000000117be7                _Xint12
                0x0000000000117bf5                _Xint13
                0x0000000000117c03                _Xint14
                0x0000000000117c11                _Xint15
                0x0000000000117c1f                _Xint16
                0x0000000000117c2d                _Xint17
                0x0000000000117c3b                _Xint18
                0x0000000000117c49                _Xint19
                0x0000000000117c57                _Xint20
                0x0000000000117c65                _Xint21
                0x0000000000117c73                _Xint22
                0x0000000000117c81                _Xint23
                0x0000000000117c8f                _Xint24
                0x0000000000117c9d                _Xint25
                0x0000000000117cab                _Xint26
                0x0000000000117cb9                _Xint27
                0x0000000000117cc7                _Xint28
                0x0000000000117cd5                _Xint29
                0x0000000000117ce3                _Xint30
                0x0000000000117cf1                _Xint31
                0x0000000000117cff                _Xint32
                0x0000000000117d0d                _Xint33
                0x0000000000117d1b                _Xint34
                0x0000000000117d29                _Xint35
                0x0000000000117d37                _Xint36
                0x0000000000117d45                _Xint37
                0x0000000000117d53                _Xint38
                0x0000000000117d61                _Xint39
                0x0000000000117d6f                _Xint40
                0x0000000000117d7d                _Xint41
                0x0000000000117d8b                _Xint42
                0x0000000000117d99                _Xint43
                0x0000000000117da7                _Xint44
                0x0000000000117db5                _Xint45
                0x0000000000117dc3                _Xint46
                0x0000000000117dd1                defevec
 .text          0x0000000000117e91        0xf binaries/ttydispatch.o
                0x0000000000117e91                ttydispatch
 .text          0x0000000000117ea0       0x13 binaries/ethdispatch.o
                0x0000000000117ea0                ethdispatch
 *(.rodata .rodata.*)
 *fill*         0x0000000000117eb3        0x1 
 .rodata        0x0000000000117eb4       0x8e binaries/ascdate.o
 .rodata        0x0000000000117f42       0xae binaries/conf.o
 .rodata        0x0000000000117ff0       0x11 binaries/create.o
 *fill*         0x0000000000118001        0x3 
 .rodata        0x0000000000118004      0x22f binaries/evec.o
 *fill*         0x0000000000118233        0x1 
 .rodata        0x0000000000118234       0x61 binaries/getutime.o
 *fill*         0x0000000000118295        0x3 
 .rodata        0x0000000000118298       0x90 binaries/i386.o
 .rodata        0x0000000000118328      0x180 binaries/initialize.o
 .rodata        0x00000000001184a8       0x20 binaries/kill.o
 .rodata        0x00000000001184c8      0x2a9 binaries/main.o
 .rodata        0x0000000000118771        0xf binaries/panic.o
 .rodata        0x0000000000118780      0x1ec binaries/pci.o
 .rodata        0x000000000011896c       0x7a binaries/print_ready_list.o
 .rodata        0x00000000001189e6       0x1d binaries/ptinit.o
 *fill*         0x0000000000118a03        0x1 
 .rodata        0x0000000000118a04       0x25 binaries/ptsend.o
 *fill*         0x0000000000118a29        0x3 
 .rodata        0x0000000000118a2c       0xb7 binaries/stacktrace.o
 *fill*         0x0000000000118ae3        0x1 
 .rodata        0x0000000000118ae4       0x27 binaries/xdone.o
 *fill*         0x0000000000118b0b       0x15 
 .rodata        0x0000000000118b20       0x81 binaries/ctype_.o
                0x0000000000118b20                _ctype_
 *fill*         0x0000000000118ba1        0x3 
 .rodata        0x0000000000118ba4       0xee binaries/doprnt.o
 *fill*         0x0000000000118c92        0x2 
 .rodata        0x0000000000118c94       0x98 binaries/doscan.o
 .rodata        0x0000000000118d2c       0xae binaries/fdoprnt.o
 *fill*         0x0000000000118dda        0x2 
 .rodata        0x0000000000118ddc       0x20 binaries/ttycontrol.o
 .rodata        0x0000000000118dfc       0x34 binaries/ttyhandler.o
 .rodata        0x0000000000118e30       0x80 binaries/naminit.o
 .rodata        0x0000000000118eb0       0x2e binaries/82545EMInit.o
 *fill*         0x0000000000118ede        0x2 
 .rodata        0x0000000000118ee0       0x78 binaries/ethinit.o
 .rodata        0x0000000000118f58       0x18 binaries/ethread.o
 .rodata        0x0000000000118f70       0x2c binaries/rdsbufalloc.o
 .rodata        0x0000000000118f9c       0x76 binaries/rdscomm.o
 *fill*         0x0000000000119012        0x2 
 .rodata        0x0000000000119014       0x48 binaries/rdscontrol.o
 .rodata        0x000000000011905c       0x96 binaries/rdsinit.o
 *fill*         0x00000000001190f2        0x2 
 .rodata        0x00000000001190f4       0x22 binaries/rdsopen.o
 *fill*         0x0000000000119116        0x2 
 .rodata        0x0000000000119118       0x4d binaries/rdsprocess.o
 .rodata        0x0000000000119165        0x9 binaries/raminit.o
 *fill*         0x000000000011916e        0x2 
 .rodata        0x0000000000119170       0x37 binaries/lfdballoc.o
 .rodata        0x00000000001191a7       0x14 binaries/lfiballoc.o
 *fill*         0x00000000001191bb        0x1 
 .rodata        0x00000000001191bc       0x23 binaries/lflcontrol.o
 *fill*         0x00000000001191df        0x1 
 .rodata        0x00000000001191e0      0x11b binaries/lfsckfmt.o
 *fill*         0x00000000001192fb        0x1 
 .rodata        0x00000000001192fc       0x2a binaries/lfsopen.o
 *fill*         0x0000000000119326        0x2 
 .rodata        0x0000000000119328       0x21 binaries/rflread.o
 *fill*         0x0000000000119349        0x3 
 .rodata        0x000000000011934c       0x21 binaries/rflwrite.o
 *fill*         0x000000000011936d        0x3 
 .rodata        0x0000000000119370       0x75 binaries/rfscomm.o
 *fill*         0x00000000001193e5        0x3 
 .rodata        0x00000000001193e8       0x3c binaries/rfscontrol.o
 .rodata        0x0000000000119424       0x63 binaries/rfsinit.o
 *fill*         0x0000000000119487        0x1 
 .rodata        0x0000000000119488       0x2a binaries/rfsndmsg.o
 *fill*         0x00000000001194b2        0x2 
 .rodata        0x00000000001194b4       0x22 binaries/rfsopen.o
 *fill*         0x00000000001194d6        0x2 
 .rodata        0x00000000001194d8       0x3a binaries/arp.o
 *fill*         0x0000000000119512        0x2 
 .rodata        0x0000000000119514       0xcf binaries/dhcp.o
 .rodata        0x00000000001195e3       0x1a binaries/dns.o
 *fill*         0x00000000001195fd        0x3 
 .rodata        0x0000000000119600       0xc9 binaries/hexdump.o
 *fill*         0x00000000001196c9        0x3 
 .rodata        0x00000000001196cc       0x29 binaries/icmp.o
 *fill*         0x00000000001196f5        0x3 
 .rodata        0x00000000001196f8       0x6e binaries/ip.o
 *fill*         0x0000000000119766        0x2 
 .rodata        0x0000000000119768       0x4f binaries/net.o
 *fill*         0x00000000001197b7        0x1 
 .rodata        0x00000000001197b8      0x26f binaries/pdump.o
 *fill*         0x0000000000119a27        0x1 
 .rodata        0x0000000000119a28      0x154 binaries/tftp.o
 *fill*         0x0000000000119b7c        0x4 
 .rodata        0x0000000000119b80      0x3c1 binaries/shell.o
                0x0000000000119c00                cmdtab
 .rodata        0x0000000000119f41       0x28 binaries/xsh_argecho.o
 *fill*         0x0000000000119f69        0x3 
 .rodata        0x0000000000119f6c      0x123 binaries/xsh_arp.o
 *fill*         0x000000000011a08f        0x1 
 .rodata        0x000000000011a090       0xc9 binaries/xsh_cat.o
 .rodata        0x000000000011a159       0x19 binaries/xsh_clear.o
 *fill*         0x000000000011a172        0x2 
 .rodata        0x000000000011a174      0x1c3 binaries/xsh_date.o
 .rodata        0x000000000011a337       0x5d binaries/xsh_devdump.o
 .rodata        0x000000000011a394        0x9 binaries/xsh_echo.o
 *fill*         0x000000000011a39d        0x3 
 .rodata        0x000000000011a3a0      0x169 binaries/xsh_help.o
 *fill*         0x000000000011a509        0x3 
 .rodata        0x000000000011a50c      0x12e binaries/xsh_kill.o
 *fill*         0x000000000011a63a        0x2 
 .rodata        0x000000000011a63c      0x266 binaries/xsh_memdump.o
 *fill*         0x000000000011a8a2        0x2 
 .rodata        0x000000000011a8a4      0x225 binaries/xsh_memstat.o
 *fill*         0x000000000011aac9        0x3 
 .rodata        0x000000000011aacc      0x1b0 binaries/xsh_netinfo.o
 .rodata        0x000000000011ac7c      0x1a1 binaries/xsh_ping.o
 *fill*         0x000000000011ae1d        0x3 
 .rodata        0x000000000011ae20      0x1e0 binaries/xsh_ps.o
 .rodata        0x000000000011b000       0xeb binaries/xsh_sleep.o
 *fill*         0x000000000011b0eb        0x1 
 .rodata        0x000000000011b0ec      0x1b8 binaries/xsh_udpdump.o
 .rodata        0x000000000011b2a4      0x215 binaries/xsh_udpecho.o
 *fill*         0x000000000011b4b9        0x3 
 .rodata        0x000000000011b4bc      0x12b binaries/xsh_udpserver.o
 *fill*         0x000000000011b5e7        0x1 
 .rodata        0x000000000011b5e8      0x105 binaries/xsh_uptime.o
                0x000000000011b6ed                etext = ABSOLUTE (.)
                0x000000000011c000                . = ALIGN (0x1000)
 *fill*         0x000000000011b6ed      0x913 

.eh_frame       0x000000000011c000     0x2d60
 .eh_frame      0x000000000011c000       0x38 binaries/ascdate.o
 .eh_frame      0x000000000011c038       0x20 binaries/bufinit.o
                                         0x38 (size before relaxing)
 .eh_frame      0x000000000011c058       0x20 binaries/chprio.o
                                         0x38 (size before relaxing)
 .eh_frame      0x000000000011c078       0x20 binaries/clkhandler.o
                                         0x38 (size before relaxing)
 .eh_frame      0x000000000011c098       0x20 binaries/clkinit.o
                                         0x38 (size before relaxing)
 .eh_frame      0x000000000011c0b8       0x20 binaries/close.o
                                         0x38 (size before relaxing)
 .eh_frame      0x000000000011c0d8       0x20 binaries/control.o
                                         0x38 (size before relaxing)
 .eh_frame      0x000000000011c0f8       0x80 binaries/create.o
                                         0x98 (size before relaxing)
 .eh_frame      0x000000000011c178       0x60 binaries/evec.o
                                         0x78 (size before relaxing)
 .eh_frame      0x000000000011c1d8       0x20 binaries/exit.o
                                         0x38 (size before relaxing)
 .eh_frame      0x000000000011c1f8       0x20 binaries/freebuf.o
                                         0x38 (size before relaxing)
 .eh_frame      0x000000000011c218       0x20 binaries/freemem.o
                                         0x38 (size before relaxing)
 .eh_frame      0x000000000011c238       0x20 binaries/getbuf.o
                                         0x38 (size before relaxing)
 .eh_frame      0x000000000011c258       0x20 binaries/getc.o
                                         0x38 (size before relaxing)
 .eh_frame      0x000000000011c278       0x20 binaries/getdev.o
                                         0x38 (size before relaxing)
 .eh_frame      0x000000000011c298       0x60 binaries/getitem.o
                                         0x78 (size before relaxing)
 .eh_frame      0x000000000011c2f8       0x20 binaries/getmem.o
                                         0x38 (size before relaxing)
 .eh_frame      0x000000000011c318       0x20 binaries/getpid.o
                                         0x38 (size before relaxing)
 .eh_frame      0x000000000011c338       0x20 binaries/getprio.o
                                         0x38 (size before relaxing)
 .eh_frame      0x000000000011c358       0x20 binaries/getstk.o
                                         0x38 (size before relaxing)
 .eh_frame      0x000000000011c378       0x20 binaries/getticks.o
                                         0x38 (size before relaxing)
 .eh_frame      0x000000000011c398       0x20 binaries/gettime.o
                                         0x38 (size before relaxing)
 .eh_frame      0x000000000011c3b8       0x20 binaries/getutime.o
                                         0x38 (size before relaxing)
 .eh_frame      0x000000000011c3d8       0x8c binaries/i386.o
                                         0xa4 (size before relaxing)
 .eh_frame      0x000000000011c464       0x20 binaries/init.o
                                         0x38 (size before relaxing)
 .eh_frame      0x000000000011c484       0xa0 binaries/initialize.o
                                         0xb8 (size before relaxing)
 .eh_frame      0x000000000011c524       0x20 binaries/insert.o
                                         0x38 (size before relaxing)
 .eh_frame      0x000000000011c544       0x20 binaries/insertd.o
                                         0x38 (size before relaxing)
 .eh_frame      0x000000000011c564       0x20 binaries/ioerr.o
                                         0x38 (size before relaxing)
 .eh_frame      0x000000000011c584       0x20 binaries/ionull.o
                                         0x38 (size before relaxing)
 .eh_frame      0x000000000011c5a4       0x20 binaries/kill.o
                                         0x38 (size before relaxing)
 .eh_frame      0x000000000011c5c4       0x60 binaries/kprintf.o
                                         0x78 (size before relaxing)
 .eh_frame      0x000000000011c624       0x5c binaries/main.o
                                         0x74 (size before relaxing)
 .eh_frame      0x000000000011c680       0x40 binaries/mark.o
                                         0x58 (size before relaxing)
 .eh_frame      0x000000000011c6c0       0x20 binaries/meminit.o
                                         0x38 (size before relaxing)
 .eh_frame      0x000000000011c6e0       0x20 binaries/mkbufpool.o
                                         0x38 (size before relaxing)
 .eh_frame      0x000000000011c700       0x80 binaries/mlfq.o
                                         0x98 (size before relaxing)
 .eh_frame      0x000000000011c780       0x20 binaries/newqueue.o
                                         0x38 (size before relaxing)
 .eh_frame      0x000000000011c7a0       0x20 binaries/open.o
                                         0x38 (size before relaxing)
 .eh_frame      0x000000000011c7c0       0x1c binaries/panic.o
                                         0x34 (size before relaxing)
 .eh_frame      0x000000000011c7dc      0x1c8 binaries/pci.o
                                        0x1e0 (size before relaxing)
 .eh_frame      0x000000000011c9a4       0x40 binaries/print_ready_list.o
                                         0x58 (size before relaxing)
 .eh_frame      0x000000000011c9e4       0x20 binaries/ptclear.o
                                         0x38 (size before relaxing)
 .eh_frame      0x000000000011ca04       0x20 binaries/ptcount.o
                                         0x38 (size before relaxing)
 .eh_frame      0x000000000011ca24       0x20 binaries/ptcreate.o
                                         0x38 (size before relaxing)
 .eh_frame      0x000000000011ca44       0x20 binaries/ptdelete.o
                                         0x38 (size before relaxing)
 .eh_frame      0x000000000011ca64       0x20 binaries/ptinit.o
                                         0x38 (size before relaxing)
 .eh_frame      0x000000000011ca84       0x20 binaries/ptrecv.o
                                         0x38 (size before relaxing)
 .eh_frame      0x000000000011caa4       0x20 binaries/ptreset.o
                                         0x38 (size before relaxing)
 .eh_frame      0x000000000011cac4       0x20 binaries/ptsend.o
                                         0x38 (size before relaxing)
 .eh_frame      0x000000000011cae4       0x20 binaries/putc.o
                                         0x38 (size before relaxing)
 .eh_frame      0x000000000011cb04       0x40 binaries/queue.o
                                         0x58 (size before relaxing)
 .eh_frame      0x000000000011cb44       0x20 binaries/read.o
                                         0x38 (size before relaxing)
 .eh_frame      0x000000000011cb64       0x24 binaries/ready.o
                                         0x3c (size before relaxing)
 .eh_frame      0x000000000011cb88       0x20 binaries/receive.o
                                         0x38 (size before relaxing)
 .eh_frame      0x000000000011cba8       0x20 binaries/recvclr.o
                                         0x38 (size before relaxing)
 .eh_frame      0x000000000011cbc8       0x20 binaries/recvtime.o
                                         0x38 (size before relaxing)
 .eh_frame      0x000000000011cbe8       0x40 binaries/resched.o
                                         0x58 (size before relaxing)
 .eh_frame      0x000000000011cc28       0x20 binaries/resume.o
                                         0x38 (size before relaxing)
 .eh_frame      0x000000000011cc48       0x20 binaries/seek.o
                                         0x38 (size before relaxing)
 .eh_frame      0x000000000011cc68       0x20 binaries/semcount.o
                                         0x38 (size before relaxing)
 .eh_frame      0x000000000011cc88       0x40 binaries/semcreate.o
                                         0x58 (size before relaxing)
 .eh_frame      0x000000000011ccc8       0x20 binaries/semdelete.o
                                         0x38 (size before relaxing)
 .eh_frame      0x000000000011cce8       0x20 binaries/semreset.o
                                         0x38 (size before relaxing)
 .eh_frame      0x000000000011cd08       0x20 binaries/send.o
                                         0x38 (size before relaxing)
 .eh_frame      0x000000000011cd28       0x20 binaries/signal.o
                                         0x38 (size before relaxing)
 .eh_frame      0x000000000011cd48       0x20 binaries/signaln.o
                                         0x38 (size before relaxing)
 .eh_frame      0x000000000011cd68       0x40 binaries/sleep.o
                                         0x58 (size before relaxing)
 .eh_frame      0x000000000011cda8       0x20 binaries/stacktrace.o
                                         0x38 (size before relaxing)
 .eh_frame      0x000000000011cdc8       0x20 binaries/suspend.o
                                         0x38 (size before relaxing)
 .eh_frame      0x000000000011cde8       0x20 binaries/unsleep.o
                                         0x38 (size before relaxing)
 .eh_frame      0x000000000011ce08       0x20 binaries/userret.o
                                         0x38 (size before relaxing)
 .eh_frame      0x000000000011ce28       0x20 binaries/wait.o
                                         0x38 (size before relaxing)
 .eh_frame      0x000000000011ce48       0x20 binaries/wakeup.o
                                         0x38 (size before relaxing)
 .eh_frame      0x000000000011ce68       0x20 binaries/write.o
                                         0x38 (size before relaxing)
 .eh_frame      0x000000000011ce88       0x20 binaries/xdone.o
                                         0x38 (size before relaxing)
 .eh_frame      0x000000000011cea8       0x20 binaries/yield.o
                                         0x38 (size before relaxing)
 .eh_frame      0x000000000011cec8       0x20 binaries/abs.o
                                         0x38 (size before relaxing)
 .eh_frame      0x000000000011cee8       0x20 binaries/atoi.o
                                         0x38 (size before relaxing)
 .eh_frame      0x000000000011cf08       0x20 binaries/atol.o
                                         0x38 (size before relaxing)
 .eh_frame      0x000000000011cf28       0x20 binaries/bzero.o
                                         0x38 (size before relaxing)
 .eh_frame      0x000000000011cf48       0xe0 binaries/doprnt.o
                                         0xf8 (size before relaxing)
 .eh_frame      0x000000000011d028       0xb0 binaries/doscan.o
                                         0xc8 (size before relaxing)
 .eh_frame      0x000000000011d0d8       0xc0 binaries/fdoprnt.o
                                         0xd8 (size before relaxing)
 .eh_frame      0x000000000011d198       0x20 binaries/fgetc.o
                                         0x38 (size before relaxing)
 .eh_frame      0x000000000011d1b8       0x20 binaries/fgets.o
                                         0x38 (size before relaxing)
 .eh_frame      0x000000000011d1d8       0x20 binaries/fprintf.o
                                         0x38 (size before relaxing)
 .eh_frame      0x000000000011d1f8       0x20 binaries/fputc.o
                                         0x38 (size before relaxing)
 .eh_frame      0x000000000011d218       0x20 binaries/fputs.o
                                         0x38 (size before relaxing)
 .eh_frame      0x000000000011d238       0x60 binaries/fscanf.o
                                         0x78 (size before relaxing)
 .eh_frame      0x000000000011d298       0x20 binaries/getchar.o
                                         0x38 (size before relaxing)
 .eh_frame      0x000000000011d2b8       0x20 binaries/labs.o
                                         0x38 (size before relaxing)
 .eh_frame      0x000000000011d2d8       0x20 binaries/memcmp.o
                                         0x38 (size before relaxing)
 .eh_frame      0x000000000011d2f8       0x24 binaries/memcpy.o
                                         0x3c (size before relaxing)
 .eh_frame      0x000000000011d31c       0x24 binaries/memset.o
                                         0x3c (size before relaxing)
 .eh_frame      0x000000000011d340       0x20 binaries/printf.o
                                         0x38 (size before relaxing)
 .eh_frame      0x000000000011d360       0x20 binaries/putchar.o
                                         0x38 (size before relaxing)
 .eh_frame      0x000000000011d380       0xa8 binaries/qsort.o
                                         0xc0 (size before relaxing)
 .eh_frame      0x000000000011d428       0x60 binaries/rand.o
                                         0x78 (size before relaxing)
 .eh_frame      0x000000000011d488       0x40 binaries/sprintf.o
                                         0x58 (size before relaxing)
 .eh_frame      0x000000000011d4c8       0x60 binaries/sscanf.o
                                         0x78 (size before relaxing)
 .eh_frame      0x000000000011d528       0x20 binaries/strchr.o
                                         0x38 (size before relaxing)
 .eh_frame      0x000000000011d548       0x20 binaries/strcmp.o
                                         0x38 (size before relaxing)
 .eh_frame      0x000000000011d568       0x20 binaries/strcpy.o
                                         0x38 (size before relaxing)
 .eh_frame      0x000000000011d588       0x20 binaries/strlen.o
                                         0x38 (size before relaxing)
 .eh_frame      0x000000000011d5a8       0x20 binaries/strncat.o
                                         0x38 (size before relaxing)
 .eh_frame      0x000000000011d5c8       0x20 binaries/strncmp.o
                                         0x38 (size before relaxing)
 .eh_frame      0x000000000011d5e8       0x28 binaries/strncpy.o
                                         0x40 (size before relaxing)
 .eh_frame      0x000000000011d610       0x20 binaries/strnlen.o
                                         0x38 (size before relaxing)
 .eh_frame      0x000000000011d630       0x20 binaries/strrchr.o
                                         0x38 (size before relaxing)
 .eh_frame      0x000000000011d650       0x20 binaries/strstr.o
                                         0x38 (size before relaxing)
 .eh_frame      0x000000000011d670       0x20 binaries/ttycontrol.o
                                         0x38 (size before relaxing)
 .eh_frame      0x000000000011d690       0x20 binaries/ttygetc.o
                                         0x38 (size before relaxing)
 .eh_frame      0x000000000011d6b0       0x80 binaries/ttyhandle_in.o
                                         0x98 (size before relaxing)
 .eh_frame      0x000000000011d730       0x20 binaries/ttyhandle_out.o
                                         0x38 (size before relaxing)
 .eh_frame      0x000000000011d750       0x20 binaries/ttyhandler.o
                                         0x38 (size before relaxing)
 .eh_frame      0x000000000011d770       0x20 binaries/ttyinit.o
                                         0x38 (size before relaxing)
 .eh_frame      0x000000000011d790       0x20 binaries/ttykickout.o
                                         0x38 (size before relaxing)
 .eh_frame      0x000000000011d7b0       0x20 binaries/ttyputc.o
                                         0x38 (size before relaxing)
 .eh_frame      0x000000000011d7d0       0x24 binaries/ttyread.o
                                         0x3c (size before relaxing)
 .eh_frame      0x000000000011d7f4       0x20 binaries/ttywrite.o
                                         0x38 (size before relaxing)
 .eh_frame      0x000000000011d814       0x40 binaries/mount.o
                                         0x58 (size before relaxing)
 .eh_frame      0x000000000011d854       0x20 binaries/naminit.o
                                         0x38 (size before relaxing)
 .eh_frame      0x000000000011d874       0x60 binaries/nammap.o
                                         0x78 (size before relaxing)
 .eh_frame      0x000000000011d8d4       0x20 binaries/namopen.o
                                         0x38 (size before relaxing)
 .eh_frame      0x000000000011d8f4      0x150 binaries/82545EMInit.o
                                        0x168 (size before relaxing)
 .eh_frame      0x000000000011da44       0xa0 binaries/ethcontrol.o
                                         0xb8 (size before relaxing)
 .eh_frame      0x000000000011dae4       0x80 binaries/ethhandler.o
                                         0x98 (size before relaxing)
 .eh_frame      0x000000000011db64       0x20 binaries/ethinit.o
                                         0x38 (size before relaxing)
 .eh_frame      0x000000000011db84       0x60 binaries/ethread.o
                                         0x78 (size before relaxing)
 .eh_frame      0x000000000011dbe4       0x60 binaries/ethwrite.o
                                         0x78 (size before relaxing)
 .eh_frame      0x000000000011dc44       0x20 binaries/rdsbufalloc.o
                                         0x38 (size before relaxing)
 .eh_frame      0x000000000011dc64       0x20 binaries/rdsclose.o
                                         0x38 (size before relaxing)
 .eh_frame      0x000000000011dc84       0x20 binaries/rdscomm.o
                                         0x38 (size before relaxing)
 .eh_frame      0x000000000011dca4       0x20 binaries/rdscontrol.o
                                         0x38 (size before relaxing)
 .eh_frame      0x000000000011dcc4       0x20 binaries/rdsinit.o
                                         0x38 (size before relaxing)
 .eh_frame      0x000000000011dce4       0x20 binaries/rdsopen.o
                                         0x38 (size before relaxing)
 .eh_frame      0x000000000011dd04       0x1c binaries/rdsprocess.o
                                         0x34 (size before relaxing)
 .eh_frame      0x000000000011dd20       0x20 binaries/rdsread.o
                                         0x38 (size before relaxing)
 .eh_frame      0x000000000011dd40       0x20 binaries/rdswrite.o
                                         0x38 (size before relaxing)
 .eh_frame      0x000000000011dd60       0x20 binaries/ramclose.o
                                         0x38 (size before relaxing)
 .eh_frame      0x000000000011dd80       0x20 binaries/raminit.o
                                         0x38 (size before relaxing)
 .eh_frame      0x000000000011dda0       0x20 binaries/ramopen.o
                                         0x38 (size before relaxing)
 .eh_frame      0x000000000011ddc0       0x20 binaries/ramread.o
                                         0x38 (size before relaxing)
 .eh_frame      0x000000000011dde0       0x20 binaries/ramwrite.o
                                         0x38 (size before relaxing)
 .eh_frame      0x000000000011de00       0x20 binaries/lfdballoc.o
                                         0x38 (size before relaxing)
 .eh_frame      0x000000000011de20       0x20 binaries/lfdbfree.o
                                         0x38 (size before relaxing)
 .eh_frame      0x000000000011de40       0x20 binaries/lfflush.o
                                         0x38 (size before relaxing)
 .eh_frame      0x000000000011de60       0x20 binaries/lfgetmode.o
                                         0x38 (size before relaxing)
 .eh_frame      0x000000000011de80       0x20 binaries/lfiballoc.o
                                         0x38 (size before relaxing)
 .eh_frame      0x000000000011dea0       0x20 binaries/lfibclear.o
                                         0x38 (size before relaxing)
 .eh_frame      0x000000000011dec0       0x20 binaries/lfibget.o
                                         0x38 (size before relaxing)
 .eh_frame      0x000000000011dee0       0x20 binaries/lfibput.o
                                         0x38 (size before relaxing)
 .eh_frame      0x000000000011df00       0x20 binaries/lflclose.o
                                         0x38 (size before relaxing)
 .eh_frame      0x000000000011df20       0x20 binaries/lflcontrol.o
                                         0x38 (size before relaxing)
 .eh_frame      0x000000000011df40       0x20 binaries/lflgetc.o
                                         0x38 (size before relaxing)
 .eh_frame      0x000000000011df60       0x20 binaries/lflinit.o
                                         0x38 (size before relaxing)
 .eh_frame      0x000000000011df80       0x20 binaries/lflputc.o
                                         0x38 (size before relaxing)
 .eh_frame      0x000000000011dfa0       0x20 binaries/lflread.o
                                         0x38 (size before relaxing)
 .eh_frame      0x000000000011dfc0       0x20 binaries/lflseek.o
                                         0x38 (size before relaxing)
 .eh_frame      0x000000000011dfe0       0x20 binaries/lflwrite.o
                                         0x38 (size before relaxing)
 .eh_frame      0x000000000011e000       0x20 binaries/lfscheck.o
                                         0x38 (size before relaxing)
 .eh_frame      0x000000000011e020       0x20 binaries/lfsckfmt.o
                                         0x38 (size before relaxing)
 .eh_frame      0x000000000011e040       0x20 binaries/lfscreate.o
                                         0x38 (size before relaxing)
 .eh_frame      0x000000000011e060       0x20 binaries/lfsetup.o
                                         0x38 (size before relaxing)
 .eh_frame      0x000000000011e080       0x20 binaries/lfsinit.o
                                         0x38 (size before relaxing)
 .eh_frame      0x000000000011e0a0       0x20 binaries/lfsopen.o
                                         0x38 (size before relaxing)
 .eh_frame      0x000000000011e0c0       0x20 binaries/lftruncate.o
                                         0x38 (size before relaxing)
 .eh_frame      0x000000000011e0e0       0x20 binaries/rflclose.o
                                         0x38 (size before relaxing)
 .eh_frame      0x000000000011e100       0x20 binaries/rflgetc.o
                                         0x38 (size before relaxing)
 .eh_frame      0x000000000011e120       0x20 binaries/rflinit.o
                                         0x38 (size before relaxing)
 .eh_frame      0x000000000011e140       0x20 binaries/rflputc.o
                                         0x38 (size before relaxing)
 .eh_frame      0x000000000011e160       0x20 binaries/rflread.o
                                         0x38 (size before relaxing)
 .eh_frame      0x000000000011e180       0x20 binaries/rflseek.o
                                         0x38 (size before relaxing)
 .eh_frame      0x000000000011e1a0       0x20 binaries/rflwrite.o
                                         0x38 (size before relaxing)
 .eh_frame      0x000000000011e1c0       0x20 binaries/rfscomm.o
                                         0x38 (size before relaxing)
 .eh_frame      0x000000000011e1e0       0x20 binaries/rfscontrol.o
                                         0x38 (size before relaxing)
 .eh_frame      0x000000000011e200       0x20 binaries/rfsgetmode.o
                                         0x38 (size before relaxing)
 .eh_frame      0x000000000011e220       0x20 binaries/rfsinit.o
                                         0x38 (size before relaxing)
 .eh_frame      0x000000000011e240       0x20 binaries/rfsndmsg.o
                                         0x38 (size before relaxing)
 .eh_frame      0x000000000011e260       0x20 binaries/rfsopen.o
                                         0x38 (size before relaxing)
 .eh_frame      0x000000000011e280       0xc0 binaries/arp.o
                                         0xd8 (size before relaxing)
 .eh_frame      0x000000000011e340       0xa0 binaries/dhcp.o
                                         0xb8 (size before relaxing)
 .eh_frame      0x000000000011e3e0       0x80 binaries/dns.o
                                         0x98 (size before relaxing)
 .eh_frame      0x000000000011e460       0x20 binaries/dot2ip.o
                                         0x38 (size before relaxing)
 .eh_frame      0x000000000011e480       0x40 binaries/hexdump.o
                                         0x58 (size before relaxing)
 .eh_frame      0x000000000011e4c0      0x14c binaries/icmp.o
                                        0x164 (size before relaxing)
 .eh_frame      0x000000000011e60c      0x11c binaries/ip.o
                                        0x134 (size before relaxing)
 .eh_frame      0x000000000011e728       0xa0 binaries/net.o
                                         0xb8 (size before relaxing)
 .eh_frame      0x000000000011e7c8       0x60 binaries/pdump.o
                                         0x78 (size before relaxing)
 .eh_frame      0x000000000011e828       0x60 binaries/tftp.o
                                         0x78 (size before relaxing)
 .eh_frame      0x000000000011e888      0x140 binaries/udp.o
                                        0x158 (size before relaxing)
 .eh_frame      0x000000000011e9c8       0x20 binaries/addargs.o
                                         0x38 (size before relaxing)
 .eh_frame      0x000000000011e9e8       0x20 binaries/lexan.o
                                         0x38 (size before relaxing)
 .eh_frame      0x000000000011ea08       0x20 binaries/shell.o
                                         0x38 (size before relaxing)
 .eh_frame      0x000000000011ea28       0x20 binaries/xsh_argecho.o
                                         0x38 (size before relaxing)
 .eh_frame      0x000000000011ea48       0x40 binaries/xsh_arp.o
                                         0x58 (size before relaxing)
 .eh_frame      0x000000000011ea88       0x20 binaries/xsh_cat.o
                                         0x38 (size before relaxing)
 .eh_frame      0x000000000011eaa8       0x20 binaries/xsh_clear.o
                                         0x38 (size before relaxing)
 .eh_frame      0x000000000011eac8       0x20 binaries/xsh_date.o
                                         0x38 (size before relaxing)
 .eh_frame      0x000000000011eae8       0x20 binaries/xsh_devdump.o
                                         0x38 (size before relaxing)
 .eh_frame      0x000000000011eb08       0x20 binaries/xsh_echo.o
                                         0x38 (size before relaxing)
 .eh_frame      0x000000000011eb28       0x20 binaries/xsh_exit.o
                                         0x38 (size before relaxing)
 .eh_frame      0x000000000011eb48       0x20 binaries/xsh_help.o
                                         0x38 (size before relaxing)
 .eh_frame      0x000000000011eb68       0x20 binaries/xsh_kill.o
                                         0x38 (size before relaxing)
 .eh_frame      0x000000000011eb88       0x40 binaries/xsh_memdump.o
                                         0x58 (size before relaxing)
 .eh_frame      0x000000000011ebc8       0x60 binaries/xsh_memstat.o
                                         0x78 (size before relaxing)
 .eh_frame      0x000000000011ec28       0x30 binaries/xsh_netinfo.o
                                         0x48 (size before relaxing)
 .eh_frame      0x000000000011ec58       0x24 binaries/xsh_ping.o
                                         0x3c (size before relaxing)
 .eh_frame      0x000000000011ec7c       0x30 binaries/xsh_ps.o
                                         0x48 (size before relaxing)
 .eh_frame      0x000000000011ecac       0x20 binaries/xsh_sleep.o
                                         0x38 (size before relaxing)
 .eh_frame      0x000000000011eccc       0x20 binaries/xsh_udpdump.o
                                         0x38 (size before relaxing)
 .eh_frame      0x000000000011ecec       0x30 binaries/xsh_udpecho.o
                                         0x48 (size before relaxing)
 .eh_frame      0x000000000011ed1c       0x24 binaries/xsh_udpserver.o
                                         0x3c (size before relaxing)
 .eh_frame      0x000000000011ed40       0x20 binaries/xsh_uptime.o
                                         0x38 (size before relaxing)

.iplt           0x000000000011ed60        0x0
 .iplt          0x000000000011ed60        0x0 binaries/start.o

.rel.dyn        0x000000000011ed60        0x0
 .rel.iplt      0x000000000011ed60        0x0 binaries/start.o
 .rel.text      0x000000000011ed60        0x0 binaries/start.o
 .rel.data      0x000000000011ed60        0x0 binaries/start.o
 .rel.rodata    0x000000000011ed60        0x0 binaries/start.o

.data           0x000000000011ed60     0x12a0
                0x000000000011ed60                data = ABSOLUTE (.)
 *(.data .data.*)
 .data          0x000000000011ed60      0x460 binaries/start.o
                0x000000000011ed60                gdt
                0x000000000011eda0                gdtr
                0x000000000011eda6                idt
                0x000000000011f1a6                idtr
                0x000000000011f1ac                cpudelay
                0x000000000011f1b0                _bootdev
                0x000000000011f1b4                _cyloffset
 .data          0x000000000011f1c0       0x88 binaries/ascdate.o
                0x000000000011f1c0                Date
 .data          0x000000000011f248        0x0 binaries/bufinit.o
 .data          0x000000000011f248        0x0 binaries/chprio.o
 .data          0x000000000011f248        0x4 binaries/clkhandler.o
 .data          0x000000000011f24c        0x0 binaries/clkinit.o
 .data          0x000000000011f24c        0x0 binaries/close.o
 *fill*         0x000000000011f24c       0x14 
 .data          0x000000000011f260      0x5a0 binaries/conf.o
                0x000000000011f260                devtab
 .data          0x000000000011f800        0x0 binaries/control.o
 .data          0x000000000011f800        0x4 binaries/create.o
 *fill*         0x000000000011f804       0x1c 
 .data          0x000000000011f820       0x40 binaries/evec.o
                0x000000000011f820                inames
 .data          0x000000000011f860        0x0 binaries/exit.o
 .data          0x000000000011f860        0x0 binaries/freebuf.o
 .data          0x000000000011f860        0x0 binaries/freemem.o
 .data          0x000000000011f860        0x0 binaries/getbuf.o
 .data          0x000000000011f860        0x0 binaries/getc.o
 .data          0x000000000011f860        0x0 binaries/getdev.o
 .data          0x000000000011f860        0x0 binaries/getitem.o
 .data          0x000000000011f860        0x0 binaries/getmem.o
 .data          0x000000000011f860        0x0 binaries/getpid.o
 .data          0x000000000011f860        0x0 binaries/getprio.o
 .data          0x000000000011f860        0x0 binaries/getstk.o
 .data          0x000000000011f860        0x0 binaries/getticks.o
 .data          0x000000000011f860        0x0 binaries/gettime.o
 .data          0x000000000011f860        0x0 binaries/getutime.o
 .data          0x000000000011f860       0x40 binaries/i386.o
                0x000000000011f860                gdt_copy
 .data          0x000000000011f8a0        0x0 binaries/init.o
 .data          0x000000000011f8a0        0x0 binaries/initialize.o
 .data          0x000000000011f8a0        0x0 binaries/insert.o
 .data          0x000000000011f8a0        0x0 binaries/insertd.o
 .data          0x000000000011f8a0        0x0 binaries/ioerr.o
 .data          0x000000000011f8a0        0x0 binaries/ionull.o
 .data          0x000000000011f8a0        0x0 binaries/kill.o
 .data          0x000000000011f8a0        0x0 binaries/kprintf.o
 .data          0x000000000011f8a0        0x0 binaries/main.o
 .data          0x000000000011f8a0        0x0 binaries/mark.o
 .data          0x000000000011f8a0        0x0 binaries/meminit.o
 .data          0x000000000011f8a0        0x0 binaries/mkbufpool.o
 .data          0x000000000011f8a0        0x0 binaries/mlfq.o
 .data          0x000000000011f8a0        0x2 binaries/newqueue.o
 .data          0x000000000011f8a2        0x0 binaries/open.o
 .data          0x000000000011f8a2        0x0 binaries/panic.o
 *fill*         0x000000000011f8a2        0x2 
 .data          0x000000000011f8a4       0x10 binaries/pci.o
 .data          0x000000000011f8b4        0x0 binaries/print_ready_list.o
[...]
 .comment       0x000000000000001d       0x1e binaries/dot2ip.o
 .comment       0x000000000000001d       0x1e binaries/hexdump.o
 .comment       0x000000000000001d       0x1e binaries/icmp.o
 .comment       0x000000000000001d       0x1e binaries/ip.o
 .comment       0x000000000000001d       0x1e binaries/net.o
 .comment       0x000000000000001d       0x1e binaries/pdump.o
 .comment       0x000000000000001d       0x1e binaries/tftp.o
 .comment       0x000000000000001d       0x1e binaries/udp.o
 .comment       0x000000000000001d       0x1e binaries/addargs.o
 .comment       0x000000000000001d       0x1e binaries/lexan.o
 .comment       0x000000000000001d       0x1e binaries/shell.o
 .comment       0x000000000000001d       0x1e binaries/xsh_argecho.o
 .comment       0x000000000000001d       0x1e binaries/xsh_arp.o
 .comment       0x000000000000001d       0x1e binaries/xsh_cat.o
 .comment       0x000000000000001d       0x1e binaries/xsh_clear.o
 .comment       0x000000000000001d       0x1e binaries/xsh_date.o
 .comment       0x000000000000001d       0x1e binaries/xsh_devdump.o
 .comment       0x000000000000001d       0x1e binaries/xsh_echo.o
 .comment       0x000000000000001d       0x1e binaries/xsh_exit.o
 .comment       0x000000000000001d       0x1e binaries/xsh_help.o
 .comment       0x000000000000001d       0x1e binaries/xsh_kill.o
 .comment       0x000000000000001d       0x1e binaries/xsh_memdump.o
 .comment       0x000000000000001d       0x1e binaries/xsh_memstat.o
 .comment       0x000000000000001d       0x1e binaries/xsh_netinfo.o
 .comment       0x000000000000001d       0x1e binaries/xsh_ping.o
 .comment       0x000000000000001d       0x1e binaries/xsh_ps.o
 .comment       0x000000000000001d       0x1e binaries/xsh_sleep.o
 .comment       0x000000000000001d       0x1e binaries/xsh_udpdump.o
 .comment       0x000000000000001d       0x1e binaries/xsh_udpecho.o
 .comment       0x000000000000001d       0x1e binaries/xsh_udpserver.o
 .comment       0x000000000000001d       0x1e binaries/xsh_uptime.o

.note.GNU-stack
                0x0000000000000000        0x0
 .note.GNU-stack
                0x0000000000000000        0x0 binaries/ascdate.o
 .note.GNU-stack
                0x0000000000000000        0x0 binaries/bufinit.o
 .note.GNU-stack
                0x0000000000000000        0x0 binaries/chprio.o
 .note.GNU-stack
                0x0000000000000000        0x0 binaries/clkhandler.o
 .note.GNU-stack
                0x0000000000000000        0x0 binaries/clkinit.o
 .note.GNU-stack
                0x0000000000000000        0x0 binaries/close.o
 .note.GNU-stack
                0x0000000000000000        0x0 binaries/conf.o
 .note.GNU-stack
                0x0000000000000000        0x0 binaries/control.o
 .note.GNU-stack
                0x0000000000000000        0x0 binaries/create.o
 .note.GNU-stack
                0x0000000000000000        0x0 binaries/evec.o
 .note.GNU-stack
                0x0000000000000000        0x0 binaries/exit.o
 .note.GNU-stack
                0x0000000000000000        0x0 binaries/freebuf.o
 .note.GNU-stack
                0x0000000000000000        0x0 binaries/freemem.o
 .note.GNU-stack
                0x0000000000000000        0x0 binaries/getbuf.o
 .note.GNU-stack
                0x0000000000000000        0x0 binaries/getc.o
 .note.GNU-stack
                0x0000000000000000        0x0 binaries/getdev.o
 .note.GNU-stack
                0x0000000000000000        0x0 binaries/getitem.o
 .note.GNU-stack
                0x0000000000000000        0x0 binaries/getmem.o
 .note.GNU-stack
                0x0000000000000000        0x0 binaries/getpid.o
 .note.GNU-stack
                0x0000000000000000        0x0 binaries/getprio.o
 .note.GNU-stack
                0x0000000000000000        0x0 binaries/getstk.o
 .note.GNU-stack
                0x0000000000000000        0x0 binaries/getticks.o
 .note.GNU-stack
                0x0000000000000000        0x0 binaries/gettime.o
 .note.GNU-stack
                0x0000000000000000        0x0 binaries/getutime.o
 .note.GNU-stack
                0x0000000000000000        0x0 binaries/i386.o
 .note.GNU-stack
                0x0000000000000000        0x0 binaries/init.o
 .note.GNU-stack
                0x0000000000000000        0x0 binaries/initialize.o
 .note.GNU-stack
                0x0000000000000000        0x0 binaries/insert.o
 .note.GNU-stack
                0x0000000000000000        0x0 binaries/insertd.o
 .note.GNU-stack
                0x0000000000000000        0x0 binaries/ioerr.o
 .note.GNU-stack
                0x0000000000000000        0x0 binaries/ionull.o
 .note.GNU-stack
                0x0000000000000000        0x0 binaries/kill.o
 .note.GNU-stack
                0x0000000000000000        0x0 binaries/kprintf.o
 .note.GNU-stack
                0x0000000000000000        0x0 binaries/main.o
 .note.GNU-stack
                0x0000000000000000        0x0 binaries/mark.o
 .note.GNU-stack
                0x0000000000000000        0x0 binaries/meminit.o
 .note.GNU-stack
                0x0000000000000000        0x0 binaries/mkbufpool.o
 .note.GNU-stack
                0x0000000000000000        0x0 binaries/mlfq.o
 .note.GNU-stack
                0x0000000000000000        0x0 binaries/newqueue.o
 .note.GNU-stack
                0x0000000000000000        0x0 binaries/open.o
 .note.GNU-stack
                0x0000000000000000        0x0 binaries/panic.o
 .note.GNU-stack
                0x0000000000000000        0x0 binaries/pci.o
 .note.GNU-stack
                0x0000000000000000        0x0 binaries/print_ready_list.o
 .note.GNU-stack
                0x0000000000000000        0x0 binaries/ptclear.o
 .note.GNU-stack
                0x0000000000000000        0x0 binaries/ptcount.o
 .note.GNU-stack
                0x0000000000000000        0x0 binaries/ptcreate.o
 .note.GNU-stack
                0x0000000000000000        0x0 binaries/ptdelete.o
 .note.GNU-stack
                0x0000000000000000        0x0 binaries/ptinit.o
 .note.GNU-stack
                0x0000000000000000        0x0 binaries/ptrecv.o
 .note.GNU-stack
                0x0000000000000000        0x0 binaries/ptreset.o
 .note.GNU-stack
                0x0000000000000000        0x0 binaries/ptsend.o
 .note.GNU-stack
                0x0000000000000000        0x0 binaries/putc.o
 .note.GNU-stack
                0x0000000000000000        0x0 binaries/queue.o
 .note.GNU-stack
                0x0000000000000000        0x0 binaries/read.o
 .note.GNU-stack
                0x0000000000000000        0x0 binaries/ready.o
 .note.GNU-stack
                0x0000000000000000        0x0 binaries/receive.o
 .note.GNU-stack
                0x0000000000000000        0x0 binaries/recvclr.o
 .note.GNU-stack
                0x0000000000000000        0x0 binaries/recvtime.o
 .note.GNU-stack
                0x0000000000000000        0x0 binaries/resched.o
 .note.GNU-stack
                0x0000000000000000        0x0 binaries/resume.o
 .note.GNU-stack
                0x0000000000000000        0x0 binaries/seek.o
 .note.GNU-stack
                0x0000000000000000        0x0 binaries/semcount.o
 .note.GNU-stack
                0x0000000000000000        0x0 binaries/semcreate.o
 .note.GNU-stack
                0x0000000000000000        0x0 binaries/semdelete.o
 .note.GNU-stack
                0x0000000000000000        0x0 binaries/semreset.o
 .note.GNU-stack
                0x0000000000000000        0x0 binaries/send.o
 .note.GNU-stack
                0x0000000000000000        0x0 binaries/signal.o
 .note.GNU-stack
                0x0000000000000000        0x0 binaries/signaln.o
 .note.GNU-stack
                0x0000000000000000        0x0 binaries/sleep.o
 .note.GNU-stack
                0x0000000000000000        0x0 binaries/stacktrace.o
 .note.GNU-stack
                0x0000000000000000        0x0 binaries/suspend.o
 .note.GNU-stack
                0x0000000000000000        0x0 binaries/unsleep.o
 .note.GNU-stack
                0x0000000000000000        0x0 binaries/userret.o
 .note.GNU-stack
                0x0000000000000000        0x0 binaries/wait.o
 .note.GNU-stack
                0x0000000000000000        0x0 binaries/wakeup.o
 .note.GNU-stack
                0x0000000000000000        0x0 binaries/write.o
 .note.GNU-stack
                0x0000000000000000        0x0 binaries/xdone.o
 .note.GNU-stack
                0x0000000000000000        0x0 binaries/yield.o
 .note.GNU-stack
                0x0000000000000000        0x0 binaries/abs.o
 .note.GNU-stack
                0x0000000000000000        0x0 binaries/atoi.o
 .note.GNU-stack
                0x0000000000000000        0x0 binaries/atol.o
 .note.GNU-stack
                0x0000000000000000        0x0 binaries/bzero.o
 .note.GNU-stack
                0x0000000000000000        0x0 binaries/ctype_.o
 .note.GNU-stack
                0x0000000000000000        0x0 binaries/doprnt.o
 .note.GNU-stack
                0x0000000000000000        0x0 binaries/doscan.o
 .note.GNU-stack
                0x0000000000000000        0x0 binaries/fdoprnt.o
 .note.GNU-stack
                0x0000000000000000        0x0 binaries/fgetc.o
 .note.GNU-stack
                0x0000000000000000        0x0 binaries/fgets.o
 .note.GNU-stack
                0x0000000000000000        0x0 binaries/fprintf.o
 .note.GNU-stack
                0x0000000000000000        0x0 binaries/fputc.o
 .note.GNU-stack
                0x0000000000000000        0x0 binaries/fputs.o
 .note.GNU-stack
                0x0000000000000000        0x0 binaries/fscanf.o
 .note.GNU-stack
                0x0000000000000000        0x0 binaries/getchar.o
 .note.GNU-stack
                0x0000000000000000        0x0 binaries/labs.o
 .note.GNU-stack
                0x0000000000000000        0x0 binaries/memchr.o
 .note.GNU-stack
                0x0000000000000000        0x0 binaries/memcmp.o
 .note.GNU-stack
                0x0000000000000000        0x0 binaries/memcpy.o
 .note.GNU-stack
                0x0000000000000000        0x0 binaries/memset.o
 .note.GNU-stack
                0x0000000000000000        0x0 binaries/printf.o
 .note.GNU-stack
                0x0000000000000000        0x0 binaries/putchar.o
 .note.GNU-stack
                0x0000000000000000        0x0 binaries/qsort.o
 .note.GNU-stack
                0x0000000000000000        0x0 binaries/rand.o
 .note.GNU-stack
                0x0000000000000000        0x0 binaries/sprintf.o
 .note.GNU-stack
                0x0000000000000000        0x0 binaries/sscanf.o
 .note.GNU-stack
                0x0000000000000000        0x0 binaries/strchr.o
 .note.GNU-stack
                0x0000000000000000        0x0 binaries/strcmp.o
 .note.GNU-stack
                0x0000000000000000        0x0 binaries/strcpy.o
 .note.GNU-stack
                0x0000000000000000        0x0 binaries/strlen.o
 .note.GNU-stack
                0x0000000000000000        0x0 binaries/strncat.o
 .note.GNU-stack
                0x0000000000000000        0x0 binaries/strncmp.o
 .note.GNU-stack
                0x0000000000000000        0x0 binaries/strncpy.o
 .note.GNU-stack
                0x0000000000000000        0x0 binaries/strnlen.o
 .note.GNU-stack
                0x0000000000000000        0x0 binaries/strrchr.o
 .note.GNU-stack
                0x0000000000000000        0x0 binaries/strstr.o
 .note.GNU-stack
                0x0000000000000000        0x0 binaries/ttycontrol.o
 .note.GNU-stack
                0x0000000000000000        0x0 binaries/ttygetc.o
 .note.GNU-stack
                0x0000000000000000        0x0 binaries/ttyhandle_in.o
 .note.GNU-stack
                0x0000000000000000        0x0 binaries/ttyhandle_out.o
 .note.GNU-stack
                0x0000000000000000        0x0 binaries/ttyhandler.o
 .note.GNU-stack
                0x0000000000000000        0x0 binaries/ttyinit.o
 .note.GNU-stack
                0x0000000000000000        0x0 binaries/ttykickout.o
 .note.GNU-stack
                0x0000000000000000        0x0 binaries/ttyputc.o
 .note.GNU-stack
                0x0000000000000000        0x0 binaries/ttyread.o
 .note.GNU-stack
                0x0000000000000000        0x0 binaries/ttywrite.o
 .note.GNU-stack
                0x0000000000000000        0x0 binaries/mount.o
 .note.GNU-stack
                0x0000000000000000        0x0 binaries/naminit.o
 .note.GNU-stack
                0x0000000000000000        0x0 binaries/nammap.o
 .note.GNU-stack
                0x0000000000000000        0x0 binaries/namopen.o
 .note.GNU-stack
                0x0000000000000000        0x0 binaries/82545EMInit.o
 .note.GNU-stack
                0x0000000000000000        0x0 binaries/ethcontrol.o
 .note.GNU-stack
                0x0000000000000000        0x0 binaries/ethhandler.o
 .note.GNU-stack
                0x0000000000000000        0x0 binaries/ethinit.o
 .note.GNU-stack
                0x0000000000000000        0x0 binaries/ethread.o
 .note.GNU-stack
                0x0000000000000000        0x0 binaries/ethwrite.o
 .note.GNU-stack
                0x0000000000000000        0x0 binaries/rdsbufalloc.o
 .note.GNU-stack
                0x0000000000000000        0x0 binaries/rdsclose.o
 .note.GNU-stack
                0x0000000000000000        0x0 binaries/rdscomm.o
 .note.GNU-stack
                0x0000000000000000        0x0 binaries/rdscontrol.o
 .note.GNU-stack
                0x0000000000000000        0x0 binaries/rdsinit.o
 .note.GNU-stack
                0x0000000000000000        0x0 binaries/rdsopen.o
 .note.GNU-stack
                0x0000000000000000        0x0 binaries/rdsprocess.o
 .note.GNU-stack
                0x0000000000000000        0x0 binaries/rdsread.o
 .note.GNU-stack
                0x0000000000000000        0x0 binaries/rdswrite.o
 .note.GNU-stack
                0x0000000000000000        0x0 binaries/ramclose.o
 .note.GNU-stack
                0x0000000000000000        0x0 binaries/raminit.o
 .note.GNU-stack
                0x0000000000000000        0x0 binaries/ramopen.o
 .note.GNU-stack
                0x0000000000000000        0x0 binaries/ramread.o
 .note.GNU-stack
                0x0000000000000000        0x0 binaries/ramwrite.o
 .note.GNU-stack
                0x0000000000000000        0x0 binaries/lfdballoc.o
 .note.GNU-stack
                0x0000000000000000        0x0 binaries/lfdbfree.o
 .note.GNU-stack
                0x0000000000000000        0x0 binaries/lfflush.o
 .note.GNU-stack
                0x0000000000000000        0x0 binaries/lfgetmode.o
 .note.GNU-stack
                0x0000000000000000        0x0 binaries/lfiballoc.o
 .note.GNU-stack
                0x0000000000000000        0x0 binaries/lfibclear.o
 .note.GNU-stack
                0x0000000000000000        0x0 binaries/lfibget.o
 .note.GNU-stack
                0x0000000000000000        0x0 binaries/lfibput.o
 .note.GNU-stack
                0x0000000000000000        0x0 binaries/lflclose.o
 .note.GNU-stack
                0x0000000000000000        0x0 binaries/lflcontrol.o
 .note.GNU-stack
                0x0000000000000000        0x0 binaries/lflgetc.o
 .note.GNU-stack
                0x0000000000000000        0x0 binaries/lflinit.o
 .note.GNU-stack
                0x0000000000000000        0x0 binaries/lflputc.o
 .note.GNU-stack
                0x0000000000000000        0x0 binaries/lflread.o
 .note.GNU-stack
                0x0000000000000000        0x0 binaries/lflseek.o
 .note.GNU-stack
                0x0000000000000000        0x0 binaries/lflwrite.o
 .note.GNU-stack
                0x0000000000000000        0x0 binaries/lfscheck.o
 .note.GNU-stack
                0x0000000000000000        0x0 binaries/lfsckfmt.o
 .note.GNU-stack
                0x0000000000000000        0x0 binaries/lfscreate.o
 .note.GNU-stack
                0x0000000000000000        0x0 binaries/lfsetup.o
 .note.GNU-stack
                0x0000000000000000        0x0 binaries/lfsinit.o
 .note.GNU-stack
                0x0000000000000000        0x0 binaries/lfsopen.o
 .note.GNU-stack
                0x0000000000000000        0x0 binaries/lftruncate.o
 .note.GNU-stack
                0x0000000000000000        0x0 binaries/rflclose.o
 .note.GNU-stack
                0x0000000000000000        0x0 binaries/rflgetc.o
 .note.GNU-stack
                0x0000000000000000        0x0 binaries/rflinit.o
 .note.GNU-stack
                0x0000000000000000        0x0 binaries/rflputc.o
 .note.GNU-stack
                0x0000000000000000        0x0 binaries/rflread.o
 .note.GNU-stack
                0x0000000000000000        0x0 binaries/rflseek.o
 .note.GNU-stack
                0x0000000000000000        0x0 binaries/rflwrite.o
 .note.GNU-stack
                0x0000000000000000        0x0 binaries/rfscomm.o
 .note.GNU-stack
                0x0000000000000000        0x0 binaries/rfscontrol.o
 .note.GNU-stack
                0x0000000000000000        0x0 binaries/rfsgetmode.o
 .note.GNU-stack
                0x0000000000000000        0x0 binaries/rfsinit.o
 .note.GNU-stack
                0x0000000000000000        0x0 binaries/rfsndmsg.o
 .note.GNU-stack
                0x0000000000000000        0x0 binaries/rfsopen.o
 .note.GNU-stack
                0x0000000000000000        0x0 binaries/arp.o
 .note.GNU-stack
                0x0000000000000000        0x0 binaries/dhcp.o
 .note.GNU-stack
                0x0000000000000000        0x0 binaries/dns.o
 .note.GNU-stack
                0x0000000000000000        0x0 binaries/dot2ip.o
 .note.GNU-stack
                0x0000000000000000        0x0 binaries/hexdump.o
 .note.GNU-stack
                0x0000000000000000        0x0 binaries/icmp.o
 .note.GNU-stack
                0x0000000000000000        0x0 binaries/ip.o
 .note.GNU-stack
                0x0000000000000000        0x0 binaries/net.o
 .note.GNU-stack
                0x0000000000000000        0x0 binaries/pdump.o
 .note.GNU-stack
                0x0000000000000000        0x0 binaries/tftp.o
 .note.GNU-stack
                0x0000000000000000        0x0 binaries/udp.o
 .note.GNU-stack
                0x0000000000000000        0x0 binaries/addargs.o
 .note.GNU-stack
                0x0000000000000000        0x0 binaries/lexan.o
 .note.GNU-stack
                0x0000000000000000        0x0 binaries/shell.o
 .note.GNU-stack
                0x0000000000000000        0x0 binaries/xsh_argecho.o
 .note.GNU-stack
                0x0000000000000000        0x0 binaries/xsh_arp.o
 .note.GNU-stack
                0x0000000000000000        0x0 binaries/xsh_cat.o
 .note.GNU-stack
                0x0000000000000000        0x0 binaries/xsh_clear.o
 .note.GNU-stack
                0x0000000000000000        0x0 binaries/xsh_date.o
 .note.GNU-stack
                0x0000000000000000        0x0 binaries/xsh_devdump.o
 .note.GNU-stack
                0x0000000000000000        0x0 binaries/xsh_echo.o
 .note.GNU-stack
                0x0000000000000000        0x0 binaries/xsh_exit.o
 .note.GNU-stack
                0x0000000000000000        0x0 binaries/xsh_help.o
 .note.GNU-stack
                0x0000000000000000        0x0 binaries/xsh_kill.o
 .note.GNU-stack
                0x0000000000000000        0x0 binaries/xsh_memdump.o
 .note.GNU-stack
                0x0000000000000000        0x0 binaries/xsh_memstat.o
 .note.GNU-stack
                0x0000000000000000        0x0 binaries/xsh_netinfo.o
 .note.GNU-stack
                0x0000000000000000        0x0 binaries/xsh_ping.o
 .note.GNU-stack
                0x0000000000000000        0x0 binaries/xsh_ps.o
 .note.GNU-stack
                0x0000000000000000        0x0 binaries/xsh_sleep.o
 .note.GNU-stack
                0x0000000000000000        0x0 binaries/xsh_udpdump.o
 .note.GNU-stack
                0x0000000000000000        0x0 binaries/xsh_udpecho.o
 .note.GNU-stack
                0x0000000000000000        0x0 binaries/xsh_udpserver.o
 .note.GNU-stack
                0x0000000000000000        0x0 binaries/xsh_uptime.o
