
Allocating common symbols
Common symbol       size              file

netbufpool          0x4               binaries/net.o
readylist           0x2               binaries/ready.o
rfltab              0x5a0             binaries/rflinit.o
netportseed         0x8               binaries/net.o
sleepq              0x2               binaries/clkinit.o
nnames              0x4               binaries/naminit.o
udptab              0x168             binaries/udp.o
minheap             0x4               binaries/meminit.o
marks               0x50              binaries/mark.o
currpid             0x4               binaries/initialize.o
Lf_data             0x20c             binaries/lfsinit.o
porttab             0x2d0             binaries/ptinit.o
girmask             0x2               binaries/evec.o
ttytab              0x110             binaries/ttyinit.o
proctab             0x1f40            binaries/initialize.o
prcount             0x4               binaries/initialize.o
userprocesslist     0x2               binaries/lottery_sched.o
lfltab              0xf00             binaries/lflinit.o
rdstab              0x8c              binaries/rdsinit.o
ethertab            0x130             binaries/ethinit.o
NetData             0xb0              binaries/net.o
total_tickets       0x4               binaries/lottery_sched.o
nmarks              0x4               binaries/mark.o
initsp              0x4               binaries/i386.o
Defer               0x8               binaries/resched.o
semtab              0x4b0             binaries/initialize.o
maxheap             0x4               binaries/meminit.o
preempt             0x4               binaries/clkinit.o
buftab              0xf0              binaries/bufinit.o
Rf_data             0x18              binaries/rfsinit.o
mkmutex             0x4               binaries/mark.o
ctr1000             0x4               binaries/clkinit.o
clktime             0x4               binaries/clkinit.o
arpcache            0x140             binaries/arp.o
icmptab             0x230             binaries/icmp.o
nbpools             0x4               binaries/bufinit.o
queuetab            0x990             binaries/queue.o
ptnextid            0x4               binaries/ptinit.o
Ram                 0x19000           binaries/raminit.o
ipoqueue            0x2c              binaries/ip.o
memlist             0x8               binaries/initialize.o
nametab             0x19a0            binaries/naminit.o
ptfree              0x4               binaries/ptinit.o

Memory Configuration

Name             Origin             Length             Attributes
*default*        0x0000000000000000 0xffffffffffffffff

Linker script and memory map

                0x0000000000100000                physbase = 0x100000
                0x0000000000100000                . = physbase
                0x0000000000100000                . = ALIGN (0x1000)

.text           0x0000000000100000    0x1b000
                0x0000000000100000                text = ABSOLUTE (.)
 *(.text .text.*)
 .text          0x0000000000100000      0x165 binaries/start.o
                0x0000000000100020                entry
                0x000000000010003d                start
                0x00000000001000a5                inb
                0x00000000001000ad                inw
                0x00000000001000b6                inl
                0x00000000001000be                outb
                0x00000000001000c8                outw
                0x00000000001000d3                outl
                0x00000000001000dd                _rtcin
                0x00000000001000e8                ___udivsi3
                0x00000000001000f3                ___divsi3
                0x00000000001000ff                sbzero
                0x000000000010010f                bcopy
                0x0000000000100123                insw
                0x0000000000100139                outsw
                0x000000000010014f                lidt
                0x0000000000100157                jumptocode
                0x000000000010015e                jumptobootcode
 .text          0x0000000000100165      0x3e3 binaries/ascdate.o
                0x0000000000100165                ascdate
 .text          0x0000000000100548       0x14 binaries/bufinit.o
                0x0000000000100548                bufinit
 .text          0x000000000010055c       0x8d binaries/chprio.o
                0x000000000010055c                chprio
 .text          0x00000000001005e9       0xd4 binaries/clkhandler.o
                0x00000000001005e9                clkhandler
 .text          0x00000000001006bd       0x88 binaries/clkinit.o
                0x00000000001006bd                clkinit
 .text          0x0000000000100745       0x75 binaries/close.o
                0x0000000000100745                close
 .text          0x00000000001007ba        0x0 binaries/conf.o
 .text          0x00000000001007ba       0x7b binaries/control.o
                0x00000000001007ba                control
 .text          0x0000000000100835      0x5a4 binaries/create.o
                0x0000000000100835                create
                0x0000000000100b23                burst_execution
                0x0000000000100b68                create_user_process
 .text          0x0000000000100dd9      0x357 binaries/evec.o
                0x0000000000100dd9                initevec
                0x0000000000100e30                set_evec
                0x0000000000100ed2                trap
 .text          0x0000000000101130       0x19 binaries/exit.o
                0x0000000000101130                exit
 .text          0x0000000000101149       0x8c binaries/freebuf.o
                0x0000000000101149                freebuf
 .text          0x00000000001011d5      0x172 binaries/freemem.o
                0x00000000001011d5                freemem
 .text          0x0000000000101347       0x8a binaries/getbuf.o
                0x0000000000101347                getbuf
 .text          0x00000000001013d1       0x75 binaries/getc.o
                0x00000000001013d1                getc
 .text          0x0000000000101446       0x74 binaries/getdev.o
                0x0000000000101446                getdev
 .text          0x00000000001014ba       0xd0 binaries/getitem.o
                0x00000000001014ba                getfirst
                0x00000000001014ff                getlast
                0x0000000000101546                getitem
 .text          0x000000000010158a      0x10a binaries/getmem.o
                0x000000000010158a                getmem
 .text          0x0000000000101694        0xa binaries/getpid.o
                0x0000000000101694                getpid
 .text          0x000000000010169e       0x75 binaries/getprio.o
                0x000000000010169e                getprio
 .text          0x0000000000101713       0xfb binaries/getstk.o
                0x0000000000101713                getstk
 .text          0x000000000010180e       0x16 binaries/getticks.o
                0x000000000010180e                getticks
 .text          0x0000000000101824       0x3a binaries/gettime.o
                0x0000000000101824                gettime
 .text          0x000000000010185e      0x1e2 binaries/getutime.o
                0x000000000010185e                getutime
 .text          0x0000000000101a40      0x3c5 binaries/i386.o
                0x0000000000101a40                setsegs
                0x0000000000101b52                init8259
                0x0000000000101c04                pseg
                0x0000000000101dac                setirmask
 .text          0x0000000000101e05       0x75 binaries/init.o
                0x0000000000101e05                init
 .text          0x0000000000101e7a      0x3da binaries/initialize.o
                0x0000000000101e7a                nulluser
                0x00000000001021fb                stop
                0x0000000000102226                delay
 .text          0x0000000000102254       0xda binaries/insert.o
                0x0000000000102254                insert
 .text          0x000000000010232e      0x10c binaries/insertd.o
                0x000000000010232e                insertd
 .text          0x000000000010243a        0xa binaries/ioerr.o
                0x000000000010243a                ioerr
 .text          0x0000000000102444        0xa binaries/ionull.o
                0x0000000000102444                ionull
 .text          0x000000000010244e      0x1d6 binaries/kill.o
                0x000000000010244e                kill
 .text          0x0000000000102624      0x14e binaries/kprintf.o
                0x0000000000102624                kputc
                0x00000000001026b7                kgetc
                0x0000000000102748                kprintf
 .text          0x0000000000102772      0x20f binaries/lottery_sched.o
                0x0000000000102772                set_tickets
                0x0000000000102793                insert_to_user
                0x000000000010289a                find_winner
                0x000000000010290b                remove_user_process
                0x000000000010296a                get_random_number
 .text          0x0000000000102981      0x561 binaries/main.o
                0x0000000000102981                timed_execution
                0x00000000001029a7                sync_printf
                0x0000000000102a57                main
 .text          0x0000000000102ee2       0xb5 binaries/mark.o
                0x0000000000102ee2                markinit
                0x0000000000102f06                mark
 .text          0x0000000000102f97       0xcc binaries/meminit.o
                0x0000000000102f97                meminit
 .text          0x0000000000103063      0x174 binaries/mkbufpool.o
                0x0000000000103063                mkbufpool
 .text          0x00000000001031d7       0x94 binaries/newqueue.o
                0x00000000001031d7                newqueue
 .text          0x000000000010326b       0x7b binaries/open.o
                0x000000000010326b                open
 .text          0x00000000001032e6       0x20 binaries/panic.o
                0x00000000001032e6                panic
 .text          0x0000000000103306      0x489 binaries/pci.o
                0x0000000000103306                pci_init
                0x00000000001035c3                find_pci_device
                0x0000000000103611                pci_bios_read_config_byte
                0x0000000000103650                pci_bios_read_config_word
                0x0000000000103692                pci_bios_read_config_dword
                0x00000000001036d1                pci_bios_write_config_byte
                0x0000000000103712                pci_bios_write_config_word
                0x0000000000103754                pci_bios_write_config_dword
 .text          0x000000000010378f       0xa3 binaries/print_ready_list.o
                0x000000000010378f                dummy
                0x00000000001037a7                print_ready_list
 .text          0x0000000000103832       0xf1 binaries/ptclear.o
                0x0000000000103832                _ptclear
 .text          0x0000000000103923       0x9d binaries/ptcount.o
                0x0000000000103923                ptcount
 .text          0x00000000001039c0      0x116 binaries/ptcreate.o
                0x00000000001039c0                ptcreate
 .text          0x0000000000103ad6       0x7f binaries/ptdelete.o
                0x0000000000103ad6                ptdelete
 .text          0x0000000000103b55       0xbf binaries/ptinit.o
                0x0000000000103b55                ptinit
 .text          0x0000000000103c14      0x11b binaries/ptrecv.o
                0x0000000000103c14                ptrecv
 .text          0x0000000000103d2f       0x77 binaries/ptreset.o
                0x0000000000103d2f                ptreset
 .text          0x0000000000103da6      0x13d binaries/ptsend.o
                0x0000000000103da6                ptsend
 .text          0x0000000000103ee3       0x80 binaries/putc.o
                0x0000000000103ee3                putc
 .text          0x0000000000103f63      0x10d binaries/queue.o
                0x0000000000103f63                enqueue
                0x0000000000104003                dequeue
 .text          0x0000000000104070       0x7b binaries/read.o
                0x0000000000104070                read
 .text          0x00000000001040eb       0x94 binaries/ready.o
                0x00000000001040eb                ready
 .text          0x000000000010417f       0x60 binaries/receive.o
                0x000000000010417f                receive
 .text          0x00000000001041df       0x5c binaries/recvclr.o
                0x00000000001041df                recvclr
 .text          0x000000000010423b       0xbb binaries/recvtime.o
                0x000000000010423b                recvtime
 .text          0x00000000001042f6      0x293 binaries/resched.o
                0x00000000001042f6                resched
                0x0000000000104514                resched_cntl
 .text          0x0000000000104589       0xaa binaries/resume.o
                0x0000000000104589                resume
 .text          0x0000000000104633       0x79 binaries/seek.o
                0x0000000000104633                seek
 .text          0x00000000001046ac       0x70 binaries/semcount.o
                0x00000000001046ac                semcount
 .text          0x000000000010471c       0xd6 binaries/semcreate.o
                0x000000000010471c                semcreate
 .text          0x00000000001047f2       0xcd binaries/semdelete.o
                0x00000000001047f2                semdelete
 .text          0x00000000001048bf       0xcb binaries/semreset.o
                0x00000000001048bf                semreset
 .text          0x000000000010498a       0xe6 binaries/send.o
                0x000000000010498a                send
 .text          0x0000000000104a70       0xa8 binaries/signal.o
                0x0000000000104a70                signal
 .text          0x0000000000104b18       0xd6 binaries/signaln.o
                0x0000000000104b18                signaln
 .text          0x0000000000104bee       0xea binaries/sleep.o
                0x0000000000104bee                sleep
                0x0000000000104c3c                sleepms
 .text          0x0000000000104cd8      0x18b binaries/stacktrace.o
                0x0000000000104cd8                stacktrace
 .text          0x0000000000104e63       0xe0 binaries/suspend.o
                0x0000000000104e63                suspend
 .text          0x0000000000104f43       0xe2 binaries/unsleep.o
                0x0000000000104f43                unsleep
 .text          0x0000000000105025       0x19 binaries/userret.o
                0x0000000000105025                userret
 .text          0x000000000010503e       0xdb binaries/wait.o
                0x000000000010503e                wait
 .text          0x0000000000105119       0x72 binaries/wakeup.o
                0x0000000000105119                wakeup
 .text          0x000000000010518b       0x7b binaries/write.o
                0x000000000010518b                write
 .text          0x0000000000105206       0x1d binaries/xdone.o
                0x0000000000105206                xdone
 .text          0x0000000000105223       0x28 binaries/yield.o
                0x0000000000105223                yield
 .text          0x000000000010524b       0x11 binaries/abs.o
                0x000000000010524b                abs
 .text          0x000000000010525c       0x8f binaries/atoi.o
                0x000000000010525c                atoi
 .text          0x00000000001052eb       0x8f binaries/atol.o
                0x00000000001052eb                atol
 .text          0x000000000010537a       0x31 binaries/bzero.o
                0x000000000010537a                bzero
 .text          0x00000000001053ab        0x0 binaries/ctype_.o
 .text          0x00000000001053ab      0x8ed binaries/doprnt.o
                0x00000000001053ab                _doprnt
 .text          0x0000000000105c98      0x65c binaries/doscan.o
                0x0000000000105c98                _doscan
 .text          0x00000000001062f4      0x711 binaries/fdoprnt.o
                0x00000000001062f4                _fdoprnt
 .text          0x0000000000106a05       0x29 binaries/fgetc.o
                0x0000000000106a05                fgetc
 .text          0x0000000000106a2e       0x75 binaries/fgets.o
                0x0000000000106a2e                fgets
 .text          0x0000000000106aa3       0x2a binaries/fprintf.o
                0x0000000000106aa3                fprintf
 .text          0x0000000000106acd       0x2c binaries/fputc.o
                0x0000000000106acd                fputc
 .text          0x0000000000106af9       0x43 binaries/fputs.o
                0x0000000000106af9                fputs
 .text          0x0000000000106b3c       0x8a binaries/fscanf.o
                0x0000000000106b3c                fscanf
 .text          0x0000000000106bc6       0x31 binaries/getchar.o
                0x0000000000106bc6                getchar
 .text          0x0000000000106bf7       0x11 binaries/labs.o
                0x0000000000106bf7                labs
 .text          0x0000000000106c08        0x0 binaries/memchr.o
 .text          0x0000000000106c08       0x51 binaries/memcmp.o
                0x0000000000106c08                memcmp
 .text          0x0000000000106c59       0x3f binaries/memcpy.o
                0x0000000000106c59                memcpy
 .text          0x0000000000106c98       0x30 binaries/memset.o
                0x0000000000106c98                memset
 .text          0x0000000000106cc8       0x47 binaries/printf.o
                0x0000000000106cc8                printf
 .text          0x0000000000106d0f       0x34 binaries/putchar.o
                0x0000000000106d0f                putchar
 .text          0x0000000000106d43      0x27e binaries/qsort.o
                0x0000000000106d43                qsort
 .text          0x0000000000106fc1       0x63 binaries/rand.o
                0x0000000000106fc1                rand
                0x0000000000106fd9                rand_r
                0x0000000000107017                srand
 .text          0x0000000000107024       0x66 binaries/sprintf.o
                0x0000000000107024                sprintf
 .text          0x000000000010708a       0x70 binaries/sscanf.o
                0x000000000010708a                sscanf
 .text          0x00000000001070fa       0x3c binaries/strchr.o
                0x00000000001070fa                strchr
 .text          0x0000000000107136       0x45 binaries/strcmp.o
                0x0000000000107136                strcmp
 .text          0x000000000010717b       0x27 binaries/strcpy.o
                0x000000000010717b                strcpy
 .text          0x00000000001071a2       0x26 binaries/strlen.o
                0x00000000001071a2                strlen
 .text          0x00000000001071c8       0x56 binaries/strncat.o
                0x00000000001071c8                strncat
 .text          0x000000000010721e       0x5f binaries/strncmp.o
                0x000000000010721e                strncmp
 .text          0x000000000010727d       0x4f binaries/strncpy.o
                0x000000000010727d                strncpy
 .text          0x00000000001072cc       0x2e binaries/strnlen.o
                0x00000000001072cc                strnlen
 .text          0x00000000001072fa       0x45 binaries/strrchr.o
                0x00000000001072fa                strrchr
 .text          0x000000000010733f       0x6d binaries/strstr.o
                0x000000000010733f                strstr
 .text          0x00000000001073ac       0xe4 binaries/ttycontrol.o
                0x00000000001073ac                ttycontrol
 .text          0x0000000000107490       0x97 binaries/ttygetc.o
                0x0000000000107490                ttygetc
 .text          0x0000000000107527      0x6ee binaries/ttyhandle_in.o
                0x0000000000107527                ttyhandle_in
 .text          0x0000000000107c15      0x1ae binaries/ttyhandle_out.o
                0x0000000000107c15                ttyhandle_out
 .text          0x0000000000107dc3       0xce binaries/ttyhandler.o
                0x0000000000107dc3                ttyhandler
 .text          0x0000000000107e91      0x22f binaries/ttyinit.o
                0x0000000000107e91                ttyinit
 .text          0x00000000001080c0       0x1b binaries/ttykickout.o
                0x00000000001080c0                ttykickout
 .text          0x00000000001080db       0xb7 binaries/ttyputc.o
                0x00000000001080db                ttyputc
 .text          0x0000000000108192      0x11b binaries/ttyread.o
                0x0000000000108192                ttyread
 .text          0x00000000001082ad       0x4f binaries/ttywrite.o
                0x00000000001082ad                ttywrite
 .text          0x00000000001082fc      0x14b binaries/mount.o
                0x00000000001082fc                mount
                0x0000000000108411                namlen
 .text          0x0000000000108447      0x1ea binaries/naminit.o
                0x0000000000108447                naminit
 .text          0x0000000000108631      0x211 binaries/nammap.o
                0x0000000000108631                nammap
                0x00000000001086bc                namrepl
                0x00000000001087f2                namcpy
 .text          0x0000000000108842       0x4e binaries/namopen.o
                0x0000000000108842                namopen
 .text          0x0000000000108890      0xec3 binaries/82545EMInit.o
                0x00000000001088ee                _82545EMInit
                0x00000000001095bf                _82545EM_read_phy_reg
                0x0000000000109685                _82545EM_write_phy_reg
 .text          0x0000000000109753      0x241 binaries/ethcontrol.o
                0x00000000001097b1                ethcontrol
                0x0000000000109927                ethIrqDisable
                0x000000000010995c                ethIrqEnable
 .text          0x0000000000109994      0x252 binaries/ethhandler.o
                0x0000000000109b04                ethhandler
 .text          0x0000000000109be6      0x126 binaries/ethinit.o
                0x0000000000109be6                ethinit
 .text          0x0000000000109d0c      0x1f4 binaries/ethread.o
                0x0000000000109d6a                ethread
 .text          0x0000000000109f00      0x19f binaries/ethwrite.o
                0x0000000000109f5e                ethwrite
 .text          0x000000000010a09f       0x9e binaries/rdsbufalloc.o
                0x000000000010a09f                rdsbufalloc
 .text          0x000000000010a13d       0xcc binaries/rdsclose.o
                0x000000000010a13d                rdsclose
 .text          0x000000000010a209      0x2e8 binaries/rdscomm.o
                0x000000000010a209                rdscomm
 .text          0x000000000010a4f1      0x233 binaries/rdscontrol.o
                0x000000000010a4f1                rdscontrol
 .text          0x000000000010a724      0x1f3 binaries/rdsinit.o
                0x000000000010a724                rdsinit
 .text          0x000000000010a917      0x19b binaries/rdsopen.o
                0x000000000010a917                rdsopen
 .text          0x000000000010aab2      0x461 binaries/rdsprocess.o
                0x000000000010aab2                rdsprocess
 .text          0x000000000010af13      0x259 binaries/rdsread.o
                0x000000000010af13                rdsread
 .text          0x000000000010b16c      0x1fe binaries/rdswrite.o
                0x000000000010b16c                rdswrite
 .text          0x000000000010b36a        0xa binaries/ramclose.o
                0x000000000010b36a                ramclose
 .text          0x000000000010b374       0x3e binaries/raminit.o
                0x000000000010b374                raminit
 .text          0x000000000010b3b2        0xa binaries/ramopen.o
                0x000000000010b3b2                ramopen
 .text          0x000000000010b3bc       0x32 binaries/ramread.o
                0x000000000010b3bc                ramread
 .text          0x000000000010b3ee       0x32 binaries/ramwrite.o
                0x000000000010b3ee                ramwrite
 .text          0x000000000010b420       0x98 binaries/lfdballoc.o
                0x000000000010b420                lfdballoc
 .text          0x000000000010b4b8       0x58 binaries/lfdbfree.o
                0x000000000010b4b8                lfdbfree
 .text          0x000000000010b510       0xb6 binaries/lfflush.o
                0x000000000010b510                lfflush
 .text          0x000000000010b5c6       0xd8 binaries/lfgetmode.o
                0x000000000010b5c6                lfgetmode
 .text          0x000000000010b69e       0x68 binaries/lfiballoc.o
                0x000000000010b69e                lfiballoc
 .text          0x000000000010b706       0x3b binaries/lfibclear.o
                0x000000000010b706                lfibclear
 .text          0x000000000010b741       0xad binaries/lfibget.o
                0x000000000010b741                lfibget
 .text          0x000000000010b7ee       0xdc binaries/lfibput.o
                0x000000000010b7ee                lfibput
 .text          0x000000000010b8ca       0xa2 binaries/lflclose.o
                0x000000000010b8ca                lflclose
 .text          0x000000000010b96c       0xd0 binaries/lflcontrol.o
                0x000000000010b96c                lflcontrol
 .text          0x000000000010ba3c       0xf2 binaries/lflgetc.o
                0x000000000010ba3c                lflgetc
 .text          0x000000000010bb2e       0xf1 binaries/lflinit.o
                0x000000000010bb2e                lflinit
 .text          0x000000000010bc1f      0x122 binaries/lflputc.o
                0x000000000010bc1f                lflputc
 .text          0x000000000010bd41       0x70 binaries/lflread.o
                0x000000000010bd41                lflread
 .text          0x000000000010bdb1       0xac binaries/lflseek.o
                0x000000000010bdb1                lflseek
 .text          0x000000000010be5d       0x55 binaries/lflwrite.o
                0x000000000010be5d                lflwrite
 .text          0x000000000010beb2       0x62 binaries/lfscheck.o
                0x000000000010beb2                lfscheck
 .text          0x000000000010bf14      0x175 binaries/lfsckfmt.o
                0x000000000010bf14                lfsckfmt
 .text          0x000000000010c089      0x1ad binaries/lfscreate.o
                0x000000000010c089                lfscreate
 .text          0x000000000010c236      0x278 binaries/lfsetup.o
                0x000000000010c236                lfsetup
 .text          0x000000000010c4ae       0x51 binaries/lfsinit.o
                0x000000000010c4ae                lfsinit
 .text          0x000000000010c4ff      0x3c0 binaries/lfsopen.o
                0x000000000010c4ff                lfsopen
 .text          0x000000000010c8bf      0x15e binaries/lftruncate.o
                0x000000000010c8bf                lftruncate
 .text          0x000000000010ca1d       0x71 binaries/rflclose.o
                0x000000000010ca1d                rflclose
 .text          0x000000000010ca8e       0x32 binaries/rflgetc.o
                0x000000000010ca8e                rflgetc
 .text          0x000000000010cac0       0x76 binaries/rflinit.o
                0x000000000010cac0                rflinit
 .text          0x000000000010cb36       0x33 binaries/rflputc.o
                0x000000000010cb36                rflputc
 .text          0x000000000010cb69      0x360 binaries/rflread.o
                0x000000000010cb69                rflread
 .text          0x000000000010cec9       0x74 binaries/rflseek.o
                0x000000000010cec9                rflseek
 .text          0x000000000010cf3d      0x34d binaries/rflwrite.o
                0x000000000010cf3d                rflwrite
 .text          0x000000000010d28a      0x1e2 binaries/rfscomm.o
                0x000000000010d28a                rfscomm
 .text          0x000000000010d46c      0x26d binaries/rfscontrol.o
                0x000000000010d46c                rfscontrol
 .text          0x000000000010d6d9       0xd8 binaries/rfsgetmode.o
                0x000000000010d6d9                rfsgetmode
 .text          0x000000000010d7b1       0x86 binaries/rfsinit.o
                0x000000000010d7b1                rfsinit
 .text          0x000000000010d837      0x111 binaries/rfsndmsg.o
                0x000000000010d837                rfsndmsg
 .text          0x000000000010d948      0x2aa binaries/rfsopen.o
                0x000000000010d948                rfsopen
 .text          0x000000000010dbf2      0x836 binaries/arp.o
                0x000000000010dbf2                arp_init
                0x000000000010dc24                arp_resolve
                0x000000000010ded8                arp_in
                0x000000000010e190                arp_alloc
                0x000000000010e250                arp_ntoh
                0x000000000010e33c                arp_hton
 .text          0x000000000010e428      0x8e3 binaries/dhcp.o
                0x000000000010e428                dhcp_get_opt_val
                0x000000000010e481                dhcp_bld_bootp_msg
                0x000000000010e58e                dhcp_bld_disc
                0x000000000010e677                dhcp_bld_req
                0x000000000010e7e9                getlocalip
 .text          0x000000000010ed0b      0x59f binaries/dns.o
                0x000000000010ed0b                dnslookup
 .text          0x000000000010f2aa       0xe8 binaries/dot2ip.o
                0x000000000010f2aa                dot2ip
 .text          0x000000000010f392      0x4c4 binaries/hexdump.o
                0x000000000010f392                hexdump
                0x000000000010f539                hexadump
 .text          0x000000000010f856      0x8af binaries/icmp.o
                0x000000000010f856                icmp_init
                0x000000000010f88d                icmp_in
                0x000000000010fa63                icmp_register
                0x000000000010fb5e                icmp_recv
                0x000000000010fcea                icmp_send
                0x000000000010fd72                icmp_mkpkt
                0x000000000010fe8c                icmp_release
                0x000000000010ff8a                icmp_cksum
                0x000000000011001d                icmp_hton
                0x0000000000110091                icmp_ntoh
 .text          0x0000000000110105      0x8a5 binaries/ip.o
                0x0000000000110105                ip_in
                0x0000000000110289                ip_send
                0x00000000001103e4                ip_local
                0x0000000000110430                ip_out
                0x0000000000110569                ipcksum
                0x00000000001105ef                ip_ntoh
                0x00000000001106db                ip_hton
                0x00000000001107c7                ipout
                0x00000000001108f6                ip_enqueue
 .text          0x00000000001109aa      0x2cd binaries/net.o
                0x00000000001109aa                net_init
                0x0000000000110ad2                netin
                0x0000000000110b8f                eth_hton
                0x0000000000110bb9                eth_ntoh
                0x0000000000110be3                getport
 .text          0x0000000000110c77     0x147f binaries/pdump.o
                0x0000000000110c77                pdump
                0x0000000000111a34                pdumph
 .text          0x00000000001120f6      0x613 binaries/tftp.o
                0x00000000001120f6                tftp_send1
                0x000000000011226e                tftpget
                0x00000000001122a0                tftpget_mb
 .text          0x0000000000112709      0xb82 binaries/udp.o
                0x0000000000112709                udp_init
                0x000000000011273e                udp_in
                0x0000000000112880                udp_register
                0x00000000001129bd                udp_recv
                0x0000000000112b59                udp_recvaddr
                0x0000000000112d0d                udp_send
                0x0000000000112ef5                udp_sendto
                0x00000000001130a6                udp_release
                0x00000000001131a1                udp_ntoh
                0x0000000000113216                udp_hton
 .text          0x000000000011328b      0x138 binaries/addargs.o
                0x000000000011328b                addargs
 .text          0x00000000001133c3      0x2c9 binaries/lexan.o
                0x00000000001133c3                lexan
 .text          0x000000000011368c      0x663 binaries/shell.o
                0x000000000011368c                shell
 .text          0x0000000000113cef       0x69 binaries/xsh_argecho.o
                0x0000000000113cef                xsh_argecho
 .text          0x0000000000113d58      0x275 binaries/xsh_arp.o
                0x0000000000113d58                xsh_arp
 .text          0x0000000000113fcd      0x26f binaries/xsh_cat.o
                0x0000000000113fcd                xsh_cat
 .text          0x000000000011423c       0x5e binaries/xsh_clear.o
                0x000000000011423c                xsh_clear
 .text          0x000000000011429a      0x2f7 binaries/xsh_date.o
                0x000000000011429a                xsh_date
 .text          0x0000000000114591       0xae binaries/xsh_devdump.o
                0x0000000000114591                xsh_devdump
 .text          0x000000000011463f       0x72 binaries/xsh_echo.o
                0x000000000011463f                xsh_echo
 .text          0x00000000001146b1        0xa binaries/xsh_exit.o
                0x00000000001146b1                xsh_exit
 .text          0x00000000001146bb      0x389 binaries/xsh_help.o
                0x00000000001146bb                xsh_help
 .text          0x0000000000114a44      0x249 binaries/xsh_kill.o
                0x0000000000114a44                xsh_kill
 .text          0x0000000000114c8d      0x545 binaries/xsh_memdump.o
                0x0000000000114c8d                xsh_memdump
 .text          0x00000000001151d2      0x2a7 binaries/xsh_memstat.o
                0x00000000001151d2                xsh_memstat
 .text          0x0000000000115479      0x50d binaries/xsh_netinfo.o
                0x0000000000115479                xsh_netinfo
 .text          0x0000000000115986      0x48f binaries/xsh_ping.o
                0x0000000000115986                xsh_ping
 .text          0x0000000000115e15      0x220 binaries/xsh_ps.o
                0x0000000000115e15                xsh_ps
 .text          0x0000000000116035      0x225 binaries/xsh_sleep.o
                0x0000000000116035                xsh_sleep
 .text          0x000000000011625a      0x27a binaries/xsh_udpdump.o
                0x000000000011625a                xsh_udpdump
 .text          0x00000000001164d4      0x4bf binaries/xsh_udpecho.o
                0x00000000001164d4                xsh_udpecho
 .text          0x0000000000116993      0x2b0 binaries/xsh_udpserver.o
                0x0000000000116993                xsh_udpeserver
 .text          0x0000000000116c43      0x1f3 binaries/xsh_uptime.o
                0x0000000000116c43                xsh_uptime
 .text          0x0000000000116e36        0xe binaries/clkdisp.o
                0x0000000000116e36                clkdisp
 .text          0x0000000000116e44       0x19 binaries/ctxsw.o
                0x0000000000116e44                ctxsw
 .text          0x0000000000116e5d      0x36b binaries/intr.o
                0x0000000000116e5d                disable
                0x0000000000116e66                restore
                0x0000000000116e74                enable
                0x0000000000116e76                pause
                0x0000000000116e7d                halt
                0x0000000000116e83                spurious_irq7
                0x0000000000116e88                spurious_irq15
                0x0000000000116e97                _Xint0
                0x0000000000116ea2                _Xint1
                0x0000000000116ead                _Xint2
                0x0000000000116eb8                _Xint3
                0x0000000000116ec3                _Xint4
                0x0000000000116ece                _Xint5
                0x0000000000116ed9                _Xint6
                0x0000000000116ee4                _Xint7
                0x0000000000116eef                _Xint8
                0x0000000000116efa                _Xint9
                0x0000000000116f05                _Xint10
                0x0000000000116f10                _Xint11
                0x0000000000116f1e                _Xint12
                0x0000000000116f2c                _Xint13
                0x0000000000116f3a                _Xint14
                0x0000000000116f48                _Xint15
                0x0000000000116f56                _Xint16
                0x0000000000116f64                _Xint17
                0x0000000000116f72                _Xint18
                0x0000000000116f80                _Xint19
                0x0000000000116f8e                _Xint20
                0x0000000000116f9c                _Xint21
                0x0000000000116faa                _Xint22
                0x0000000000116fb8                _Xint23
                0x0000000000116fc6                _Xint24
                0x0000000000116fd4                _Xint25
                0x0000000000116fe2                _Xint26
                0x0000000000116ff0                _Xint27
                0x0000000000116ffe                _Xint28
                0x000000000011700c                _Xint29
                0x000000000011701a                _Xint30
                0x0000000000117028                _Xint31
                0x0000000000117036                _Xint32
                0x0000000000117044                _Xint33
                0x0000000000117052                _Xint34
                0x0000000000117060                _Xint35
                0x000000000011706e                _Xint36
                0x000000000011707c                _Xint37
                0x000000000011708a                _Xint38
                0x0000000000117098                _Xint39
                0x00000000001170a6                _Xint40
                0x00000000001170b4                _Xint41
                0x00000000001170c2                _Xint42
                0x00000000001170d0                _Xint43
                0x00000000001170de                _Xint44
                0x00000000001170ec                _Xint45
                0x00000000001170fa                _Xint46
                0x0000000000117108                defevec
 .text          0x00000000001171c8        0xf binaries/ttydispatch.o
                0x00000000001171c8                ttydispatch
 .text          0x00000000001171d7       0x13 binaries/ethdispatch.o
                0x00000000001171d7                ethdispatch
 *(.rodata .rodata.*)
 *fill*         0x00000000001171ea        0x2 
 .rodata        0x00000000001171ec       0x8e binaries/ascdate.o
 .rodata        0x000000000011727a       0xae binaries/conf.o
 .rodata        0x0000000000117328      0x22f binaries/evec.o
 *fill*         0x0000000000117557        0x1 
 .rodata        0x0000000000117558       0x61 binaries/getutime.o
 *fill*         0x00000000001175b9        0x3 
 .rodata        0x00000000001175bc       0x90 binaries/i386.o
 .rodata        0x000000000011764c      0x180 binaries/initialize.o
 .rodata        0x00000000001177cc       0x20 binaries/kill.o
 .rodata        0x00000000001177ec      0x192 binaries/main.o
 .rodata        0x000000000011797e        0xf binaries/panic.o
 *fill*         0x000000000011798d        0x3 
 .rodata        0x0000000000117990      0x1ec binaries/pci.o
 .rodata        0x0000000000117b7c        0xe binaries/print_ready_list.o
 .rodata        0x0000000000117b8a       0x1d binaries/ptinit.o
 *fill*         0x0000000000117ba7        0x1 
 .rodata        0x0000000000117ba8       0x25 binaries/ptsend.o
 *fill*         0x0000000000117bcd        0x3 
 .rodata        0x0000000000117bd0       0x33 binaries/resched.o
 *fill*         0x0000000000117c03        0x1 
 .rodata        0x0000000000117c04       0xb7 binaries/stacktrace.o
 *fill*         0x0000000000117cbb        0x1 
 .rodata        0x0000000000117cbc       0x27 binaries/xdone.o
 *fill*         0x0000000000117ce3       0x1d 
 .rodata        0x0000000000117d00       0x81 binaries/ctype_.o
                0x0000000000117d00                _ctype_
 *fill*         0x0000000000117d81        0x3 
 .rodata        0x0000000000117d84       0xee binaries/doprnt.o
 *fill*         0x0000000000117e72        0x2 
 .rodata        0x0000000000117e74       0x98 binaries/doscan.o
 .rodata        0x0000000000117f0c       0xae binaries/fdoprnt.o
 *fill*         0x0000000000117fba        0x2 
 .rodata        0x0000000000117fbc       0x20 binaries/ttycontrol.o
 .rodata        0x0000000000117fdc       0x34 binaries/ttyhandler.o
 .rodata        0x0000000000118010       0x80 binaries/naminit.o
 .rodata        0x0000000000118090       0x2e binaries/82545EMInit.o
 *fill*         0x00000000001180be        0x2 
 .rodata        0x00000000001180c0       0x78 binaries/ethinit.o
 .rodata        0x0000000000118138       0x18 binaries/ethread.o
 .rodata        0x0000000000118150       0x2c binaries/rdsbufalloc.o
 .rodata        0x000000000011817c       0x76 binaries/rdscomm.o
 *fill*         0x00000000001181f2        0x2 
 .rodata        0x00000000001181f4       0x48 binaries/rdscontrol.o
 .rodata        0x000000000011823c       0x96 binaries/rdsinit.o
 *fill*         0x00000000001182d2        0x2 
 .rodata        0x00000000001182d4       0x22 binaries/rdsopen.o
 *fill*         0x00000000001182f6        0x2 
 .rodata        0x00000000001182f8       0x4d binaries/rdsprocess.o
 .rodata        0x0000000000118345        0x9 binaries/raminit.o
 *fill*         0x000000000011834e        0x2 
 .rodata        0x0000000000118350       0x37 binaries/lfdballoc.o
 .rodata        0x0000000000118387       0x14 binaries/lfiballoc.o
 *fill*         0x000000000011839b        0x1 
 .rodata        0x000000000011839c       0x23 binaries/lflcontrol.o
 *fill*         0x00000000001183bf        0x1 
 .rodata        0x00000000001183c0      0x11b binaries/lfsckfmt.o
 *fill*         0x00000000001184db        0x1 
 .rodata        0x00000000001184dc       0x2a binaries/lfsopen.o
 *fill*         0x0000000000118506        0x2 
 .rodata        0x0000000000118508       0x21 binaries/rflread.o
 *fill*         0x0000000000118529        0x3 
 .rodata        0x000000000011852c       0x21 binaries/rflwrite.o
 *fill*         0x000000000011854d        0x3 
 .rodata        0x0000000000118550       0x75 binaries/rfscomm.o
 *fill*         0x00000000001185c5        0x3 
 .rodata        0x00000000001185c8       0x3c binaries/rfscontrol.o
 .rodata        0x0000000000118604       0x63 binaries/rfsinit.o
 *fill*         0x0000000000118667        0x1 
 .rodata        0x0000000000118668       0x2a binaries/rfsndmsg.o
 *fill*         0x0000000000118692        0x2 
 .rodata        0x0000000000118694       0x22 binaries/rfsopen.o
 *fill*         0x00000000001186b6        0x2 
 .rodata        0x00000000001186b8       0x3a binaries/arp.o
 *fill*         0x00000000001186f2        0x2 
 .rodata        0x00000000001186f4       0xcf binaries/dhcp.o
 .rodata        0x00000000001187c3       0x1a binaries/dns.o
 *fill*         0x00000000001187dd        0x3 
 .rodata        0x00000000001187e0       0xc9 binaries/hexdump.o
 *fill*         0x00000000001188a9        0x3 
 .rodata        0x00000000001188ac       0x29 binaries/icmp.o
 *fill*         0x00000000001188d5        0x3 
 .rodata        0x00000000001188d8       0x6e binaries/ip.o
 *fill*         0x0000000000118946        0x2 
 .rodata        0x0000000000118948       0x4f binaries/net.o
 *fill*         0x0000000000118997        0x1 
 .rodata        0x0000000000118998      0x26f binaries/pdump.o
 *fill*         0x0000000000118c07        0x1 
 .rodata        0x0000000000118c08      0x154 binaries/tftp.o
 *fill*         0x0000000000118d5c        0x4 
 .rodata        0x0000000000118d60      0x3c1 binaries/shell.o
                0x0000000000118de0                cmdtab
 .rodata        0x0000000000119121       0x28 binaries/xsh_argecho.o
 *fill*         0x0000000000119149        0x3 
 .rodata        0x000000000011914c      0x123 binaries/xsh_arp.o
 *fill*         0x000000000011926f        0x1 
 .rodata        0x0000000000119270       0xc9 binaries/xsh_cat.o
 .rodata        0x0000000000119339       0x19 binaries/xsh_clear.o
 *fill*         0x0000000000119352        0x2 
 .rodata        0x0000000000119354      0x1c3 binaries/xsh_date.o
 .rodata        0x0000000000119517       0x5d binaries/xsh_devdump.o
 .rodata        0x0000000000119574        0x9 binaries/xsh_echo.o
 *fill*         0x000000000011957d        0x3 
 .rodata        0x0000000000119580      0x169 binaries/xsh_help.o
 *fill*         0x00000000001196e9        0x3 
 .rodata        0x00000000001196ec      0x12e binaries/xsh_kill.o
 *fill*         0x000000000011981a        0x2 
 .rodata        0x000000000011981c      0x266 binaries/xsh_memdump.o
 *fill*         0x0000000000119a82        0x2 
 .rodata        0x0000000000119a84      0x225 binaries/xsh_memstat.o
 *fill*         0x0000000000119ca9        0x3 
 .rodata        0x0000000000119cac      0x1b0 binaries/xsh_netinfo.o
 .rodata        0x0000000000119e5c      0x1a1 binaries/xsh_ping.o
 *fill*         0x0000000000119ffd        0x3 
 .rodata        0x000000000011a000      0x1e0 binaries/xsh_ps.o
 .rodata        0x000000000011a1e0       0xeb binaries/xsh_sleep.o
 *fill*         0x000000000011a2cb        0x1 
 .rodata        0x000000000011a2cc      0x1b8 binaries/xsh_udpdump.o
 .rodata        0x000000000011a484      0x215 binaries/xsh_udpecho.o
 *fill*         0x000000000011a699        0x3 
 .rodata        0x000000000011a69c      0x12b binaries/xsh_udpserver.o
 *fill*         0x000000000011a7c7        0x1 
 .rodata        0x000000000011a7c8      0x105 binaries/xsh_uptime.o
                0x000000000011a8cd                etext = ABSOLUTE (.)
                0x000000000011b000                . = ALIGN (0x1000)
 *fill*         0x000000000011a8cd      0x733 

.eh_frame       0x000000000011b000     0x2da8
 .eh_frame      0x000000000011b000       0x38 binaries/ascdate.o
 .eh_frame      0x000000000011b038       0x20 binaries/bufinit.o
                                         0x38 (size before relaxing)
 .eh_frame      0x000000000011b058       0x20 binaries/chprio.o
                                         0x38 (size before relaxing)
 .eh_frame      0x000000000011b078       0x20 binaries/clkhandler.o
                                         0x38 (size before relaxing)
 .eh_frame      0x000000000011b098       0x20 binaries/clkinit.o
                                         0x38 (size before relaxing)
 .eh_frame      0x000000000011b0b8       0x20 binaries/close.o
                                         0x38 (size before relaxing)
 .eh_frame      0x000000000011b0d8       0x20 binaries/control.o
                                         0x38 (size before relaxing)
 .eh_frame      0x000000000011b0f8       0x80 binaries/create.o
                                         0x98 (size before relaxing)
 .eh_frame      0x000000000011b178       0x60 binaries/evec.o
                                         0x78 (size before relaxing)
 .eh_frame      0x000000000011b1d8       0x20 binaries/exit.o
                                         0x38 (size before relaxing)
 .eh_frame      0x000000000011b1f8       0x20 binaries/freebuf.o
                                         0x38 (size before relaxing)
 .eh_frame      0x000000000011b218       0x20 binaries/freemem.o
                                         0x38 (size before relaxing)
 .eh_frame      0x000000000011b238       0x20 binaries/getbuf.o
                                         0x38 (size before relaxing)
 .eh_frame      0x000000000011b258       0x20 binaries/getc.o
                                         0x38 (size before relaxing)
 .eh_frame      0x000000000011b278       0x20 binaries/getdev.o
                                         0x38 (size before relaxing)
 .eh_frame      0x000000000011b298       0x60 binaries/getitem.o
                                         0x78 (size before relaxing)
 .eh_frame      0x000000000011b2f8       0x20 binaries/getmem.o
                                         0x38 (size before relaxing)
 .eh_frame      0x000000000011b318       0x20 binaries/getpid.o
                                         0x38 (size before relaxing)
 .eh_frame      0x000000000011b338       0x20 binaries/getprio.o
                                         0x38 (size before relaxing)
 .eh_frame      0x000000000011b358       0x20 binaries/getstk.o
                                         0x38 (size before relaxing)
 .eh_frame      0x000000000011b378       0x20 binaries/getticks.o
                                         0x38 (size before relaxing)
 .eh_frame      0x000000000011b398       0x20 binaries/gettime.o
                                         0x38 (size before relaxing)
 .eh_frame      0x000000000011b3b8       0x20 binaries/getutime.o
                                         0x38 (size before relaxing)
 .eh_frame      0x000000000011b3d8       0x8c binaries/i386.o
                                         0xa4 (size before relaxing)
 .eh_frame      0x000000000011b464       0x20 binaries/init.o
                                         0x38 (size before relaxing)
 .eh_frame      0x000000000011b484       0xa0 binaries/initialize.o
                                         0xb8 (size before relaxing)
 .eh_frame      0x000000000011b524       0x20 binaries/insert.o
                                         0x38 (size before relaxing)
 .eh_frame      0x000000000011b544       0x20 binaries/insertd.o
                                         0x38 (size before relaxing)
 .eh_frame      0x000000000011b564       0x20 binaries/ioerr.o
                                         0x38 (size before relaxing)
 .eh_frame      0x000000000011b584       0x20 binaries/ionull.o
                                         0x38 (size before relaxing)
 .eh_frame      0x000000000011b5a4       0x20 binaries/kill.o
                                         0x38 (size before relaxing)
 .eh_frame      0x000000000011b5c4       0x60 binaries/kprintf.o
                                         0x78 (size before relaxing)
 .eh_frame      0x000000000011b624       0xa0 binaries/lottery_sched.o
                                         0xb8 (size before relaxing)
 .eh_frame      0x000000000011b6c4       0x84 binaries/main.o
                                         0x9c (size before relaxing)
 .eh_frame      0x000000000011b748       0x40 binaries/mark.o
                                         0x58 (size before relaxing)
 .eh_frame      0x000000000011b788       0x20 binaries/meminit.o
                                         0x38 (size before relaxing)
 .eh_frame      0x000000000011b7a8       0x20 binaries/mkbufpool.o
                                         0x38 (size before relaxing)
 .eh_frame      0x000000000011b7c8       0x20 binaries/newqueue.o
                                         0x38 (size before relaxing)
 .eh_frame      0x000000000011b7e8       0x20 binaries/open.o
                                         0x38 (size before relaxing)
 .eh_frame      0x000000000011b808       0x1c binaries/panic.o
                                         0x34 (size before relaxing)
 .eh_frame      0x000000000011b824      0x1c8 binaries/pci.o
                                        0x1e0 (size before relaxing)
 .eh_frame      0x000000000011b9ec       0x40 binaries/print_ready_list.o
                                         0x58 (size before relaxing)
 .eh_frame      0x000000000011ba2c       0x20 binaries/ptclear.o
                                         0x38 (size before relaxing)
 .eh_frame      0x000000000011ba4c       0x20 binaries/ptcount.o
                                         0x38 (size before relaxing)
 .eh_frame      0x000000000011ba6c       0x20 binaries/ptcreate.o
                                         0x38 (size before relaxing)
 .eh_frame      0x000000000011ba8c       0x20 binaries/ptdelete.o
                                         0x38 (size before relaxing)
 .eh_frame      0x000000000011baac       0x20 binaries/ptinit.o
                                         0x38 (size before relaxing)
 .eh_frame      0x000000000011bacc       0x20 binaries/ptrecv.o
                                         0x38 (size before relaxing)
 .eh_frame      0x000000000011baec       0x20 binaries/ptreset.o
                                         0x38 (size before relaxing)
 .eh_frame      0x000000000011bb0c       0x20 binaries/ptsend.o
                                         0x38 (size before relaxing)
 .eh_frame      0x000000000011bb2c       0x20 binaries/putc.o
                                         0x38 (size before relaxing)
 .eh_frame      0x000000000011bb4c       0x40 binaries/queue.o
                                         0x58 (size before relaxing)
 .eh_frame      0x000000000011bb8c       0x20 binaries/read.o
                                         0x38 (size before relaxing)
 .eh_frame      0x000000000011bbac       0x24 binaries/ready.o
                                         0x3c (size before relaxing)
 .eh_frame      0x000000000011bbd0       0x20 binaries/receive.o
                                         0x38 (size before relaxing)
 .eh_frame      0x000000000011bbf0       0x20 binaries/recvclr.o
                                         0x38 (size before relaxing)
 .eh_frame      0x000000000011bc10       0x20 binaries/recvtime.o
                                         0x38 (size before relaxing)
 .eh_frame      0x000000000011bc30       0x40 binaries/resched.o
                                         0x58 (size before relaxing)
 .eh_frame      0x000000000011bc70       0x20 binaries/resume.o
                                         0x38 (size before relaxing)
 .eh_frame      0x000000000011bc90       0x20 binaries/seek.o
                                         0x38 (size before relaxing)
 .eh_frame      0x000000000011bcb0       0x20 binaries/semcount.o
                                         0x38 (size before relaxing)
 .eh_frame      0x000000000011bcd0       0x40 binaries/semcreate.o
                                         0x58 (size before relaxing)
 .eh_frame      0x000000000011bd10       0x20 binaries/semdelete.o
                                         0x38 (size before relaxing)
 .eh_frame      0x000000000011bd30       0x20 binaries/semreset.o
                                         0x38 (size before relaxing)
 .eh_frame      0x000000000011bd50       0x20 binaries/send.o
                                         0x38 (size before relaxing)
 .eh_frame      0x000000000011bd70       0x20 binaries/signal.o
                                         0x38 (size before relaxing)
 .eh_frame      0x000000000011bd90       0x20 binaries/signaln.o
                                         0x38 (size before relaxing)
 .eh_frame      0x000000000011bdb0       0x40 binaries/sleep.o
                                         0x58 (size before relaxing)
 .eh_frame      0x000000000011bdf0       0x20 binaries/stacktrace.o
                                         0x38 (size before relaxing)
 .eh_frame      0x000000000011be10       0x20 binaries/suspend.o
                                         0x38 (size before relaxing)
 .eh_frame      0x000000000011be30       0x20 binaries/unsleep.o
                                         0x38 (size before relaxing)
 .eh_frame      0x000000000011be50       0x20 binaries/userret.o
                                         0x38 (size before relaxing)
 .eh_frame      0x000000000011be70       0x20 binaries/wait.o
                                         0x38 (size before relaxing)
 .eh_frame      0x000000000011be90       0x20 binaries/wakeup.o
                                         0x38 (size before relaxing)
 .eh_frame      0x000000000011beb0       0x20 binaries/write.o
                                         0x38 (size before relaxing)
 .eh_frame      0x000000000011bed0       0x20 binaries/xdone.o
                                         0x38 (size before relaxing)
 .eh_frame      0x000000000011bef0       0x20 binaries/yield.o
                                         0x38 (size before relaxing)
 .eh_frame      0x000000000011bf10       0x20 binaries/abs.o
                                         0x38 (size before relaxing)
 .eh_frame      0x000000000011bf30       0x20 binaries/atoi.o
                                         0x38 (size before relaxing)
 .eh_frame      0x000000000011bf50       0x20 binaries/atol.o
                                         0x38 (size before relaxing)
 .eh_frame      0x000000000011bf70       0x20 binaries/bzero.o
                                         0x38 (size before relaxing)
 .eh_frame      0x000000000011bf90       0xe0 binaries/doprnt.o
                                         0xf8 (size before relaxing)
 .eh_frame      0x000000000011c070       0xb0 binaries/doscan.o
                                         0xc8 (size before relaxing)
 .eh_frame      0x000000000011c120       0xc0 binaries/fdoprnt.o
                                         0xd8 (size before relaxing)
 .eh_frame      0x000000000011c1e0       0x20 binaries/fgetc.o
                                         0x38 (size before relaxing)
 .eh_frame      0x000000000011c200       0x20 binaries/fgets.o
                                         0x38 (size before relaxing)
 .eh_frame      0x000000000011c220       0x20 binaries/fprintf.o
                                         0x38 (size before relaxing)
 .eh_frame      0x000000000011c240       0x20 binaries/fputc.o
                                         0x38 (size before relaxing)
 .eh_frame      0x000000000011c260       0x20 binaries/fputs.o
                                         0x38 (size before relaxing)
 .eh_frame      0x000000000011c280       0x60 binaries/fscanf.o
                                         0x78 (size before relaxing)
 .eh_frame      0x000000000011c2e0       0x20 binaries/getchar.o
                                         0x38 (size before relaxing)
 .eh_frame      0x000000000011c300       0x20 binaries/labs.o
                                         0x38 (size before relaxing)
 .eh_frame      0x000000000011c320       0x20 binaries/memcmp.o
                                         0x38 (size before relaxing)
 .eh_frame      0x000000000011c340       0x24 binaries/memcpy.o
                                         0x3c (size before relaxing)
 .eh_frame      0x000000000011c364       0x24 binaries/memset.o
                                         0x3c (size before relaxing)
 .eh_frame      0x000000000011c388       0x20 binaries/printf.o
                                         0x38 (size before relaxing)
 .eh_frame      0x000000000011c3a8       0x20 binaries/putchar.o
                                         0x38 (size before relaxing)
 .eh_frame      0x000000000011c3c8       0xa8 binaries/qsort.o
                                         0xc0 (size before relaxing)
 .eh_frame      0x000000000011c470       0x60 binaries/rand.o
                                         0x78 (size before relaxing)
 .eh_frame      0x000000000011c4d0       0x40 binaries/sprintf.o
                                         0x58 (size before relaxing)
 .eh_frame      0x000000000011c510       0x60 binaries/sscanf.o
                                         0x78 (size before relaxing)
 .eh_frame      0x000000000011c570       0x20 binaries/strchr.o
                                         0x38 (size before relaxing)
 .eh_frame      0x000000000011c590       0x20 binaries/strcmp.o
                                         0x38 (size before relaxing)
 .eh_frame      0x000000000011c5b0       0x20 binaries/strcpy.o
                                         0x38 (size before relaxing)
 .eh_frame      0x000000000011c5d0       0x20 binaries/strlen.o
                                         0x38 (size before relaxing)
 .eh_frame      0x000000000011c5f0       0x20 binaries/strncat.o
                                         0x38 (size before relaxing)
 .eh_frame      0x000000000011c610       0x20 binaries/strncmp.o
                                         0x38 (size before relaxing)
 .eh_frame      0x000000000011c630       0x28 binaries/strncpy.o
                                         0x40 (size before relaxing)
 .eh_frame      0x000000000011c658       0x20 binaries/strnlen.o
                                         0x38 (size before relaxing)
 .eh_frame      0x000000000011c678       0x20 binaries/strrchr.o
                                         0x38 (size before relaxing)
 .eh_frame      0x000000000011c698       0x20 binaries/strstr.o
                                         0x38 (size before relaxing)
 .eh_frame      0x000000000011c6b8       0x20 binaries/ttycontrol.o
                                         0x38 (size before relaxing)
 .eh_frame      0x000000000011c6d8       0x20 binaries/ttygetc.o
                                         0x38 (size before relaxing)
 .eh_frame      0x000000000011c6f8       0x80 binaries/ttyhandle_in.o
                                         0x98 (size before relaxing)
 .eh_frame      0x000000000011c778       0x20 binaries/ttyhandle_out.o
                                         0x38 (size before relaxing)
 .eh_frame      0x000000000011c798       0x20 binaries/ttyhandler.o
                                         0x38 (size before relaxing)
 .eh_frame      0x000000000011c7b8       0x20 binaries/ttyinit.o
                                         0x38 (size before relaxing)
 .eh_frame      0x000000000011c7d8       0x20 binaries/ttykickout.o
                                         0x38 (size before relaxing)
 .eh_frame      0x000000000011c7f8       0x20 binaries/ttyputc.o
                                         0x38 (size before relaxing)
 .eh_frame      0x000000000011c818       0x24 binaries/ttyread.o
                                         0x3c (size before relaxing)
 .eh_frame      0x000000000011c83c       0x20 binaries/ttywrite.o
                                         0x38 (size before relaxing)
 .eh_frame      0x000000000011c85c       0x40 binaries/mount.o
                                         0x58 (size before relaxing)
 .eh_frame      0x000000000011c89c       0x20 binaries/naminit.o
                                         0x38 (size before relaxing)
 .eh_frame      0x000000000011c8bc       0x60 binaries/nammap.o
                                         0x78 (size before relaxing)
 .eh_frame      0x000000000011c91c       0x20 binaries/namopen.o
                                         0x38 (size before relaxing)
 .eh_frame      0x000000000011c93c      0x150 binaries/82545EMInit.o
                                        0x168 (size before relaxing)
 .eh_frame      0x000000000011ca8c       0xa0 binaries/ethcontrol.o
                                         0xb8 (size before relaxing)
 .eh_frame      0x000000000011cb2c       0x80 binaries/ethhandler.o
                                         0x98 (size before relaxing)
 .eh_frame      0x000000000011cbac       0x20 binaries/ethinit.o
                                         0x38 (size before relaxing)
 .eh_frame      0x000000000011cbcc       0x60 binaries/ethread.o
                                         0x78 (size before relaxing)
 .eh_frame      0x000000000011cc2c       0x60 binaries/ethwrite.o
                                         0x78 (size before relaxing)
 .eh_frame      0x000000000011cc8c       0x20 binaries/rdsbufalloc.o
                                         0x38 (size before relaxing)
 .eh_frame      0x000000000011ccac       0x20 binaries/rdsclose.o
                                         0x38 (size before relaxing)
 .eh_frame      0x000000000011cccc       0x20 binaries/rdscomm.o
                                         0x38 (size before relaxing)
 .eh_frame      0x000000000011ccec       0x20 binaries/rdscontrol.o
                                         0x38 (size before relaxing)
 .eh_frame      0x000000000011cd0c       0x20 binaries/rdsinit.o
                                         0x38 (size before relaxing)
 .eh_frame      0x000000000011cd2c       0x20 binaries/rdsopen.o
                                         0x38 (size before relaxing)
 .eh_frame      0x000000000011cd4c       0x1c binaries/rdsprocess.o
                                         0x34 (size before relaxing)
 .eh_frame      0x000000000011cd68       0x20 binaries/rdsread.o
                                         0x38 (size before relaxing)
 .eh_frame      0x000000000011cd88       0x20 binaries/rdswrite.o
                                         0x38 (size before relaxing)
 .eh_frame      0x000000000011cda8       0x20 binaries/ramclose.o
                                         0x38 (size before relaxing)
 .eh_frame      0x000000000011cdc8       0x20 binaries/raminit.o
                                         0x38 (size before relaxing)
 .eh_frame      0x000000000011cde8       0x20 binaries/ramopen.o
                                         0x38 (size before relaxing)
 .eh_frame      0x000000000011ce08       0x20 binaries/ramread.o
                                         0x38 (size before relaxing)
 .eh_frame      0x000000000011ce28       0x20 binaries/ramwrite.o
                                         0x38 (size before relaxing)
 .eh_frame      0x000000000011ce48       0x20 binaries/lfdballoc.o
                                         0x38 (size before relaxing)
 .eh_frame      0x000000000011ce68       0x20 binaries/lfdbfree.o
                                         0x38 (size before relaxing)
 .eh_frame      0x000000000011ce88       0x20 binaries/lfflush.o
                                         0x38 (size before relaxing)
 .eh_frame      0x000000000011cea8       0x20 binaries/lfgetmode.o
                                         0x38 (size before relaxing)
 .eh_frame      0x000000000011cec8       0x20 binaries/lfiballoc.o
                                         0x38 (size before relaxing)
 .eh_frame      0x000000000011cee8       0x20 binaries/lfibclear.o
                                         0x38 (size before relaxing)
 .eh_frame      0x000000000011cf08       0x20 binaries/lfibget.o
                                         0x38 (size before relaxing)
 .eh_frame      0x000000000011cf28       0x20 binaries/lfibput.o
                                         0x38 (size before relaxing)
 .eh_frame      0x000000000011cf48       0x20 binaries/lflclose.o
                                         0x38 (size before relaxing)
 .eh_frame      0x000000000011cf68       0x20 binaries/lflcontrol.o
                                         0x38 (size before relaxing)
 .eh_frame      0x000000000011cf88       0x20 binaries/lflgetc.o
                                         0x38 (size before relaxing)
 .eh_frame      0x000000000011cfa8       0x20 binaries/lflinit.o
                                         0x38 (size before relaxing)
 .eh_frame      0x000000000011cfc8       0x20 binaries/lflputc.o
                                         0x38 (size before relaxing)
 .eh_frame      0x000000000011cfe8       0x20 binaries/lflread.o
                                         0x38 (size before relaxing)
 .eh_frame      0x000000000011d008       0x20 binaries/lflseek.o
                                         0x38 (size before relaxing)
 .eh_frame      0x000000000011d028       0x20 binaries/lflwrite.o
                                         0x38 (size before relaxing)
 .eh_frame      0x000000000011d048       0x20 binaries/lfscheck.o
                                         0x38 (size before relaxing)
 .eh_frame      0x000000000011d068       0x20 binaries/lfsckfmt.o
                                         0x38 (size before relaxing)
 .eh_frame      0x000000000011d088       0x20 binaries/lfscreate.o
                                         0x38 (size before relaxing)
 .eh_frame      0x000000000011d0a8       0x20 binaries/lfsetup.o
                                         0x38 (size before relaxing)
 .eh_frame      0x000000000011d0c8       0x20 binaries/lfsinit.o
                                         0x38 (size before relaxing)
 .eh_frame      0x000000000011d0e8       0x20 binaries/lfsopen.o
                                         0x38 (size before relaxing)
 .eh_frame      0x000000000011d108       0x20 binaries/lftruncate.o
                                         0x38 (size before relaxing)
 .eh_frame      0x000000000011d128       0x20 binaries/rflclose.o
                                         0x38 (size before relaxing)
 .eh_frame      0x000000000011d148       0x20 binaries/rflgetc.o
                                         0x38 (size before relaxing)
 .eh_frame      0x000000000011d168       0x20 binaries/rflinit.o
                                         0x38 (size before relaxing)
 .eh_frame      0x000000000011d188       0x20 binaries/rflputc.o
                                         0x38 (size before relaxing)
 .eh_frame      0x000000000011d1a8       0x20 binaries/rflread.o
                                         0x38 (size before relaxing)
 .eh_frame      0x000000000011d1c8       0x20 binaries/rflseek.o
                                         0x38 (size before relaxing)
 .eh_frame      0x000000000011d1e8       0x20 binaries/rflwrite.o
                                         0x38 (size before relaxing)
 .eh_frame      0x000000000011d208       0x20 binaries/rfscomm.o
                                         0x38 (size before relaxing)
 .eh_frame      0x000000000011d228       0x20 binaries/rfscontrol.o
                                         0x38 (size before relaxing)
 .eh_frame      0x000000000011d248       0x20 binaries/rfsgetmode.o
                                         0x38 (size before relaxing)
 .eh_frame      0x000000000011d268       0x20 binaries/rfsinit.o
                                         0x38 (size before relaxing)
 .eh_frame      0x000000000011d288       0x20 binaries/rfsndmsg.o
                                         0x38 (size before relaxing)
 .eh_frame      0x000000000011d2a8       0x20 binaries/rfsopen.o
                                         0x38 (size before relaxing)
 .eh_frame      0x000000000011d2c8       0xc0 binaries/arp.o
                                         0xd8 (size before relaxing)
 .eh_frame      0x000000000011d388       0xa0 binaries/dhcp.o
                                         0xb8 (size before relaxing)
 .eh_frame      0x000000000011d428       0x80 binaries/dns.o
                                         0x98 (size before relaxing)
 .eh_frame      0x000000000011d4a8       0x20 binaries/dot2ip.o
                                         0x38 (size before relaxing)
 .eh_frame      0x000000000011d4c8       0x40 binaries/hexdump.o
                                         0x58 (size before relaxing)
 .eh_frame      0x000000000011d508      0x14c binaries/icmp.o
                                        0x164 (size before relaxing)
 .eh_frame      0x000000000011d654      0x11c binaries/ip.o
                                        0x134 (size before relaxing)
 .eh_frame      0x000000000011d770       0xa0 binaries/net.o
                                         0xb8 (size before relaxing)
 .eh_frame      0x000000000011d810       0x60 binaries/pdump.o
                                         0x78 (size before relaxing)
 .eh_frame      0x000000000011d870       0x60 binaries/tftp.o
                                         0x78 (size before relaxing)
 .eh_frame      0x000000000011d8d0      0x140 binaries/udp.o
                                        0x158 (size before relaxing)
 .eh_frame      0x000000000011da10       0x20 binaries/addargs.o
                                         0x38 (size before relaxing)
 .eh_frame      0x000000000011da30       0x20 binaries/lexan.o
                                         0x38 (size before relaxing)
 .eh_frame      0x000000000011da50       0x20 binaries/shell.o
                                         0x38 (size before relaxing)
 .eh_frame      0x000000000011da70       0x20 binaries/xsh_argecho.o
                                         0x38 (size before relaxing)
 .eh_frame      0x000000000011da90       0x40 binaries/xsh_arp.o
                                         0x58 (size before relaxing)
 .eh_frame      0x000000000011dad0       0x20 binaries/xsh_cat.o
                                         0x38 (size before relaxing)
 .eh_frame      0x000000000011daf0       0x20 binaries/xsh_clear.o
                                         0x38 (size before relaxing)
 .eh_frame      0x000000000011db10       0x20 binaries/xsh_date.o
                                         0x38 (size before relaxing)
 .eh_frame      0x000000000011db30       0x20 binaries/xsh_devdump.o
                                         0x38 (size before relaxing)
 .eh_frame      0x000000000011db50       0x20 binaries/xsh_echo.o
                                         0x38 (size before relaxing)
 .eh_frame      0x000000000011db70       0x20 binaries/xsh_exit.o
                                         0x38 (size before relaxing)
 .eh_frame      0x000000000011db90       0x20 binaries/xsh_help.o
                                         0x38 (size before relaxing)
 .eh_frame      0x000000000011dbb0       0x20 binaries/xsh_kill.o
                                         0x38 (size before relaxing)
 .eh_frame      0x000000000011dbd0       0x40 binaries/xsh_memdump.o
                                         0x58 (size before relaxing)
 .eh_frame      0x000000000011dc10       0x60 binaries/xsh_memstat.o
                                         0x78 (size before relaxing)
 .eh_frame      0x000000000011dc70       0x30 binaries/xsh_netinfo.o
                                         0x48 (size before relaxing)
 .eh_frame      0x000000000011dca0       0x24 binaries/xsh_ping.o
                                         0x3c (size before relaxing)
 .eh_frame      0x000000000011dcc4       0x30 binaries/xsh_ps.o
                                         0x48 (size before relaxing)
 .eh_frame      0x000000000011dcf4       0x20 binaries/xsh_sleep.o
                                         0x38 (size before relaxing)
 .eh_frame      0x000000000011dd14       0x20 binaries/xsh_udpdump.o
                                         0x38 (size before relaxing)
 .eh_frame      0x000000000011dd34       0x30 binaries/xsh_udpecho.o
                                         0x48 (size before relaxing)
 .eh_frame      0x000000000011dd64       0x24 binaries/xsh_udpserver.o
                                         0x3c (size before relaxing)
 .eh_frame      0x000000000011dd88       0x20 binaries/xsh_uptime.o
                                         0x38 (size before relaxing)

.iplt           0x000000000011ddb0        0x0
 .iplt          0x000000000011ddb0        0x0 binaries/start.o

.rel.dyn        0x000000000011dda8        0x0
 .rel.iplt      0x000000000011dda8        0x0 binaries/start.o
 .rel.text      0x000000000011dda8        0x0 binaries/start.o
 .rel.data      0x000000000011dda8        0x0 binaries/start.o
 .rel.rodata    0x000000000011dda8        0x0 binaries/start.o

.data           0x000000000011ddc0     0x1240
                0x000000000011ddc0                data = ABSOLUTE (.)
 *(.data .data.*)
 .data          0x000000000011ddc0      0x460 binaries/start.o
                0x000000000011ddc0                gdt
                0x000000000011de00                gdtr
                0x000000000011de06                idt
                0x000000000011e206                idtr
                0x000000000011e20c                cpudelay
                0x000000000011e210                _bootdev
                0x000000000011e214                _cyloffset
 .data          0x000000000011e220       0x88 binaries/ascdate.o
                0x000000000011e220                Date
 .data          0x000000000011e2a8        0x0 binaries/bufinit.o
 .data          0x000000000011e2a8        0x0 binaries/chprio.o
 .data          0x000000000011e2a8        0x4 binaries/clkhandler.o
 .data          0x000000000011e2ac        0x0 binaries/clkinit.o
 .data          0x000000000011e2ac        0x0 binaries/close.o
 *fill*         0x000000000011e2ac       0x14 
 .data          0x000000000011e2c0      0x5a0 binaries/conf.o
                0x000000000011e2c0                devtab
 .data          0x000000000011e860        0x0 binaries/control.o
 .data          0x000000000011e860        0x4 binaries/create.o
 *fill*         0x000000000011e864       0x1c 
 .data          0x000000000011e880       0x40 binaries/evec.o
                0x000000000011e880                inames
 .data          0x000000000011e8c0        0x0 binaries/exit.o
 .data          0x000000000011e8c0        0x0 binaries/freebuf.o
 .data          0x000000000011e8c0        0x0 binaries/freemem.o
 .data          0x000000000011e8c0        0x0 binaries/getbuf.o
 .data          0x000000000011e8c0        0x0 binaries/getc.o
 .data          0x000000000011e8c0        0x0 binaries/getdev.o
 .data          0x000000000011e8c0        0x0 binaries/getitem.o
 .data          0x000000000011e8c0        0x0 binaries/getmem.o
 .data          0x000000000011e8c0        0x0 binaries/getpid.o
 .data          0x000000000011e8c0        0x0 binaries/getprio.o
 .data          0x000000000011e8c0        0x0 binaries/getstk.o
 .data          0x000000000011e8c0        0x0 binaries/getticks.o
 .data          0x000000000011e8c0        0x0 binaries/gettime.o
 .data          0x000000000011e8c0        0x0 binaries/getutime.o
 .data          0x000000000011e8c0       0x40 binaries/i386.o
                0x000000000011e8c0                gdt_copy
 .data          0x000000000011e900        0x0 binaries/init.o
 .data          0x000000000011e900        0x0 binaries/initialize.o
 .data          0x000000000011e900        0x0 binaries/insert.o
 .data          0x000000000011e900        0x0 binaries/insertd.o
 .data          0x000000000011e900        0x0 binaries/ioerr.o
 .data          0x000000000011e900        0x0 binaries/ionull.o
 .data          0x000000000011e900        0x0 binaries/kill.o
 .data          0x000000000011e900        0x0 binaries/kprintf.o
 .data          0x000000000011e900        0x0 binaries/lottery_sched.o
 .data          0x000000000011e900        0x0 binaries/main.o
 .data          0x000000000011e900        0x0 binaries/mark.o
 .data          0x000000000011e900        0x0 binaries/meminit.o
 .data          0x000000000011e900        0x0 binaries/mkbufpool.o
 .data          0x000000000011e900        0x2 binaries/newqueue.o
 .data          0x000000000011e902        0x0 binaries/open.o
 .data          0x000000000011e902        0x0 binaries/panic.o
 *fill*         0x000000000011e902        0x2 
 .data          0x000000000011e904       0x10 binaries/pci.o
 .data          0x000000000011e914        0x0 binaries/print_ready_list.o
[...]
 .comment       0x000000000000001d       0x1e binaries/dot2ip.o
 .comment       0x000000000000001d       0x1e binaries/hexdump.o
 .comment       0x000000000000001d       0x1e binaries/icmp.o
 .comment       0x000000000000001d       0x1e binaries/ip.o
 .comment       0x000000000000001d       0x1e binaries/net.o
 .comment       0x000000000000001d       0x1e binaries/pdump.o
 .comment       0x000000000000001d       0x1e binaries/tftp.o
 .comment       0x000000000000001d       0x1e binaries/udp.o
 .comment       0x000000000000001d       0x1e binaries/addargs.o
 .comment       0x000000000000001d       0x1e binaries/lexan.o
 .comment       0x000000000000001d       0x1e binaries/shell.o
 .comment       0x000000000000001d       0x1e binaries/xsh_argecho.o
 .comment       0x000000000000001d       0x1e binaries/xsh_arp.o
 .comment       0x000000000000001d       0x1e binaries/xsh_cat.o
 .comment       0x000000000000001d       0x1e binaries/xsh_clear.o
 .comment       0x000000000000001d       0x1e binaries/xsh_date.o
 .comment       0x000000000000001d       0x1e binaries/xsh_devdump.o
 .comment       0x000000000000001d       0x1e binaries/xsh_echo.o
 .comment       0x000000000000001d       0x1e binaries/xsh_exit.o
 .comment       0x000000000000001d       0x1e binaries/xsh_help.o
 .comment       0x000000000000001d       0x1e binaries/xsh_kill.o
 .comment       0x000000000000001d       0x1e binaries/xsh_memdump.o
 .comment       0x000000000000001d       0x1e binaries/xsh_memstat.o
 .comment       0x000000000000001d       0x1e binaries/xsh_netinfo.o
 .comment       0x000000000000001d       0x1e binaries/xsh_ping.o
 .comment       0x000000000000001d       0x1e binaries/xsh_ps.o
 .comment       0x000000000000001d       0x1e binaries/xsh_sleep.o
 .comment       0x000000000000001d       0x1e binaries/xsh_udpdump.o
 .comment       0x000000000000001d       0x1e binaries/xsh_udpecho.o
 .comment       0x000000000000001d       0x1e binaries/xsh_udpserver.o
 .comment       0x000000000000001d       0x1e binaries/xsh_uptime.o

.note.GNU-stack
                0x0000000000000000        0x0
 .note.GNU-stack
                0x0000000000000000        0x0 binaries/ascdate.o
 .note.GNU-stack
                0x0000000000000000        0x0 binaries/bufinit.o
 .note.GNU-stack
                0x0000000000000000        0x0 binaries/chprio.o
 .note.GNU-stack
                0x0000000000000000        0x0 binaries/clkhandler.o
 .note.GNU-stack
                0x0000000000000000        0x0 binaries/clkinit.o
 .note.GNU-stack
                0x0000000000000000        0x0 binaries/close.o
 .note.GNU-stack
                0x0000000000000000        0x0 binaries/conf.o
 .note.GNU-stack
                0x0000000000000000        0x0 binaries/control.o
 .note.GNU-stack
                0x0000000000000000        0x0 binaries/create.o
 .note.GNU-stack
                0x0000000000000000        0x0 binaries/evec.o
 .note.GNU-stack
                0x0000000000000000        0x0 binaries/exit.o
 .note.GNU-stack
                0x0000000000000000        0x0 binaries/freebuf.o
 .note.GNU-stack
                0x0000000000000000        0x0 binaries/freemem.o
 .note.GNU-stack
                0x0000000000000000        0x0 binaries/getbuf.o
 .note.GNU-stack
                0x0000000000000000        0x0 binaries/getc.o
 .note.GNU-stack
                0x0000000000000000        0x0 binaries/getdev.o
 .note.GNU-stack
                0x0000000000000000        0x0 binaries/getitem.o
 .note.GNU-stack
                0x0000000000000000        0x0 binaries/getmem.o
 .note.GNU-stack
                0x0000000000000000        0x0 binaries/getpid.o
 .note.GNU-stack
                0x0000000000000000        0x0 binaries/getprio.o
 .note.GNU-stack
                0x0000000000000000        0x0 binaries/getstk.o
 .note.GNU-stack
                0x0000000000000000        0x0 binaries/getticks.o
 .note.GNU-stack
                0x0000000000000000        0x0 binaries/gettime.o
 .note.GNU-stack
                0x0000000000000000        0x0 binaries/getutime.o
 .note.GNU-stack
                0x0000000000000000        0x0 binaries/i386.o
 .note.GNU-stack
                0x0000000000000000        0x0 binaries/init.o
 .note.GNU-stack
                0x0000000000000000        0x0 binaries/initialize.o
 .note.GNU-stack
                0x0000000000000000        0x0 binaries/insert.o
 .note.GNU-stack
                0x0000000000000000        0x0 binaries/insertd.o
 .note.GNU-stack
                0x0000000000000000        0x0 binaries/ioerr.o
 .note.GNU-stack
                0x0000000000000000        0x0 binaries/ionull.o
 .note.GNU-stack
                0x0000000000000000        0x0 binaries/kill.o
 .note.GNU-stack
                0x0000000000000000        0x0 binaries/kprintf.o
 .note.GNU-stack
                0x0000000000000000        0x0 binaries/lottery_sched.o
 .note.GNU-stack
                0x0000000000000000        0x0 binaries/main.o
 .note.GNU-stack
                0x0000000000000000        0x0 binaries/mark.o
 .note.GNU-stack
                0x0000000000000000        0x0 binaries/meminit.o
 .note.GNU-stack
                0x0000000000000000        0x0 binaries/mkbufpool.o
 .note.GNU-stack
                0x0000000000000000        0x0 binaries/newqueue.o
 .note.GNU-stack
                0x0000000000000000        0x0 binaries/open.o
 .note.GNU-stack
                0x0000000000000000        0x0 binaries/panic.o
 .note.GNU-stack
                0x0000000000000000        0x0 binaries/pci.o
 .note.GNU-stack
                0x0000000000000000        0x0 binaries/print_ready_list.o
 .note.GNU-stack
                0x0000000000000000        0x0 binaries/ptclear.o
 .note.GNU-stack
                0x0000000000000000        0x0 binaries/ptcount.o
 .note.GNU-stack
                0x0000000000000000        0x0 binaries/ptcreate.o
 .note.GNU-stack
                0x0000000000000000        0x0 binaries/ptdelete.o
 .note.GNU-stack
                0x0000000000000000        0x0 binaries/ptinit.o
 .note.GNU-stack
                0x0000000000000000        0x0 binaries/ptrecv.o
 .note.GNU-stack
                0x0000000000000000        0x0 binaries/ptreset.o
 .note.GNU-stack
                0x0000000000000000        0x0 binaries/ptsend.o
 .note.GNU-stack
                0x0000000000000000        0x0 binaries/putc.o
 .note.GNU-stack
                0x0000000000000000        0x0 binaries/queue.o
 .note.GNU-stack
                0x0000000000000000        0x0 binaries/read.o
 .note.GNU-stack
                0x0000000000000000        0x0 binaries/ready.o
 .note.GNU-stack
                0x0000000000000000        0x0 binaries/receive.o
 .note.GNU-stack
                0x0000000000000000        0x0 binaries/recvclr.o
 .note.GNU-stack
                0x0000000000000000        0x0 binaries/recvtime.o
 .note.GNU-stack
                0x0000000000000000        0x0 binaries/resched.o
 .note.GNU-stack
                0x0000000000000000        0x0 binaries/resume.o
 .note.GNU-stack
                0x0000000000000000        0x0 binaries/seek.o
 .note.GNU-stack
                0x0000000000000000        0x0 binaries/semcount.o
 .note.GNU-stack
                0x0000000000000000        0x0 binaries/semcreate.o
 .note.GNU-stack
                0x0000000000000000        0x0 binaries/semdelete.o
 .note.GNU-stack
                0x0000000000000000        0x0 binaries/semreset.o
 .note.GNU-stack
                0x0000000000000000        0x0 binaries/send.o
 .note.GNU-stack
                0x0000000000000000        0x0 binaries/signal.o
 .note.GNU-stack
                0x0000000000000000        0x0 binaries/signaln.o
 .note.GNU-stack
                0x0000000000000000        0x0 binaries/sleep.o
 .note.GNU-stack
                0x0000000000000000        0x0 binaries/stacktrace.o
 .note.GNU-stack
                0x0000000000000000        0x0 binaries/suspend.o
 .note.GNU-stack
                0x0000000000000000        0x0 binaries/unsleep.o
 .note.GNU-stack
                0x0000000000000000        0x0 binaries/userret.o
 .note.GNU-stack
                0x0000000000000000        0x0 binaries/wait.o
 .note.GNU-stack
                0x0000000000000000        0x0 binaries/wakeup.o
 .note.GNU-stack
                0x0000000000000000        0x0 binaries/write.o
 .note.GNU-stack
                0x0000000000000000        0x0 binaries/xdone.o
 .note.GNU-stack
                0x0000000000000000        0x0 binaries/yield.o
 .note.GNU-stack
                0x0000000000000000        0x0 binaries/abs.o
 .note.GNU-stack
                0x0000000000000000        0x0 binaries/atoi.o
 .note.GNU-stack
                0x0000000000000000        0x0 binaries/atol.o
 .note.GNU-stack
                0x0000000000000000        0x0 binaries/bzero.o
 .note.GNU-stack
                0x0000000000000000        0x0 binaries/ctype_.o
 .note.GNU-stack
                0x0000000000000000        0x0 binaries/doprnt.o
 .note.GNU-stack
                0x0000000000000000        0x0 binaries/doscan.o
 .note.GNU-stack
                0x0000000000000000        0x0 binaries/fdoprnt.o
 .note.GNU-stack
                0x0000000000000000        0x0 binaries/fgetc.o
 .note.GNU-stack
                0x0000000000000000        0x0 binaries/fgets.o
 .note.GNU-stack
                0x0000000000000000        0x0 binaries/fprintf.o
 .note.GNU-stack
                0x0000000000000000        0x0 binaries/fputc.o
 .note.GNU-stack
                0x0000000000000000        0x0 binaries/fputs.o
 .note.GNU-stack
                0x0000000000000000        0x0 binaries/fscanf.o
 .note.GNU-stack
                0x0000000000000000        0x0 binaries/getchar.o
 .note.GNU-stack
                0x0000000000000000        0x0 binaries/labs.o
 .note.GNU-stack
                0x0000000000000000        0x0 binaries/memchr.o
 .note.GNU-stack
                0x0000000000000000        0x0 binaries/memcmp.o
 .note.GNU-stack
                0x0000000000000000        0x0 binaries/memcpy.o
 .note.GNU-stack
                0x0000000000000000        0x0 binaries/memset.o
 .note.GNU-stack
                0x0000000000000000        0x0 binaries/printf.o
 .note.GNU-stack
                0x0000000000000000        0x0 binaries/putchar.o
 .note.GNU-stack
                0x0000000000000000        0x0 binaries/qsort.o
 .note.GNU-stack
                0x0000000000000000        0x0 binaries/rand.o
 .note.GNU-stack
                0x0000000000000000        0x0 binaries/sprintf.o
 .note.GNU-stack
                0x0000000000000000        0x0 binaries/sscanf.o
 .note.GNU-stack
                0x0000000000000000        0x0 binaries/strchr.o
 .note.GNU-stack
                0x0000000000000000        0x0 binaries/strcmp.o
 .note.GNU-stack
                0x0000000000000000        0x0 binaries/strcpy.o
 .note.GNU-stack
                0x0000000000000000        0x0 binaries/strlen.o
 .note.GNU-stack
                0x0000000000000000        0x0 binaries/strncat.o
 .note.GNU-stack
                0x0000000000000000        0x0 binaries/strncmp.o
 .note.GNU-stack
                0x0000000000000000        0x0 binaries/strncpy.o
 .note.GNU-stack
                0x0000000000000000        0x0 binaries/strnlen.o
 .note.GNU-stack
                0x0000000000000000        0x0 binaries/strrchr.o
 .note.GNU-stack
                0x0000000000000000        0x0 binaries/strstr.o
 .note.GNU-stack
                0x0000000000000000        0x0 binaries/ttycontrol.o
 .note.GNU-stack
                0x0000000000000000        0x0 binaries/ttygetc.o
 .note.GNU-stack
                0x0000000000000000        0x0 binaries/ttyhandle_in.o
 .note.GNU-stack
                0x0000000000000000        0x0 binaries/ttyhandle_out.o
 .note.GNU-stack
                0x0000000000000000        0x0 binaries/ttyhandler.o
 .note.GNU-stack
                0x0000000000000000        0x0 binaries/ttyinit.o
 .note.GNU-stack
                0x0000000000000000        0x0 binaries/ttykickout.o
 .note.GNU-stack
                0x0000000000000000        0x0 binaries/ttyputc.o
 .note.GNU-stack
                0x0000000000000000        0x0 binaries/ttyread.o
 .note.GNU-stack
                0x0000000000000000        0x0 binaries/ttywrite.o
 .note.GNU-stack
                0x0000000000000000        0x0 binaries/mount.o
 .note.GNU-stack
                0x0000000000000000        0x0 binaries/naminit.o
 .note.GNU-stack
                0x0000000000000000        0x0 binaries/nammap.o
 .note.GNU-stack
                0x0000000000000000        0x0 binaries/namopen.o
 .note.GNU-stack
                0x0000000000000000        0x0 binaries/82545EMInit.o
 .note.GNU-stack
                0x0000000000000000        0x0 binaries/ethcontrol.o
 .note.GNU-stack
                0x0000000000000000        0x0 binaries/ethhandler.o
 .note.GNU-stack
                0x0000000000000000        0x0 binaries/ethinit.o
 .note.GNU-stack
                0x0000000000000000        0x0 binaries/ethread.o
 .note.GNU-stack
                0x0000000000000000        0x0 binaries/ethwrite.o
 .note.GNU-stack
                0x0000000000000000        0x0 binaries/rdsbufalloc.o
 .note.GNU-stack
                0x0000000000000000        0x0 binaries/rdsclose.o
 .note.GNU-stack
                0x0000000000000000        0x0 binaries/rdscomm.o
 .note.GNU-stack
                0x0000000000000000        0x0 binaries/rdscontrol.o
 .note.GNU-stack
                0x0000000000000000        0x0 binaries/rdsinit.o
 .note.GNU-stack
                0x0000000000000000        0x0 binaries/rdsopen.o
 .note.GNU-stack
                0x0000000000000000        0x0 binaries/rdsprocess.o
 .note.GNU-stack
                0x0000000000000000        0x0 binaries/rdsread.o
 .note.GNU-stack
                0x0000000000000000        0x0 binaries/rdswrite.o
 .note.GNU-stack
                0x0000000000000000        0x0 binaries/ramclose.o
 .note.GNU-stack
                0x0000000000000000        0x0 binaries/raminit.o
 .note.GNU-stack
                0x0000000000000000        0x0 binaries/ramopen.o
 .note.GNU-stack
                0x0000000000000000        0x0 binaries/ramread.o
 .note.GNU-stack
                0x0000000000000000        0x0 binaries/ramwrite.o
 .note.GNU-stack
                0x0000000000000000        0x0 binaries/lfdballoc.o
 .note.GNU-stack
                0x0000000000000000        0x0 binaries/lfdbfree.o
 .note.GNU-stack
                0x0000000000000000        0x0 binaries/lfflush.o
 .note.GNU-stack
                0x0000000000000000        0x0 binaries/lfgetmode.o
 .note.GNU-stack
                0x0000000000000000        0x0 binaries/lfiballoc.o
 .note.GNU-stack
                0x0000000000000000        0x0 binaries/lfibclear.o
 .note.GNU-stack
                0x0000000000000000        0x0 binaries/lfibget.o
 .note.GNU-stack
                0x0000000000000000        0x0 binaries/lfibput.o
 .note.GNU-stack
                0x0000000000000000        0x0 binaries/lflclose.o
 .note.GNU-stack
                0x0000000000000000        0x0 binaries/lflcontrol.o
 .note.GNU-stack
                0x0000000000000000        0x0 binaries/lflgetc.o
 .note.GNU-stack
                0x0000000000000000        0x0 binaries/lflinit.o
 .note.GNU-stack
                0x0000000000000000        0x0 binaries/lflputc.o
 .note.GNU-stack
                0x0000000000000000        0x0 binaries/lflread.o
 .note.GNU-stack
                0x0000000000000000        0x0 binaries/lflseek.o
 .note.GNU-stack
                0x0000000000000000        0x0 binaries/lflwrite.o
 .note.GNU-stack
                0x0000000000000000        0x0 binaries/lfscheck.o
 .note.GNU-stack
                0x0000000000000000        0x0 binaries/lfsckfmt.o
 .note.GNU-stack
                0x0000000000000000        0x0 binaries/lfscreate.o
 .note.GNU-stack
                0x0000000000000000        0x0 binaries/lfsetup.o
 .note.GNU-stack
                0x0000000000000000        0x0 binaries/lfsinit.o
 .note.GNU-stack
                0x0000000000000000        0x0 binaries/lfsopen.o
 .note.GNU-stack
                0x0000000000000000        0x0 binaries/lftruncate.o
 .note.GNU-stack
                0x0000000000000000        0x0 binaries/rflclose.o
 .note.GNU-stack
                0x0000000000000000        0x0 binaries/rflgetc.o
 .note.GNU-stack
                0x0000000000000000        0x0 binaries/rflinit.o
 .note.GNU-stack
                0x0000000000000000        0x0 binaries/rflputc.o
 .note.GNU-stack
                0x0000000000000000        0x0 binaries/rflread.o
 .note.GNU-stack
                0x0000000000000000        0x0 binaries/rflseek.o
 .note.GNU-stack
                0x0000000000000000        0x0 binaries/rflwrite.o
 .note.GNU-stack
                0x0000000000000000        0x0 binaries/rfscomm.o
 .note.GNU-stack
                0x0000000000000000        0x0 binaries/rfscontrol.o
 .note.GNU-stack
                0x0000000000000000        0x0 binaries/rfsgetmode.o
 .note.GNU-stack
                0x0000000000000000        0x0 binaries/rfsinit.o
 .note.GNU-stack
                0x0000000000000000        0x0 binaries/rfsndmsg.o
 .note.GNU-stack
                0x0000000000000000        0x0 binaries/rfsopen.o
 .note.GNU-stack
                0x0000000000000000        0x0 binaries/arp.o
 .note.GNU-stack
                0x0000000000000000        0x0 binaries/dhcp.o
 .note.GNU-stack
                0x0000000000000000        0x0 binaries/dns.o
 .note.GNU-stack
                0x0000000000000000        0x0 binaries/dot2ip.o
 .note.GNU-stack
                0x0000000000000000        0x0 binaries/hexdump.o
 .note.GNU-stack
                0x0000000000000000        0x0 binaries/icmp.o
 .note.GNU-stack
                0x0000000000000000        0x0 binaries/ip.o
 .note.GNU-stack
                0x0000000000000000        0x0 binaries/net.o
 .note.GNU-stack
                0x0000000000000000        0x0 binaries/pdump.o
 .note.GNU-stack
                0x0000000000000000        0x0 binaries/tftp.o
 .note.GNU-stack
                0x0000000000000000        0x0 binaries/udp.o
 .note.GNU-stack
                0x0000000000000000        0x0 binaries/addargs.o
 .note.GNU-stack
                0x0000000000000000        0x0 binaries/lexan.o
 .note.GNU-stack
                0x0000000000000000        0x0 binaries/shell.o
 .note.GNU-stack
                0x0000000000000000        0x0 binaries/xsh_argecho.o
 .note.GNU-stack
                0x0000000000000000        0x0 binaries/xsh_arp.o
 .note.GNU-stack
                0x0000000000000000        0x0 binaries/xsh_cat.o
 .note.GNU-stack
                0x0000000000000000        0x0 binaries/xsh_clear.o
 .note.GNU-stack
                0x0000000000000000        0x0 binaries/xsh_date.o
 .note.GNU-stack
                0x0000000000000000        0x0 binaries/xsh_devdump.o
 .note.GNU-stack
                0x0000000000000000        0x0 binaries/xsh_echo.o
 .note.GNU-stack
                0x0000000000000000        0x0 binaries/xsh_exit.o
 .note.GNU-stack
                0x0000000000000000        0x0 binaries/xsh_help.o
 .note.GNU-stack
                0x0000000000000000        0x0 binaries/xsh_kill.o
 .note.GNU-stack
                0x0000000000000000        0x0 binaries/xsh_memdump.o
 .note.GNU-stack
                0x0000000000000000        0x0 binaries/xsh_memstat.o
 .note.GNU-stack
                0x0000000000000000        0x0 binaries/xsh_netinfo.o
 .note.GNU-stack
                0x0000000000000000        0x0 binaries/xsh_ping.o
 .note.GNU-stack
                0x0000000000000000        0x0 binaries/xsh_ps.o
 .note.GNU-stack
                0x0000000000000000        0x0 binaries/xsh_sleep.o
 .note.GNU-stack
                0x0000000000000000        0x0 binaries/xsh_udpdump.o
 .note.GNU-stack
                0x0000000000000000        0x0 binaries/xsh_udpecho.o
 .note.GNU-stack
                0x0000000000000000        0x0 binaries/xsh_udpserver.o
 .note.GNU-stack
                0x0000000000000000        0x0 binaries/xsh_uptime.o
